W/PackageManager(  750): Unknown permission com.htc.adwagent.permission.ACCESS_ADW_PROVIDER in package com.htc.android.worldclock
W/PackageManager(  750): Unknown permission com.htc.adwagent.permission.RECEIVE_ADW_COMMAND in package com.htc.task
W/PackageManager(  750): Unknown permission com.htc.adwagent.permission.ACCESS_ADW_PROVIDER in package com.htc.task
W/PackageManager(  750): Unknown permission htc.permission.weather.USE_DATA in package com.htc.task
D/PMS     (  750): acquireWL(4352c550): PARTIAL_WAKE_LOCK  NlpWakeLock 0x1 1356 10031
D/PMS     (  750): releaseWL(4422ac58): PARTIAL_WAKE_LOCK  AlarmManager 0x1
D/PMS     (  750): acquireWL(431e3ff8): PARTIAL_WAKE_LOCK  NlpWakeLock 0x1 1356 10031
D/WifiService(  750): acquireWifiLockLocked: WifiLock{NlpWifiLock type=2 binder=android.os.BinderProxy@42bb9e20}
I/ActivityManager(  750): Force stopping com.iconsult.clement appid=10362 user=0: pkg removed
D/BatSI   (  750): WIFI scan started for: 471a0022 uid:10031
D/PMS     (  750): releaseWL(4352c550): PARTIAL_WAKE_LOCK  NlpWakeLock 0x1
I/ActivityManager(  750): Start proc com.android.keychain for broadcast com.android.keychain/.KeyChainBroadcastReceiver: pid=29868 uid=1000 gids={41000, 5006, 5001, 1028, 1015, 3002, 3001, 3003, 5012, 9985, 1023, 5011, 3006, 1007}
I/PackageManager(  750): Adding preferred activity ComponentInfo{com.hellotext.hello/com.hellotext.MainActivity} for user 0, uid:1001, pid:1032 :
I/PackageManager(  750): Adding preferred activity ComponentInfo{com.hellotext.hello/com.hellotext.MainActivity} for user 0, uid:1001, pid:1032 :
W/InputMethodInfo(  750): Duplicated subtype definition found: , voice
I/InputMethodManagerService(  750): [buildInputMethodListLocked] defaultImiId=com.htc.sense.ime/.HTCIMEService, resetDefaultEnabledIme=false
I/PackageManager(  750): Adding preferred activity ComponentInfo{com.hellotext.hello/com.hellotext.MainActivity} for user 0, uid:1001, pid:1032 :
I/PackageManager(  750): Adding preferred activity ComponentInfo{com.hellotext.hello/com.hellotext.MainActivity} for user 0, uid:1001, pid:1032 :
W/ContextImpl(29868): Calling a method in the system process without a qualified user: android.app.ContextImpl.startService:1727 android.content.ContextWrapper.startService:501 android.content.ContextWrapper.startService:501 com.android.keychain.KeyChainBroadcastReceiver.onReceive:12 android.app.ActivityThread.handleReceiver:2833 
I/PackageManager(  750): Adding preferred activity ComponentInfo{com.hellotext.hello/com.hellotext.MainActivity} for user 0, uid:1001, pid:1032 :
I/PackageManager(  750): Adding preferred activity ComponentInfo{com.hellotext.hello/com.hellotext.MainActivity} for user 0, uid:1001, pid:1032 :
I/PackageManager(  750): Adding preferred activity ComponentInfo{com.hellotext.hello/com.hellotext.MainActivity} for user 0, uid:1001, pid:1032 :
I/PackageManager(  750): Adding preferred activity ComponentInfo{com.hellotext.hello/com.hellotext.MainActivity} for user 0, uid:1001, pid:1032 :
I/PackageManager(  750): Adding preferred activity ComponentInfo{com.hellotext.hello/com.hellotext.MainActivity} for user 0, uid:1001, pid:1032 :
I/PackageManager(  750): Adding preferred activity ComponentInfo{com.hellotext.hello/com.hellotext.MainActivity} for user 0, uid:1001, pid:1032 :
I/PackageManager(  750): Adding preferred activity ComponentInfo{com.hellotext.hello/com.hellotext.MainActivity} for user 0, uid:1001, pid:1032 :
D/PMS     (  750): acquireWL(42ec4970): PARTIAL_WAKE_LOCK  wake:com.google.android.gms/.config.ConfigFetchService 0x1 22590 10031
I/PackageManager(  750): Adding preferred activity ComponentInfo{com.hellotext.hello/com.hellotext.MainActivity} for user 0, uid:1001, pid:1032 :
I/PackageManager(  750): Adding preferred activity ComponentInfo{com.hellotext.hello/com.hellotext.MainActivity} for user 0, uid:1001, pid:1032 :
I/PackageManager(  750): Adding preferred activity ComponentInfo{com.hellotext.hello/com.hellotext.MainActivity} for user 0, uid:1001, pid:1032 :
I/PackageManager(  750): Adding preferred activity ComponentInfo{com.hellotext.hello/com.hellotext.MainActivity} for user 0, uid:1001, pid:1032 :
I/PackageManager(  750): Adding preferred activity ComponentInfo{com.hellotext.hello/com.hellotext.MainActivity} for user 0, uid:1001, pid:1032 :
I/PackageManager(  750): Adding preferred activity ComponentInfo{com.hellotext.hello/com.hellotext.MainActivity} for user 0, uid:1001, pid:1032 :
I/PackageManager(  750): Adding preferred activity ComponentInfo{com.hellotext.hello/com.hellotext.MainActivity} for user 0, uid:1001, pid:1032 :
I/PackageManager(  750): Adding preferred activity ComponentInfo{com.hellotext.hello/com.hellotext.MainActivity} for user 0, uid:1001, pid:1032 :
I/PackageManager(  750): Adding preferred activity ComponentInfo{com.hellotext.hello/com.hellotext.MainActivity} for user 0, uid:1001, pid:1032 :
I/PackageManager(  750): Adding preferred activity ComponentInfo{com.hellotext.hello/com.hellotext.MainActivity} for user 0, uid:1001, pid:1032 :
I/PackageManager(  750): Adding preferred activity ComponentInfo{com.hellotext.hello/com.hellotext.MainActivity} for user 0, uid:1001, pid:1032 :
I/PackageManager(  750): Adding preferred activity ComponentInfo{com.hellotext.hello/com.hellotext.MainActivity} for user 0, uid:1001, pid:1032 :
I/PackageManager(  750): Adding preferred activity ComponentInfo{com.hellotext.hello/com.hellotext.MainActivity} for user 0, uid:1001, pid:1032 :
I/ActivityManager(  750): Start proc com.google.android.gms.ui for broadcast com.google.android.gms/com.google.android.location.settings.PackageChangeReceiver: pid=29911 uid=10031 gids={50031, 3003, 5012, 1007, 3002, 3001, 1028, 1015, 3007, 2001, 3006}
D/PMS     (  750): acquireWL(42f28e88): PARTIAL_WAKE_LOCK  Icing 0x1 22590 10031
D/PMS     (  750): releaseWL(42f28e88): PARTIAL_WAKE_LOCK  Icing 0x1
--------- beginning of /dev/log/main
D/AccTypeManager( 1138): Registering external account type=com.htc.linkedin, packageName=com.htc.sense.linkedin
D/CustomizationManager(29907):  Read CID file spent 0.196 (s)
D/CustomizationManager(29907):  All configurations done spent 0.196 (s)
E/memtrack(29907): Couldn't load memtrack module (No such file or directory)
E/android.os.Debug(29907): failed to load memtrack module: -2
D/AccTypeManager( 1138): Registering external account type=com.htc.socialnetwork.plurk, packageName=com.htc.sense.socialnetwork.plurk
W/CpuWake (  750): >>nativeAcquireCpuPerfWakeLock()
W/CpuWake (  750): <<nativeAcquireCpuPerfWakeLock()
W/CpuWake (  750): >>acquire mCpuPerf_cpu_count wakelock
W/CpuWake (  750): <<acquire mCpuPerf_cpu_count wakelock
W/CpuWake (  750): >>acquire mCpuPerf_Freq wakelock
W/CpuWake (  750): <<acquire mCpuPerf_Freq wakelock
I/ActivityManager(  750): START u0 {act=android.intent.action.MAIN flg=0x10000000 cmp=com.iconsult.clement/.CordovaApp} from pid 29907
I/ProviderInstaller(29911): Insert disabled by gate 'gms:security:enable_conscrypt_in_gms_application'
I/Intent  (  750): @test_code: getHtcIntentFlag: 0 obj: 1139202712
D/PMS     (  750): acquireHCC(43cb4f98): CPU_MIN_NUM ActivityManager-MultiCore-Num 0x400 750 1000
D/PMS     (  750): acquireHCC(43c9a0a8): CPU_MIN_FREQ ActivityManager-MultiCore-Freq 0x100 750 1000
D/PMS     (  750): acquireWL(435ae328): PARTIAL_WAKE_LOCK  ActivityManager-Launch 0x1 750 1000
I/ActivityManager(  750): Start proc com.iconsult.clement for activity com.iconsult.clement/.CordovaApp: pid=29944 uid=10362 gids={50362, 3003, 5012, 1028, 1015}
I/[PluginManager]RegisterService(23922): onHandleIntent, action: android.intent.action.PACKAGE_REMOVED, data: package:com.iconsult.clement
I/ActivityManager(  750): Start proc com.htc.launcher for broadcast com.htc.launcher/.receiver.PackageStateReceiver: pid=29958 uid=10075 gids={50075, 3003, 5012, 1028, 1015, 5001, 1023}
I/[PluginManager]RegisterService(23922): handle notify Blinkfeed plugin client changed
I/CordovaLog(29944): Changing log level to DEBUG(3)
D/CordovaActivity(29944): CordovaActivity.init()
D/Process (  750): killProcessQuiet, pid=28974
D/Process (  750): com.android.server.am.ActivityManagerService.killUnneededProcessLocked:7565 com.android.server.am.ActivityManagerService.updateOomAdjLocked:17027 com.android.server.am.ActivityManagerService.updateOomAdjLocked:16871 
I/ActivityManager(  750): Killing 28974:com.ifttt.ifttt/u0a248 (adj 15): empty #17
I/ActivityManager(  750): Recipient 28974
E/ExternalAccountType( 1138): Unsupported attribute readOnly
V/WebViewChromiumFactoryProvider(29944): Binding Chromium to main looper Looper (main, tid 1) {41b06798}
I/LibraryLoader(29944): Expected native library version number "",actual native library version number ""
I/chromium(29944): [INFO:library_loader_hooks.cc(116)] Chromium logging enabled: level = 0, default verbosity = 0
I/BrowserStartupController(29944): Initializing chromium process, renderers=0
E/AudioManagerAndroid(29944): BLUETOOTH permission is missing!
D/PMS     (  750): acquireWL(4333a738): PARTIAL_WAKE_LOCK  AudioMix 0x1 271 1013
D/PMS     (  750): acquireWL(433049f0): PARTIAL_WAKE_LOCK  AudioMix 0x1 271 1013
D/PMS     (  750): releaseWL(433049f0): PARTIAL_WAKE_LOCK  AudioMix 0x1
I/Adreno-EGL(29944): <qeglDrvAPI_eglInitialize:381>: EGL 1.4 QUALCOMM build: MINGHSUC_AU_LINUX_ANDROID_KK_2.7_RB1.04.04.02.007.047+PATCH[ES]_msm8960_refs/tags/AU_LINUX_ANDROID_KK_2.7_RB1.04.04.02.007.047__release_ENGG ()
I/Adreno-EGL(29944): OpenGL ES Shader Compiler Version: 17.01.12.SPL
I/Adreno-EGL(29944): Build Date: 03/25/14 Tue
I/Adreno-EGL(29944): Local Branch: 
I/Adreno-EGL(29944): Remote Branch: refs/tags/AU_LINUX_ANDROID_KK_2.7_RB1.04.04.02.007.047
I/Adreno-EGL(29944): Local Patches: c29912293421482fd51b7f36b91ae584f9993d66 Add support for KIT_KAT
I/Adreno-EGL(29944):                  4b5d3e5bcfa9d9563f740840d7258e1c1efa6d5a egl14: add EGL_ANDROID_image_crop support
I/Adreno-EGL(29944): Recon
W/chromium(29944): [WARNING:proxy_service.cc(890)] PAC support disabled because there is no system implementation
I/Prism.ExternalStringMa_(29958): changeLocale(): en_SG
D/CordovaWebView(29944): CordovaWebView is running on device made by: HTC
D/CordovaActivity(29944): CordovaActivity.createViews()
D/CordovaWebView(29944): >>> loadUrl(file:///android_asset/www/index.html)
D/PluginManager(29944): init()
D/CordovaWebView(29944): >>> loadUrlNow()
D/CordovaActivity(29944): Resuming the App
D/AudioManagerAndroid(29944): ==> onReceive: s=0, m=0, n=Headset, sb=true
D/AudioManagerAndroid(29944): reportUpdate: state=0, devices=[Speakerphone, Headset earpiece]
D/SoftKeyboardDetect(29944): Ignore this event
W/ResourceType(29944): No package identifier when getting name for resource number 0x00000064
I/ActivityManager(  750): Displayed com.iconsult.clement/.CordovaApp: +559ms
I/InputMethodManager(29944): [startInputInner] EditorInfo { packageName=com.iconsult.clement, inputType=0xa1, imeOptions=0x12000000, privateImeOptions=null }, windowGainingFocus=android.view.ViewRootImpl$W@41b49fa8, mServedView=org.apache.cordova.CordovaWebView{41b17268 IFEDH.C. .F....I. 0,0-1080,1920 #64}
D/SoftKeyboardDetect(29944): Ignore this event
I/InputMethodManagerService(  750): Disable input method client, pid=1059
I/InputMethodManagerService(  750): Enable input method client, pid=29944
I/HighlightSelectCacheHelper(29958): [custom highlight] loadHighlightSelection()
D/PMS     (  750): releaseWL(435ae328): PARTIAL_WAKE_LOCK  ActivityManager-Launch 0x1
D/PhoneStatusBar(  919): Status bar WINDOW_STATE_HIDING
I/wpa_supplicant( 7198): Got an original EVENT_SCAN_RESULTS
I/wpa_supplicant( 7198): nl80211: Received scan results (10 BSSes)
I/wpa_supplicant( 7198): nl80211: Scan results indicate BSS status with e8:94:f6:ba:c9:94 as associated
I/wpa_supplicant( 7198): [titan] e8:94:f6:ba:c9:94 freq=2462 level=-55
I/wpa_supplicant( 7198): [VFI_GUEST] 64:87:88:34:67:00 freq=2437 level=-61
I/wpa_supplicant( 7198): [VFI_LAN] 64:87:88:34:67:02 freq=2437 level=-67
I/wpa_supplicant( 7198): [G6 Service Center] 00:18:0a:d7:2a:a0 freq=2437 level=-70
I/wpa_supplicant( 7198): [Assist] 00:1c:c5:08:8a:e0 freq=2462 level=-82
I/wpa_supplicant( 7198): [TmEnergy1] 4c:60:de:2f:4e:ca freq=2412 level=-82
I/wpa_supplicant( 7198): [G6 Service Center] 00:18:0a:d6:a0:70 freq=2462 level=-85
I/wpa_supplicant( 7198): [VFI_LAN] 64:87:88:34:67:03 freq=5805 level=-81
I/wpa_supplicant( 7198): [VFI_GUEST] 64:87:88:34:67:01 freq=5805 level=-82
I/wpa_supplicant( 7198): [G6 Service Center] 02:18:1a:d7:2a:a0 freq=5180 level=-85
D/WifiStateMachine(  750): [MLHD] enter handleMediaLinkEvent SupplicantStartedState
D/WifiNative-wlan0(  750): doString: LIST_DONGLES
W/WifiHW  (  750): QCOM Debug wifi_send_command "IFNAME=wlan0 LIST_DONGLES"
D/WifiNative-wlan0(  750): doString: BSS RANGE=0- MASK=0x21987
D/Tethering(  750): interfaceLinkStateChanged wlan0, true
W/WifiHW  (  750): QCOM Debug wifi_send_command "IFNAME=wlan0 BSS RANGE=0- MASK=0x21987"
D/Tethering(  750): interfaceStatusChanged wlan0, true
D/Tethering(  750): [isWifi] getHotspotEnabled: false
W/ContextImpl(  750): Calling a method in the system process without a qualified user: android.app.ContextImpl.sendBroadcast:1371 android.net.wifi.WifiStateMachine.sendDongleScanResultsAvailableBroadcast:5822 android.net.wifi.WifiStateMachine.handleMediaLinkEvent:5984 android.net.wifi.WifiStateMachine.access$5700:248 android.net.wifi.WifiStateMachine$SupplicantStartedState.processMessage:7158 
D/WifiStateMachine(  750): 0: scan result = SSID: VFI_LAN, BSSID: 64:87:88:34:67:02, capabilities: [WPA2-EAP-CCMP][ESS], level: -67, frequency: 2437, timestamp: 58535872612, distance: ?(cm), distanceSd: ?(cm)
D/WifiStateMachine(  750): 1: scan result = SSID: titan, BSSID: e8:94:f6:ba:c9:94, capabilities: [WPA-PSK-CCMP][WPA2-PSK-CCMP][WPS][ESS], level: -55, frequency: 2462, timestamp: 58535872612, distance: ?(cm), distanceSd: ?(cm)
D/WifiStateMachine(  750): 2: scan result = SSID: G6 Service Center, BSSID: 00:18:0a:d7:2a:a0, capabilities: [WPA-PSK-CCMP+TKIP][WPA2-PSK-CCMP+TKIP][ESS], level: -70, frequency: 2437, timestamp: 58535872581, distance: ?(cm), distanceSd: ?(cm)
D/WifiStateMachine(  750): 3: scan result = SSID: TmEnergy1, BSSID: 4c:60:de:2f:4e:ca, capabilities: [WPA-PSK-CCMP+TKIP][WPA2-PSK-CCMP+TKIP][WPS][ESS], level: -82, frequency: 2412, timestamp: 58535872581, distance: ?(cm), distanceSd: ?(cm)
D/WifiStateMachine(  750): 4: scan result = SSID: Assist, BSSID: 00:1c:c5:08:8a:e0, capabilities: [WPA-PSK-CCMP+TKIP][WPA2-PSK-CCMP-preauth][ESS], level: -82, frequency: 2462, timestamp: 58535872612, distance: ?(cm), distanceSd: ?(cm)
D/WifiStateMachine(  750): 5: scan result = SSID: VFI_LAN, BSSID: 64:87:88:34:67:03, capabilities: [WPA2-EAP-CCMP][ESS], level: -81, frequency: 5805, timestamp: 58535872642, distance: ?(cm), distanceSd: ?(cm)
D/WifiStateMachine(  750): 6: scan result = SSID: VFI_GUEST, BSSID: 64:87:88:34:67:01, capabilities: [WPA2-PSK-CCMP][ESS], level: -82, frequency: 5805, timestamp: 58535872612, distance: ?(cm), distanceSd: ?(cm)
D/WifiStateMachine(  750): 7: scan result = SSID: G6 Service Center, BSSID: 00:18:0a:d6:a0:70, capabilities: [WPA-PSK-CCMP+TKIP][WPA2-PSK-CCMP+TKIP][ESS], level: -85, frequency: 2462, timestamp: 58535872612, distance: ?(cm), distanceSd: ?(cm)
D/WifiStateMachine(  750): 8: scan result = SSID: G6 Service Center, BSSID: 02:18:1a:d7:2a:a0, capabilities: [WPA-PSK-CCMP+TKIP][WPA2-PSK-CCMP+TKIP][ESS], level: -85, frequency: 5180, timestamp: 58535872612, distance: ?(cm), distanceSd: ?(cm)
D/WifiStateMachine(  750): 9: scan result = SSID: VFI_GUEST, BSSID: 64:87:88:34:67:00, capabilities: [WPA2-PSK-CCMP][ESS], level: -61, frequency: 2437, timestamp: 58535872581, distance: ?(cm), distanceSd: ?(cm)
D/WifiStateMachine(  750): 10: scan result = SSID: G6 Service Center, BSSID: 00:18:0a:d7:2a:00, capabilities: [WPA-PSK-CCMP+TKIP][WPA2-PSK-CCMP+TKIP][ESS], level: -79, frequency: 2412, timestamp: 58515777224, distance: ?(cm), distanceSd: ?(cm)
D/WifiStateMachine(  750): 11: scan result = SSID: CWE, BSSID: 00:18:6e:04:3c:9a, capabilities: [WPA-PSK-CCMP+TKIP][WPA2-PSK-CCMP-preauth][ESS], level: -82, frequency: 2462, timestamp: 58515777315, distance: ?(cm), distanceSd: ?(cm)
D/WifiStateMachine(  750): 12: scan result = SSID: QMGuest, BSSID: 06:18:0a:27:e1:e8, capabilities: [WPA-PSK-CCMP+TKIP][WPA2-PSK-CCMP+TKIP][ESS], level: -85, frequency: 2412, timestamp: 58515777193, distance: ?(cm), distanceSd: ?(cm)
D/WifiStateMachine(  750): [ScoreAP] + roamToTopScoreAP: titan[e8:94:f6:ba:c9:94], -59, 214
D/WifiStateMachine(  750): 13: scan result = SSID: NETGEAR05, BSSID: 4c:60:de:2f:53:8e, capabilities: [WPA2-PSK-CCMP][WPS][ESS], level: -85, frequency: 2462, timestamp: 58515777315, distance: ?(cm), distanceSd: ?(cm)
D/WifiStateMachine(  750): add 14 to mScanResults
I/ImageRamCache(29958): create image Cache, size: 31457280.
I/ImageRamCache(29958): [resize] ImageRamCache resized to: 30Mb.
I/ImageRamCache(29958): create image Cache, size: 31457280.
D/TelephonyRegistry(  750): This is not dual project
D/TelephonyCallback(  919): SignalStrength: 2
D/SIGNAL_ICON(  919): level=2/5
D/StatusBar.NetworkController(  919): dumpIcon[(gone) stat_sys_5signal_2|null stat_sys_wifi_signal_connected_4 (gone) F]
W/PackageManager(  750): Unable to load service info ResolveInfo{42f9a3f0 com.htc.sense.socialnetwork.instagram/.remote.InstagramSyncContactService m=0x108000}
W/PackageManager(  750): org.xmlpull.v1.XmlPullParserException: No android.content.SyncAdapter meta-data
W/PackageManager(  750): 	at android.content.pm.RegisteredServicesCache.parseServiceInfo(RegisteredServicesCache.java:449)
W/PackageManager(  750): 	at android.content.pm.RegisteredServicesCache.generateServicesMap(RegisteredServicesCache.java:305)
W/PackageManager(  750): 	at android.content.pm.RegisteredServicesCache.access$100(RegisteredServicesCache.java:70)
W/PackageManager(  750): 	at android.content.pm.RegisteredServicesCache$1.onReceive(RegisteredServicesCache.java:148)
W/PackageManager(  750): 	at android.app.LoadedApk$ReceiverDispatcher$Args.run(LoadedApk.java:857)
W/PackageManager(  750): 	at android.os.Handler.handleCallback(Handler.java:733)
W/PackageManager(  750): 	at android.os.Handler.dispatchMessage(Handler.java:95)
W/PackageManager(  750): 	at android.os.Looper.loop(Looper.java:157)
W/PackageManager(  750): 	at com.android.server.ServerThread.initAndLoop(SystemServer.java:1450)
W/PackageManager(  750): 	at com.android.server.SystemServer.main(SystemServer.java:1580)
W/PackageManager(  750): 	at java.lang.reflect.Method.invokeNative(Native Method)
W/PackageManager(  750): 	at java.lang.reflect.Method.invoke(Method.java:515)
W/PackageManager(  750): 	at com.android.internal.os.ZygoteInit$MethodAndArgsCaller.run(ZygoteInit.java:858)
W/PackageManager(  750): 	at com.android.internal.os.ZygoteInit.main(ZygoteInit.java:674)
W/PackageManager(  750): 	at dalvik.system.NativeStart.main(Native Method)
I/FeedSettings(29958): [BlinkFeedCommitment]loadSettings, BLINKFEED commitment: true
I/FeedSettings(29958): GroupBudget 0.500000 0.380000
I/FeedSettings(29958): GroupBudget 60 45 15
D/CordovaWebViewClient(29944): onPageStarted(file:///android_asset/www/index.html)
D/CordovaActivity(29944): onMessage(onPageStarted,file:///android_asset/www/index.html)
D/PhoneStatusBar(  919): Status bar WINDOW_STATE_HIDDEN
D/SoftKeyboardDetect(29944): Ignore this event
I/Prism.AllAppsOptionsMa_(29958): loadSortType() with Alphabetical
I/Prism.AllAppsOptionsMa_(29958): loadGridSize() with Alternative
D/Prism.PackageStateRece_(29958): action: android.intent.action.PACKAGE_REMOVED
V/ScoreHelper(  750): Only print Top 10 in ApScanList
D/Process (  750): killProcessQuiet, pid=28992
D/Process (  750): com.android.server.am.ActivityManagerService.killUnneededProcessLocked:7565 com.android.server.am.ActivityManagerService.updateOomAdjLocked:17027 com.android.server.am.ActivityManagerService.trimApplications:17296 
V/ScoreHelper(  750):  + ScoreResult:  84, AP:                        VFI_GUEST [64:87:88:34:67:00], Rssi: 15 [-61], Tx: 13, Freq:  6 [2437], Disconn: 50, Last Used:  0
V/ScoreHelper(  750):  + ScoreResult:  82, AP:                          VFI_LAN [64:87:88:34:67:02], Rssi: 13 [-67], Tx: 13, Freq:  6 [2437], Disconn: 50, Last Used:  0
V/ScoreHelper(  750):  + ScoreResult:  82, AP:                            titan [e8:94:f6:ba:c9:94], Rssi: 15 [-55], Tx: 13, Freq:  4 [2462], Disconn: 50, Last Used:  0
V/ScoreHelper(  750):  + ScoreResult:  81, AP:                G6 Service Center [00:18:0a:d7:2a:a0], Rssi: 12 [-70], Tx: 13, Freq:  6 [2437], Disconn: 50, Last Used:  0
V/ScoreHelper(  750):  + ScoreResult:  77, AP:                G6 Service Center [00:18:0a:d7:2a:00], Rssi:  8 [-79], Tx: 13, Freq:  6 [2412], Disconn: 50, Last Used:  0
V/ScoreHelper(  750):  + ScoreResult:  75, AP:                        TmEnergy1 [4c:60:de:2f:4e:ca], Rssi:  6 [-82], Tx: 13, Freq:  6 [2412], Disconn: 50, Last Used:  0
V/ScoreHelper(  750):  + ScoreResult:  73, AP:                G6 Service Center [02:18:1a:d7:2a:a0], Rssi:  0 [-85], Tx: 13, Freq: 10 [5180], Disconn: 50, Last Used:  0
V/ScoreHelper(  750):  + ScoreResult:  73, AP:                          QMGuest [06:18:0a:27:e1:e8], Rssi:  4 [-85], Tx: 13, Freq:  6 [2412], Disconn: 50, Last Used:  0
V/ScoreHelper(  750):  + ScoreResult:  73, AP:                           Assist [00:1c:c5:08:8a:e0], Rssi:  6 [-82], Tx: 13, Freq:  4 [2462], Disconn: 50, Last Used:  0
V/ScoreHelper(  750):  + ScoreResult:  73, AP:                              CWE [00:18:6e:04:3c:9a], Rssi:  6 [-82], Tx: 13, Freq:  4 [2462], Disconn: 50, Last Used:  0
D/WifiStateMachine(  750): fetchCapability(), capabilities = [WPA-PSK-CCMP][WPA2-PSK-CCMP][WPS][ESS]
D/WifiStateMachine(  750): fetchCapability(), capabilities = [WPA-PSK-CCMP][WPA2-PSK-CCMP][WPS][ESS]
I/ActivityManager(  750): Start proc com.google.android.apps.docs for broadcast com.google.android.apps.docs/.receivers.AppPackageAddRemoveReceiver: pid=30007 uid=10104 gids={50104, 3003, 5012, 1028, 1015}
I/ActivityManager(  750): Killing 28992:com.vsco.cam/u0a233 (adj 15): empty #17
V/ScoreHelper(  750):  + computeScore(titan): 1
D/WifiStateMachine(  750): [ScoreAP] + No alternative AP to roam except current AP [1], titan
D/WifiManager(29363): getScanResults enter 
D/WifiManager( 1356): getScanResults enter 
D/WifiStateMachine(  750): == begin of scan result ==
D/WifiStateMachine(  750): == (14) end of scan result ==
D/WifiManager(23799): getScanResults enter 
D/WifiStateMachine(  750): == begin of scan result ==
D/WifiStateMachine(  750): == (14) end of scan result ==
D/WifiStateMachine(  750): == begin of scan result ==
D/WifiStateMachine(  750): == (14) end of scan result ==
D/BatSI   (  750): WIFI scan stopped for: 461a0022 uid:10209
D/WifiManager( 1356): getScanResults enter 
D/WifiStateMachine(  750): == begin of scan result ==
D/WifiStateMachine(  750): == (14) end of scan result ==
I/ActivityManager(  750): Recipient 28992
D/PMS     (  750): acquireWL(41d74918): PARTIAL_WAKE_LOCK  NlpWakeLock 0x1 1356 10031
D/PMS     (  750): releaseWL(41d74918): PARTIAL_WAKE_LOCK  NlpWakeLock 0x1
D/PMS     (  750): acquireWL(43130f60): PARTIAL_WAKE_LOCK  NlpWakeLock 0x1 1356 10031
D/PMS     (  750): releaseWL(43130f60): PARTIAL_WAKE_LOCK  NlpWakeLock 0x1
D/PMS     (  750): acquireWL(43282358): PARTIAL_WAKE_LOCK  GCoreFlp 0x1 1356 10031
D/PMS     (  750): acquireWL(4330fec0): PARTIAL_WAKE_LOCK  NlpWakeLock 0x1 1356 10031
D/JsMessageQueue(29944): Set native->JS mode to OnlineEventsBridgeMode
D/PMS     (  750): releaseWL(4330fec0): PARTIAL_WAKE_LOCK  NlpWakeLock 0x1
D/PMS     (  750): acquireWL(43a1ecb0): PARTIAL_WAKE_LOCK  GCoreFlp 0x1 1356 10031
D/PMS     (  750): releaseWL(43a1ecb0): PARTIAL_WAKE_LOCK  GCoreFlp 0x1
D/PMS     (  750): acquireWL(43e78c48): PARTIAL_WAKE_LOCK  Wakeful StateMachine: GeofencerStateMachine 0x1 1356 10031
D/PMS     (  750): acquireWL(440d3760): PARTIAL_WAKE_LOCK  GCoreFlp 0x1 1356 10031
D/PMS     (  750): releaseWL(440d3760): PARTIAL_WAKE_LOCK  GCoreFlp 0x1
D/PMS     (  750): acquireWL(43dd1348): PARTIAL_WAKE_LOCK  GCoreFlp 0x1 1356 10031
D/PMS     (  750): releaseWL(43e78c48): PARTIAL_WAKE_LOCK  Wakeful StateMachine: GeofencerStateMachine 0x1
D/PMS     (  750): acquireWL(41d513a0): PARTIAL_WAKE_LOCK  UlrDispatchingService 0x1 1356 10031
D/PMS     (  750): acquireWL(42c401a0): PARTIAL_WAKE_LOCK  GCoreFlp 0x1 1356 10031
D/PMS     (  750): releaseWL(43282358): PARTIAL_WAKE_LOCK  GCoreFlp 0x1
D/WifiService(  750): releaseWifiLockLocked: WifiLock{NlpWifiLock type=2 binder=android.os.BinderProxy@42bb9e20}
D/PMS     (  750): releaseWL(431e3ff8): PARTIAL_WAKE_LOCK  NlpWakeLock 0x1
D/DocsApplication(30007): Plugin installer initialized.
D/CordovaActivity(29944): onMessage(spinner,stop)
I/PackageInfoHelper(30007): Provided clientMode=RELEASE, packageInfo=PackageInfo{41b2eed8 com.google.android.apps.docs}
E/qdutils (29944): FBIOGET_FSCREENINFO failed
D/CrossAppStateProvider(30007): Initialized StateProvider with authority: com.google.android.apps.docs.statesyncer
D/TAG     (30007): onCreate()
D/PhoneApp( 1032): EVENT_QUERY_MO_PACKAGES
D/PhoneApp( 1032): -- N1 =1
D/PhoneApp( 1032): -- N2 =0
D/PhoneApp( 1032): -- N3 =0
W/CpuWake (  750): >>nativeReleaseCpuPerfWakeLock()
W/CpuWake (  750): <<nativeReleaseCpuPerfWakeLock()
W/CpuWake (  750): >>release mCpuPerf_cpu_count wakelock
W/CpuWake (  750): <<release mCpuPerf_cpu_count wakelock
W/CpuWake (  750): >>release mCpuPerf_Freq wakelock
W/CpuWake (  750): <<release mCpuPerf_Freq wakelock
D/PMS     (  750): releaseHCC(43cb4f98): CPU_MIN_NUM ActivityManager-MultiCore-Num 0x400
D/PMS     (  750): releaseHCC(43c9a0a8): CPU_MIN_FREQ ActivityManager-MultiCore-Freq 0x100
D/CordovaWebViewClient(29944): onPageFinished(file:///android_asset/www/index.html)
D/CordovaActivity(29944): onMessage(onPageFinished,file:///android_asset/www/index.html)
D/CordovaLog(29944): file:///android_asset/www/js/index.js: Line 41 : Uncaught TypeError: Cannot call method 'querySelector' of null
I/chromium(29944): [INFO:CONSOLE(41)] "Uncaught TypeError: Cannot call method 'querySelector' of null", source: file:///android_asset/www/js/index.js (41)
I/GCoreUlr( 1356): Successfully inserted location
I/GCoreUlr( 1356): Not calling LocationReporter, hasMoved: true, elapsed millis: 574997, request: Moving(600000)
D/PMS     (  750): releaseWL(41d513a0): PARTIAL_WAKE_LOCK  UlrDispatchingService 0x1
D/RemoteDisplayProvider(  750): Received package manager broadcast: Intent { act=android.intent.action.PACKAGE_REMOVED dat=package: flg=0x4000010 (has extras) }
D/RemoteDisplayProvider(  750): start
W/PackageManager(  750): Unable to load service info ResolveInfo{42e81fa8 com.htc.sense.socialnetwork.instagram/.remote.InstagramSyncContactService m=0x108000}
W/PackageManager(  750): org.xmlpull.v1.XmlPullParserException: No android.content.SyncAdapter meta-data
W/PackageManager(  750): 	at android.content.pm.RegisteredServicesCache.parseServiceInfo(RegisteredServicesCache.java:449)
W/PackageManager(  750): 	at android.content.pm.RegisteredServicesCache.generateServicesMap(RegisteredServicesCache.java:305)
W/PackageManager(  750): 	at android.content.pm.RegisteredServicesCache.access$100(RegisteredServicesCache.java:70)
W/PackageManager(  750): 	at android.content.pm.RegisteredServicesCache$1.onReceive(RegisteredServicesCache.java:148)
W/PackageManager(  750): 	at android.app.LoadedApk$ReceiverDispatcher$Args.run(LoadedApk.java:857)
W/PackageManager(  750): 	at android.os.Handler.handleCallback(Handler.java:733)
W/PackageManager(  750): 	at android.os.Handler.dispatchMessage(Handler.java:95)
W/PackageManager(  750): 	at android.os.Looper.loop(Looper.java:157)
W/PackageManager(  750): 	at com.android.server.ServerThread.initAndLoop(SystemServer.java:1450)
W/PackageManager(  750): 	at com.android.server.SystemServer.main(SystemServer.java:1580)
W/PackageManager(  750): 	at java.lang.reflect.Method.invokeNative(Native Method)
W/PackageManager(  750): 	at java.lang.reflect.Method.invoke(Method.java:515)
W/PackageManager(  750): 	at com.android.internal.os.ZygoteInit$MethodAndArgsCaller.run(ZygoteInit.java:858)
W/PackageManager(  750): 	at com.android.internal.os.ZygoteInit.main(ZygoteInit.java:674)
W/PackageManager(  750): 	at dalvik.system.NativeStart.main(Native Method)
D/RemoteDisplayProvider(  750): Received package manager broadcast: Intent { act=android.intent.action.PACKAGE_ADDED dat=package: flg=0x4000010 (has extras) }
D/RemoteDisplayProvider(  750): start
D/RemoteDisplayProvider(  750): Received package manager broadcast: Intent { act=android.intent.action.PACKAGE_REPLACED dat=package: flg=0x4000010 (has extras) }
D/RemoteDisplayProvider(  750): start
D/WifiStateMachine(  750): get mPhoneStateListener
D/WirelessDisplayService(  750): getDiscoveryDongleList
D/WifiStateMachine(  750): == begin of scan result ==
D/WifiStateMachine(  750): == (14) end of scan result ==
D/WirelessDisplayService(  750): getDiscoveryDongleList
D/WIFI_ICON(  919): WifiActivity: 3
D/StatusBar.NetworkController(  919): dumpIcon[(gone) stat_sys_5signal_2|null stat_sys_wifi_signal_inandout_4 (gone) F]
D/LocationManagerService(  750): incoming location from: network
D/LocationManagerService(  750): incoming location from: network
D/LocationManagerService(  750):  Report location to Reciever:  PackageName= android
D/LocationManagerService(  750):  Report location to Reciever:  PackageName= android
D/LocationManagerService(  750):  Report location to Reciever:  PackageName= com.google.android.gms
D/LocationManagerService(  750):  Report location to Reciever:  PackageName= com.groupon
D/LocationManagerService(  750):  Report location to Reciever:  PackageName= com.google.android.gms
D/PMS     (  750): acquireWL(42e4ea50): PARTIAL_WAKE_LOCK  LocationManagerService 0x1 750 1000
D/PMS     (  750): acquireWL(42ee2940): PARTIAL_WAKE_LOCK  LocationManagerService 0x1 750 1000
D/PMS     (  750): acquireWL(42f652e8): PARTIAL_WAKE_LOCK  LocationManagerService 0x1 750 1000
D/PMS     (  750): acquireWL(43091628): PARTIAL_WAKE_LOCK  LocationManagerService 0x1 750 1000
D/LocationManagerService(  750):  Report location to Reciever:  PackageName= com.htc.sense.hsp
D/AutoSetting(23922): service - onCreate()
D/PMS     (  750): acquireWL(430babd0): PARTIAL_WAKE_LOCK  LocationManagerService 0x1 750 1000
D/PMS     (  750): acquireWL(4324a378): PARTIAL_WAKE_LOCK  LocationManagerService 0x1 750 1000
D/PMS     (  750): releaseWL(42e4ea50): PARTIAL_WAKE_LOCK  LocationManagerService 0x1
D/PMS     (  750): releaseWL(42f652e8): PARTIAL_WAKE_LOCK  LocationManagerService 0x1
D/PMS     (  750): releaseWL(430babd0): PARTIAL_WAKE_LOCK  LocationManagerService 0x1
D/AutoSetting(23922): service - onStartCommand() action: com.htc.app.autosetting.location
D/AutoSetting(23922): service - handleMessage() within range
D/LocationManagerService(  750): request 431460e8 passive Request[POWER_NONE passive fastest=+5s0ms] from com.htc.sense.hsp(10052)
D/LocationManagerService(  750): provider request: passive ProviderRequest[ON interval=0]
D/QMI_FW  (  750): QCCI: QMI_CCI_TX: cntl_flag - 00, txn_id - 0732, msg_id - 0039, msg_len - 0021
D/QMI_FW  (  750): QCCI: QMUXD: xport_send[1 -> 16]: 40 bytes on conn_id=9
D/PMS     (  750): releaseWL(42ee2940): PARTIAL_WAKE_LOCK  LocationManagerService 0x1
D/PMS     (  750): releaseWL(4324a378): PARTIAL_WAKE_LOCK  LocationManagerService 0x1
D/QMI_FW  (  750): QCCI: QMUXD: xport_rx[1 <- 16]: 14 bytes on conn_id: 9
D/QMI_FW  (  750): QCCI: QMI_CCI_RX: cntl_flag - 02, txn_id - 0732, msg_id - 0039, msg_len - 0007
D/GpsLocationProvider(  750): [reportHTCStatus] eventMask = 2 , status = 0
D/GpsLocationProvider(  750): [reportHTCStatus] INJECT_LOCATION
D/QMI_FW  (  750): QCCI: QMUXD: xport_rx[1 <- 16]: 14 bytes on conn_id: 9
D/QMI_FW  (  750): QCCI: QMI_CCI_RX: cntl_flag - 04, txn_id - 0000, msg_id - 0039, msg_len - 0007
D/WifiNative-wlan0(  750): doString: SIGNAL_POLL
W/WifiHW  (  750): QCOM Debug wifi_send_command "IFNAME=wlan0 SIGNAL_POLL"
D/WifiStateMachine(  750): fetchRssiAndLinkSpeedNative RSSI = -55 abnormalRssiCnt = 0 newLinkSpeed = 39
D/WifiStateMachine(  750): fetchRssiAndLinkSpeedNative mLinkspeedCount = 1, mLinkspeedSum: 39
W/GAV2    (30007): Thread[main,5,main]: Need to call initialize() and be in fallback mode to start dispatch.
I/ActivityManager(  750): Start proc com.google.android.apps.plus for broadcast com.google.android.apps.plus/.service.PackagesMediaMonitor: pid=30038 uid=10171 gids={50171, 3003, 5012, 3002, 1028, 1015}
W/GAV2    (30007): Thread[main,5,main]: dispatch call queued.  Need to call GAServiceManager.getInstance().initialize().
D/WIFI_ICON(  919): WifiActivity: 1
D/StatusBar.NetworkController(  919): dumpIcon[(gone) stat_sys_5signal_2|null stat_sys_wifi_signal_in_4 (gone) F]
D/WifiNative-wlan0(  750): doString: SIGNAL_POLL
W/WifiHW  (  750): QCOM Debug wifi_send_command "IFNAME=wlan0 SIGNAL_POLL"
D/WifiNative-wlan0(  750): doString: SIGNAL_POLL
W/WifiHW  (  750): QCOM Debug wifi_send_command "IFNAME=wlan0 SIGNAL_POLL"
I/wpa_supplicant( 7198): Change stage from stage3 to stage0
I/PackageManager(  750):  setEnabledSetting(), pkgName=com.google.android.apps.plus, clsName=com.google.android.apps.moviemaker.MovieMakerActivity, state=0, flag=1, pid=30038, uid=10171, userID:0
I/PackageManager(  750):  setEnabledSetting(), pkgName=com.google.android.apps.plus, clsName=com.google.android.apps.moviemaker.analyzer.AnalyzerService, state=0, flag=1, pid=30038, uid=10171, userID:0
I/PackageManager(  750):  setEnabledSetting(), pkgName=com.google.android.apps.plus, clsName=com.google.android.apps.moviemaker.service.PostCaptureAnalyzerService, state=0, flag=1, pid=30038, uid=10171, userID:0
I/PackageManager(  750):  setEnabledSetting(), pkgName=com.google.android.apps.plus, clsName=com.google.android.apps.moviemaker.service.PluggedInAnalyzerService, state=0, flag=1, pid=30038, uid=10171, userID:0
I/PackageManager(  750):  setEnabledSetting(), pkgName=com.google.android.apps.plus, clsName=com.google.android.apps.moviemaker.receiver.NewVideoReceiver, state=0, flag=1, pid=30038, uid=10171, userID:0
I/PackageManager(  750):  setEnabledSetting(), pkgName=com.google.android.apps.plus, clsName=com.google.android.apps.moviemaker.receiver.PowerStatusReceiver, state=0, flag=1, pid=30038, uid=10171, userID:0
W/dalvikvm(30038): VFY: unable to resolve virtual method 1657: Landroid/app/Notification$Builder;.setVisibility (I)Landroid/app/Notification$Builder;
D/PMS     (  750): acquireWL(437deb48): PARTIAL_WAKE_LOCK  AsyncService 0x1 30038 10171
D/PMS     (  750): releaseWL(437deb48): PARTIAL_WAKE_LOCK  AsyncService 0x1
I/ActivityManager(  750): Start proc com.android.vending for broadcast com.android.vending/com.google.android.finsky.receivers.PackageMonitorReceiver$RegisteredReceiver: pid=30075 uid=10073 gids={50073, 3003, 5012, 1028, 1015}
D/PMS     (  750): releaseWL(4333a738): PARTIAL_WAKE_LOCK  AudioMix 0x1
I/GLSActivity( 1298): [ad] getting account id
I/GLSUser ( 1298): [p] Fetched account id for clement.cl.chai@gmail.com : 118074950085935387332
I/GLSActivity( 1298): [ad] getting account id
I/GLSUser ( 1298): [p] Fetched account id for clement.us.chai@gmail.com : 111420819921969117840
I/PackageManager(  750):  setEnabledSetting(), pkgName=com.android.vending, clsName=com.android.vending.AssetBrowserActivity, state=1, flag=1, pid=30075, uid=10073, userID:0
D/Finsky  (30075): [1] FinskyApp.onCreate: Initializing network with DFE https://android.clients.google.com/fdfe/
D/Finsky  (30075): [1] DailyHygiene.goMakeHygieneIfDirty: No need to run daily hygiene.
W/Settings(30075): Setting download_manager_max_bytes_over_mobile has moved from android.provider.Settings.Secure to android.provider.Settings.Global.
W/Settings(30075): Setting download_manager_recommended_max_bytes_over_mobile has moved from android.provider.Settings.Secure to android.provider.Settings.Global.
W/dalvikvm(30075): VFY: unable to resolve virtual method 41555: Lcom/google/android/play/layout/PlayCardViewBase;.setTransitionName (Ljava/lang/String;)V
W/dalvikvm(30075): VFY: unable to resolve virtual method 41554: Lcom/google/android/play/layout/PlayCardViewBase;.setTransitionGroup (Z)V
W/dalvikvm(30075): VFY: unable to resolve virtual method 8592: Landroid/view/View;.getTransitionName ()Ljava/lang/String;
I/PackageManager(  750):  setEnabledSetting(), pkgName=com.android.vending, clsName=com.google.android.finsky.activities.DebugActivity, state=2, flag=1, pid=30075, uid=10073, userID:0
D/WIFI_ICON(  919): WifiActivity: 0
D/StatusBar.NetworkController(  919): dumpIcon[(gone) stat_sys_5signal_2|null stat_sys_wifi_signal_connected_4 (gone) F]
D/WifiStateMachine(  750): get mPhoneStateListener
D/TelephonyRegistry(  750): This is not dual project
D/TelephonyCallback(  919): SignalStrength: 2
D/SIGNAL_ICON(  919): level=2/5
D/StatusBar.NetworkController(  919): dumpIcon[(gone) stat_sys_5signal_2|null stat_sys_wifi_signal_connected_4 (gone) F]
D/Finsky  (30075): [1] 2.run: Loaded library for account: [TeJV_s7JXA3EbeP9nKl819VhktY]
D/Finsky  (30075): [1] 2.run: Loaded library for account: [c0aiaDUssZBmTMLtZ_EoijlFRMk]
D/Finsky  (30075): [1] 2.run: Finished loading 2 libraries.
D/PMS     (  750): acquireWL(4417a910): PARTIAL_WAKE_LOCK  fingerprint_scanner_static 0x1 30038 10171
D/PMS     (  750): acquireWL(44137290): PARTIAL_WAKE_LOCK  fingerprint_scanner_local 0x1 30038 10171
D/PMS     (  750): releaseWL(4417a910): PARTIAL_WAKE_LOCK  fingerprint_scanner_static 0x1
D/Process (  750): killProcessQuiet, pid=29048
I/ActivityManager(  750): Start proc com.facebook.katana:dash for broadcast com.facebook.katana/com.facebook.dash.receivers.DashPackageUninstallReceiver: pid=30118 uid=10028 gids={50028, 1028, 1015, 3003, 5012}
I/ActivityManager(  750): Killing 29048:com.google.android.apps.walletnfcrel/u0a199 (adj 15): empty #17
D/Process (  750): com.android.server.am.ActivityManagerService.killUnneededProcessLocked:7565 com.android.server.am.ActivityManagerService.updateOomAdjLocked:17027 com.android.server.am.ActivityManagerService.trimApplications:17296 
I/ActivityManager(  750): Recipient 29048
D/Finsky  (30075): [1] GmsCoreHelper.cleanupNlp: result=false type=4
D/Finsky  (30075): [1] RestoreTracker.stopServiceIfDone: Restore complete with 0 success and 0 failed.
D/Process (  750): killProcessQuiet, pid=29078
D/Process (  750): com.android.server.am.ActivityManagerService.killUnneededProcessLocked:7565 com.android.server.am.ActivityManagerService.updateOomAdjLocked:17027 com.android.server.am.ActivityManagerService.updateOomAdjLocked:16871 
I/ActivityManager(  750): Killing 29078:com.htc.task/u0a70 (adj 15): empty #17
I/ActivityManager(  750): Recipient 29078
W/dalvikvm(30118): VFY: unable to resolve static field 24581 (a) in Lcom/facebook/katana/app/WorkAppTypes;
W/dalvikvm(30118): VFY: unable to resolve static field 24582 (b) in Lcom/facebook/katana/app/WorkAppTypes;
D/CatchMeIfYouCan(30118): Process (dash) ca: '/data/data/com.facebook.katana/app_cmiyc/0C66B38F48468E96F8008B6D5A2AE33B4A60265E01'
D/CatchMeIfYouCan(30118): Process (dash) fc: '/data/data/com.facebook.katana/app_cmiyc/0C66B38F48468E96F8008B6D5A2AE33B4A60265E02'
D/CatchMeIfYouCan(30118): Process (dash) cp: '('dash', 6, 60000, silent [true], restart [true], logout [true])'
D/ACRA    (30118): ACRA is enabled for com.facebook.katana, intializing...
D/ACRA    (30118): Looking for error files in /data/data/com.facebook.katana/app_acra-reports
D/ACRA    (30118): Looking for error files in /data/data/com.facebook.katana/app_minidumps
D/SoLoader(30118): found fb_stl_shared in default place
D/SoLoader(30118): found fb_breakpad_client in default place
D/SoLoader(30118): found stdc++ in default place
D/SoLoader(30118): found sigmux in default place
D/SoLoader(30118): found distract in default place
D/SoLoader(30118): found fb_dalvik-internals in default place
I/dalvik-internals(30118): Successfully looked up JNI_GetCreatedJavaVMs: ptr=0x4162ad35 sz=0
I/dalvik-internals(30118): Successfully looked up gDvm: ptr=0x416aad68 sz=0
I/dalvik-internals(30118): Successfully looked up dvmResolveClass: ptr=0x41650185 sz=280
I/dalvik-internals(30118): Successfully looked up dvmFlushBreakpoints: ptr=0x416028d4 sz=172
I/dalvik-internals(30118): Successfully looked up dvmSuspendAllThreads: ptr=0x4163456d sz=0
I/dalvik-internals(30118): Successfully looked up dvmResumeAllThreads: ptr=0x41633fc5 sz=0
E/dalvik-internals(30118): Failed to look up ladDumpProfiles
E/dalvik-internals(30118): Failed to look up ladResetProfiles
E/dalvik-internals(30118): Failed to look up ladPrintHeaderInfo
V/DexLibLoader(30118): about to lock odex store
V/DexLibLoader(30118): locking odex store took 0 ms
V/DexLibLoader(30118): Secondary program dex metadata: secondary-1.dex.jar.xz c0119b4aae73cd0220aa0e8419d10ef4902e7e5b secondary.dex01.Canary
V/DexLibLoader(30118): Secondary program dex metadata: secondary-2.dex.jar.xz c1a29e6b57b0069e8572f779d4d2ff3f1fd6b42c secondary.dex02.Canary
V/DexLibLoader(30118): Secondary program dex metadata: secondary-3.dex.jar.xz 5095b7aba4c3cbc02c325e8528baaf051f4d7ff5 secondary.dex03.Canary
V/DexLibLoader(30118): Secondary program dex metadata: secondary-4.dex.jar.xz 77df15fb5fd094241974ac90b301c45342c1d85d secondary.dex04.Canary
V/DexLibLoader(30118): Secondary program dex metadata: secondary-5.dex.jar.xz d30f261ebfe169c610978ab73b3b67c5ee4622e8 secondary.dex05.Canary
V/DexLibLoader(30118): Secondary program dex metadata: secondary-6.dex.jar.xz 3b7752038f2ce70de484836100dd79ed5fe12f57 secondary.dex06.Canary
V/DexLibLoader(30118): directory "/data/data/com.facebook.katana/app_secondary_program_dex" contains "program-c0119b4aae73cd0220aa0e8419d10ef4902e7e5b243bd6ef.dex.jar" as expected
V/DexLibLoader(30118): directory "/data/data/com.facebook.katana/app_secondary_program_dex" contains "program-c1a29e6b57b0069e8572f779d4d2ff3f1fd6b42c243bd6ef.dex.jar" as expected
V/DexLibLoader(30118): directory "/data/data/com.facebook.katana/app_secondary_program_dex" contains "program-5095b7aba4c3cbc02c325e8528baaf051f4d7ff5243bd6ef.dex.jar" as expected
V/DexLibLoader(30118): directory "/data/data/com.facebook.katana/app_secondary_program_dex" contains "program-77df15fb5fd094241974ac90b301c45342c1d85d243bd6ef.dex.jar" as expected
V/DexLibLoader(30118): directory "/data/data/com.facebook.katana/app_secondary_program_dex" contains "program-d30f261ebfe169c610978ab73b3b67c5ee4622e8243bd6ef.dex.jar" as expected
V/DexLibLoader(30118): directory "/data/data/com.facebook.katana/app_secondary_program_dex" contains "program-3b7752038f2ce70de484836100dd79ed5fe12f57243bd6ef.dex.jar" as expected
D/DexLibLoader(30118): ignoring file "program-c0119b4aae73cd0220aa0e8419d10ef4902e7e5b243bd6ef.dex.odex" in "/data/data/com.facebook.katana/app_secondary_program_dex"
D/DexLibLoader(30118): ignoring file "program-c1a29e6b57b0069e8572f779d4d2ff3f1fd6b42c243bd6ef.dex.odex" in "/data/data/com.facebook.katana/app_secondary_program_dex"
D/DexLibLoader(30118): ignoring file "program-5095b7aba4c3cbc02c325e8528baaf051f4d7ff5243bd6ef.dex.odex" in "/data/data/com.facebook.katana/app_secondary_program_dex"
D/DexLibLoader(30118): ignoring file "program-77df15fb5fd094241974ac90b301c45342c1d85d243bd6ef.dex.odex" in "/data/data/com.facebook.katana/app_secondary_program_dex"
D/DexLibLoader(30118): ignoring file "program-d30f261ebfe169c610978ab73b3b67c5ee4622e8243bd6ef.dex.odex" in "/data/data/com.facebook.katana/app_secondary_program_dex"
D/DexLibLoader(30118): ignoring file "program-3b7752038f2ce70de484836100dd79ed5fe12f57243bd6ef.dex.odex" in "/data/data/com.facebook.katana/app_secondary_program_dex"
D/DexLibLoader(30118): directory "/data/data/com.facebook.katana/app_secondary_program_dex" is valid
D/DexLibLoader(30118): ignoring file "primary_deps" in "/data/data/com.facebook.katana/app_secondary_program_dex_opt"
V/DexLibLoader(30118): directory "/data/data/com.facebook.katana/app_secondary_program_dex_opt" contains "program-c0119b4aae73cd0220aa0e8419d10ef4902e7e5b243bd6ef.dex.dex" as expected
V/DexLibLoader(30118): directory "/data/data/com.facebook.katana/app_secondary_program_dex_opt" contains "program-c1a29e6b57b0069e8572f779d4d2ff3f1fd6b42c243bd6ef.dex.dex" as expected
V/DexLibLoader(30118): directory "/data/data/com.facebook.katana/app_secondary_program_dex_opt" contains "program-5095b7aba4c3cbc02c325e8528baaf051f4d7ff5243bd6ef.dex.dex" as expected
V/DexLibLoader(30118): directory "/data/data/com.facebook.katana/app_secondary_program_dex_opt" contains "program-77df15fb5fd094241974ac90b301c45342c1d85d243bd6ef.dex.dex" as expected
V/DexLibLoader(30118): directory "/data/data/com.facebook.katana/app_secondary_program_dex_opt" contains "program-d30f261ebfe169c610978ab73b3b67c5ee4622e8243bd6ef.dex.dex" as expected
V/DexLibLoader(30118): directory "/data/data/com.facebook.katana/app_secondary_program_dex_opt" contains "program-3b7752038f2ce70de484836100dd79ed5fe12f57243bd6ef.dex.dex" as expected
D/DexLibLoader(30118): directory "/data/data/com.facebook.katana/app_secondary_program_dex_opt" is valid
D/DexLibLoader(30118): loading pre-built cross-dex opt odex files
D/dalvik-internals(30118): successfully hooked dvmResolveClass using jump
D/dalvik-internals(30118): successfully hooked dvmFlushBreakpoints using jump
D/PMS     (  750): releaseWL(44137290): PARTIAL_WAKE_LOCK  fingerprint_scanner_local 0x1
D/DexLibLoader(30118): released odex store lock
D/DexLibLoader(30118): DexLibLoader.loadAll took 205 ms
D/SystemClassLoaderAdder(30118): Marked as initialized entry corresponding to path /data/app/com.facebook.katana-2.apk
D/PMS     (  750): acquireWL(43cdc8a8): PARTIAL_WAKE_LOCK  AlarmManager 0x1 750 1000
V/AlarmManager(  750): sending alarm PendingIntent{427e8c48: PendingIntentRecord{426ef000 android broadcastIntent}}, i=android.intent.action.TIME_TICK, t=3, cnt=1, w=58544158, Int=0
D/PMS     (  750): releaseWL(43cdc8a8): PARTIAL_WAKE_LOCK  AlarmManager 0x1
I/dalvik-internals(30118): gDvm has value 0x416aad68.  Searching for vmList (initial offset in [704,1480]).
I/dalvik-internals(30118): Beginning search.  Actual offset in [704,1468].
E/dalvik-internals(30118): Failed to find vmList in gDvm.  Going to brute-force search for LinearAllocHdr.
D/dalvik-internals(30118): Evaluating LinearAllocHdr candidate at 0x415d2db0.
I/dalvik-internals(30118): Found LinearAllocHdr (with no vmList) at offset 948.
I/ClockThread(  919): now=1421310360061 next=59939
D/WIFI_ICON(  919): WifiActivity: 1
D/StatusBar.NetworkController(  919): dumpIcon[(gone) stat_sys_5signal_2|null stat_sys_wifi_signal_in_4 (gone) F]
D/WifiNative-wlan0(  750): doString: SIGNAL_POLL
W/WifiHW  (  750): QCOM Debug wifi_send_command "IFNAME=wlan0 SIGNAL_POLL"
D/WifiStateMachine(  750): fetchRssiAndLinkSpeedNative RSSI = -52 abnormalRssiCnt = 0 newLinkSpeed = 39
D/WifiStateMachine(  750): fetchRssiAndLinkSpeedNative mLinkspeedCount = 2, mLinkspeedSum: 78
W/fb4a(:dash):StaticBindingVerifier(30118): Verify
D/WifiService(  750): New client listening to asynchronous messages
D/Process (  750): killProcessQuiet, pid=29184
I/ActivityManager(  750): Killing 29184:com.htc.calendar/u0a15 (adj 15): empty #17
D/WIFI_ICON(  919): WifiActivity: 0
D/StatusBar.NetworkController(  919): dumpIcon[(gone) stat_sys_5signal_2|null stat_sys_wifi_signal_connected_4 (gone) F]
D/Process (  750): com.android.server.am.ActivityManagerService.killUnneededProcessLocked:7565 com.android.server.am.ActivityManagerService.updateOomAdjLocked:17027 com.android.server.am.BroadcastQueue.processCurBroadcastLocked:231 
I/ActivityManager(  750): Recipient 29184
I/ActivityManager(  750): Start proc com.linkbubble.playstore for broadcast com.linkbubble.playstore/com.linkbubble.util.PackageChangedBroadcastReceiver: pid=30152 uid=10294 gids={50294, 3003, 5012}
I/ActivityManager(  750): Recipient 29363
I/ActivityManager(  750): Process com.joelapenna.foursquared (pid 29363) has died.
D/WifiService(  750): Client connection lost with reason: 4
E/dalvikvm(30118): Could not find class 'org.apache.harmony.xnet.provider.jsse.OpenSSLSocketImpl', referenced from method com.facebook.ssl.openssl.check.CheckOpenSSLImplHasRequiredMethods.<clinit>
W/dalvikvm(30118): VFY: unable to resolve const-class 10162 (Lorg/apache/harmony/xnet/provider/jsse/OpenSSLSocketImpl;) in Lcom/facebook/ssl/openssl/check/CheckOpenSSLImplHasRequiredMethods;
E/dalvikvm(30118): Could not find class 'org.apache.harmony.xnet.provider.jsse.OpenSSLSocketFactoryImpl', referenced from method com.facebook.ssl.openssl.reflect.SSLParametersGetter.<clinit>
W/dalvikvm(30118): VFY: unable to resolve const-class 10161 (Lorg/apache/harmony/xnet/provider/jsse/OpenSSLSocketFactoryImpl;) in Lcom/facebook/ssl/openssl/reflect/SSLParametersGetter;
E/dalvikvm(30118): Could not find class 'org.apache.harmony.xnet.provider.jsse.SSLParametersImpl', referenced from method com.facebook.ssl.openssl.reflect.SSLParametersGetter.a
W/dalvikvm(30118): VFY: unable to resolve check-cast 10164 (Lorg/apache/harmony/xnet/provider/jsse/SSLParametersImpl;) in Lcom/facebook/ssl/openssl/reflect/SSLParametersGetter;
E/dalvikvm(30118): Could not find class 'org.apache.harmony.xnet.provider.jsse.SSLParametersImpl', referenced from method com.facebook.ssl.openssl.reflect.SSLSessionTimeoutSetter.<clinit>
W/dalvikvm(30118): VFY: unable to resolve const-class 10164 (Lorg/apache/harmony/xnet/provider/jsse/SSLParametersImpl;) in Lcom/facebook/ssl/openssl/reflect/SSLSessionTimeoutSetter;
