D/PMS     (  750): releaseWL(4330a660): PARTIAL_WAKE_LOCK  wake:com.google.android.gms/.fitness.store.buffer.FlushService 0x1
D/PMS     (  750): acquireWL(43247180): PARTIAL_WAKE_LOCK  AlarmManager 0x1 750 1000
V/AlarmManager(  750): sending alarm PendingIntent{427e8c48: PendingIntentRecord{426ef000 android broadcastIntent}}, i=android.intent.action.TIME_TICK, t=3, cnt=1, w=58664158, Int=0
D/PMS     (  750): releaseWL(43247180): PARTIAL_WAKE_LOCK  AlarmManager 0x1
I/SensorManager( 1356): unregisterListenerImpl++: listener = com.google.android.location.collectionlib.cf@41c61770
W/SensorService(  750): Following SensorService logs are not warning, just make sure they are printed
W/SensorService(  750): disable: get sensor name = BOSCH BMA250 3-axis Accelerometer
W/SensorService(  750): pid=1356, uid=10031
W/SensorService(  750): Active sensors: size = 1
W/SensorService(  750): HTC Gesture sensor (handle=0x00000009, connections=1)
W/SensorService(  750): SensorService::listenerSensor++: mName = com.google.android.location.collectionlib.cf@41c61770, eanble = 0, strlen(mName) = 53
W/SensorService(  750): Active Listeners: mActiveListeners.size() = 1
W/SensorService(  750): Listener[0] = com.google.android.gms.fitness.sensors.local.b@421cd618
W/SensorService(  750): void android::SensorService::listenerSensor(const char*, int32_t)--:
D/PMS     (  750): acquireWL(43233f88): PARTIAL_WAKE_LOCK  NlpWakeLock 0x1 1356 10031
D/PMS     (  750): releaseWL(432aefa8): PARTIAL_WAKE_LOCK  NlpCollectorWakeLock 0x1
D/PMS     (  750): releaseWL(432b7338): PARTIAL_WAKE_LOCK  NlpCollectorWakeLock 0x1
D/PMS     (  750): releaseWL(432bfcd0): PARTIAL_WAKE_LOCK  NlpCollectorWakeLock 0x1
D/PMS     (  750): acquireWL(43221280): PARTIAL_WAKE_LOCK  NlpWakeLock 0x1 1356 10031
D/PMS     (  750): releaseWL(43221280): PARTIAL_WAKE_LOCK  NlpWakeLock 0x1
D/PMS     (  750): acquireWL(43216010): PARTIAL_WAKE_LOCK  UlrDispatchingService 0x1 1356 10031
D/PMS     (  750): acquireWL(441abb00): PARTIAL_WAKE_LOCK  NlpWakeLock 0x1 1356 10031
D/PMS     (  750): releaseWL(441abb00): PARTIAL_WAKE_LOCK  NlpWakeLock 0x1
D/PMS     (  750): acquireWL(44121768): PARTIAL_WAKE_LOCK  NlpWakeLock 0x1 1356 10031
D/PMS     (  750): releaseWL(44121768): PARTIAL_WAKE_LOCK  NlpWakeLock 0x1
D/PMS     (  750): acquireWL(43f6b870): PARTIAL_WAKE_LOCK  Wakeful StateMachine: GeofencerStateMachine 0x1 1356 10031
D/PMS     (  750): acquireWL(43e8ece0): PARTIAL_WAKE_LOCK  NlpWakeLock 0x1 1356 10031
D/PMS     (  750): acquireWL(43e7afb8): PARTIAL_WAKE_LOCK  NlpWakeLock 0x1 1356 10031
D/PMS     (  750): releaseWL(43e8ece0): PARTIAL_WAKE_LOCK  NlpWakeLock 0x1
D/PMS     (  750): releaseWL(43f6b870): PARTIAL_WAKE_LOCK  Wakeful StateMachine: GeofencerStateMachine 0x1
D/PMS     (  750): releaseWL(43e7afb8): PARTIAL_WAKE_LOCK  NlpWakeLock 0x1
D/PMS     (  750): releaseWL(43233f88): PARTIAL_WAKE_LOCK  NlpWakeLock 0x1
D/PMS     (  750): acquireWL(43e64de0): PARTIAL_WAKE_LOCK  NotificationRefresh_wakelock 0x1 26570 10087
D/PMS     (  750): releaseWL(43e64de0): PARTIAL_WAKE_LOCK  NotificationRefresh_wakelock 0x1
D/PMS     (  750): releaseWL(43216010): PARTIAL_WAKE_LOCK  UlrDispatchingService 0x1
D/PMS     (  750): acquireWL(43db0260): PARTIAL_WAKE_LOCK  NlpWakeLock 0x1 1356 10031
D/PMS     (  750): acquireWL(43d758b0): PARTIAL_WAKE_LOCK  AlarmManager 0x1 750 1000
V/AlarmManager(  750): sending alarm PendingIntent{42cd2198: PendingIntentRecord{42f0e798 com.google.android.gms broadcastIntent}}, i=com.google.android.gms.nlp.ALARM_WAKEUP_LOCATOR, t=2, cnt=1, w=58665903, Int=0
D/PMS     (  750): releaseWL(43d758b0): PARTIAL_WAKE_LOCK  AlarmManager 0x1
D/PMS     (  750): acquireWL(43cddd70): PARTIAL_WAKE_LOCK  NlpWakeLock 0x1 1356 10031
D/PMS     (  750): releaseWL(43cddd70): PARTIAL_WAKE_LOCK  NlpWakeLock 0x1
D/PMS     (  750): acquireWL(43cdc160): PARTIAL_WAKE_LOCK  NlpWakeLock 0x1 1356 10031
D/PMS     (  750): releaseWL(43cdc160): PARTIAL_WAKE_LOCK  NlpWakeLock 0x1
D/PMS     (  750): acquireWL(43cd1f68): PARTIAL_WAKE_LOCK  GCoreFlp 0x1 1356 10031
D/PMS     (  750): acquireWL(43cc5c98): PARTIAL_WAKE_LOCK  GCoreFlp 0x1 1356 10031
D/PMS     (  750): releaseWL(43cc5c98): PARTIAL_WAKE_LOCK  GCoreFlp 0x1
D/PMS     (  750): acquireWL(43cbb6b0): PARTIAL_WAKE_LOCK  Wakeful StateMachine: GeofencerStateMachine 0x1 1356 10031
D/PMS     (  750): releaseWL(43cbb6b0): PARTIAL_WAKE_LOCK  Wakeful StateMachine: GeofencerStateMachine 0x1
D/PMS     (  750): acquireWL(43ca52f0): PARTIAL_WAKE_LOCK  GCoreFlp 0x1 1356 10031
D/PMS     (  750): releaseWL(43ca52f0): PARTIAL_WAKE_LOCK  GCoreFlp 0x1
D/PMS     (  750): acquireWL(43c9ca60): PARTIAL_WAKE_LOCK  GCoreFlp 0x1 1356 10031
D/PMS     (  750): releaseWL(43cd1f68): PARTIAL_WAKE_LOCK  GCoreFlp 0x1
D/PMS     (  750): acquireWL(43c9af58): PARTIAL_WAKE_LOCK  wake:com.joelapenna.foursquared/com.foursquare.radar.services.RadarLocationClientFireService 0x1 30540 10209
D/PMS     (  750): releaseWL(43c9ca60): PARTIAL_WAKE_LOCK  GCoreFlp 0x1
D/PMS     (  750): acquireWL(43c94b40): PARTIAL_WAKE_LOCK  UlrDispatchingService 0x1 1356 10031
D/PMS     (  750): acquireWL(43bd4c28): PARTIAL_WAKE_LOCK  NlpWakeLock 0x1 1356 10031
D/PMS     (  750): releaseWL(43bd4c28): PARTIAL_WAKE_LOCK  NlpWakeLock 0x1
D/PMS     (  750): acquireWL(43a1ef08): PARTIAL_WAKE_LOCK  GCoreFlp 0x1 1356 10031
D/PMS     (  750): releaseWL(43a1ef08): PARTIAL_WAKE_LOCK  GCoreFlp 0x1
I/GCoreUlr( 1356): Starting service, intent=Intent { act=com.google.android.location.reporting.ACTION_LOCATION_STATUS cmp=com.google.android.gms/com.google.android.location.reporting.service.DispatchingService (has extras) }, extras=Bundle[{status=LocationStatus[cell status: STATUS_SUCCESSFUL, wifi status: STATUS_TIMED_OUT_ON_SCAN, elapsed realtime ns: 58666087558302]}]
D/WifiService(  750): releaseWifiLockLocked: WifiLock{NlpWifiLock type=2 binder=android.os.BinderProxy@42c91df0}
D/PMS     (  750): releaseWL(4329d3d8): PARTIAL_WAKE_LOCK  NlpWakeLock 0x1
D/PMS     (  750): acquireWL(43a13440): PARTIAL_WAKE_LOCK  NlpWakeLock 0x1 1356 10031
D/PMS     (  750): releaseWL(43a13440): PARTIAL_WAKE_LOCK  NlpWakeLock 0x1
D/PMS     (  750): acquireWL(43a0c300): PARTIAL_WAKE_LOCK  GCoreFlp 0x1 1356 10031
D/PMS     (  750): acquireWL(439cfef0): PARTIAL_WAKE_LOCK  NlpWakeLock 0x1 1356 10031
D/PMS     (  750): releaseWL(43a0c300): PARTIAL_WAKE_LOCK  GCoreFlp 0x1
D/PMS     (  750): releaseWL(439cfef0): PARTIAL_WAKE_LOCK  NlpWakeLock 0x1
D/PMS     (  750): acquireWL(439a8aa8): PARTIAL_WAKE_LOCK  GCoreFlp 0x1 1356 10031
D/PMS     (  750): releaseWL(439a8aa8): PARTIAL_WAKE_LOCK  GCoreFlp 0x1
D/PMS     (  750): acquireWL(43917db8): PARTIAL_WAKE_LOCK  NlpWakeLock 0x1 1356 10031
D/PMS     (  750): releaseWL(43917db8): PARTIAL_WAKE_LOCK  NlpWakeLock 0x1
D/PMS     (  750): releaseWL(43db0260): PARTIAL_WAKE_LOCK  NlpWakeLock 0x1
D/PMS     (  750): releaseWL(43c9af58): PARTIAL_WAKE_LOCK  wake:com.joelapenna.foursquared/com.foursquare.radar.services.RadarLocationClientFireService 0x1
D/LocationManagerService(  750): incoming location from: network
D/LocationManagerService(  750): incoming location from: network
D/LocationManagerService(  750):  Report location to Reciever:  PackageName= android
D/LocationManagerService(  750):  Report location to Reciever:  PackageName= android
D/LocationManagerService(  750):  Report location to Reciever:  PackageName= com.google.android.gms
D/LocationManagerService(  750):  Report location to Reciever:  PackageName= com.groupon
D/PMS     (  750): acquireWL(438794f0): PARTIAL_WAKE_LOCK  LocationManagerService 0x1 750 1000
D/PMS     (  750): acquireWL(43857f40): PARTIAL_WAKE_LOCK  LocationManagerService 0x1 750 1000
D/PMS     (  750): acquireWL(43844eb0): PARTIAL_WAKE_LOCK  LocationManagerService 0x1 750 1000
D/LocationManagerService(  750):  Report location to Reciever:  PackageName= com.google.android.gms
D/LocationManagerService(  750):  Report location to Reciever:  PackageName= com.htc.sense.hsp
D/AutoSetting(31046): service - onCreate()
D/PMS     (  750): acquireWL(438436d8): PARTIAL_WAKE_LOCK  LocationManagerService 0x1 750 1000
D/PMS     (  750): acquireWL(4381db58): PARTIAL_WAKE_LOCK  LocationManagerService 0x1 750 1000
D/PMS     (  750): acquireWL(437f6c78): PARTIAL_WAKE_LOCK  LocationManagerService 0x1 750 1000
D/QMI_FW  (  750): QCCI: QMI_CCI_TX: cntl_flag - 00, txn_id - 0734, msg_id - 0039, msg_len - 0021
D/QMI_FW  (  750): QCCI: QMUXD: xport_send[1 -> 16]: 40 bytes on conn_id=9
D/PMS     (  750): releaseWL(438794f0): PARTIAL_WAKE_LOCK  LocationManagerService 0x1
D/PMS     (  750): releaseWL(43844eb0): PARTIAL_WAKE_LOCK  LocationManagerService 0x1
D/PMS     (  750): releaseWL(4381db58): PARTIAL_WAKE_LOCK  LocationManagerService 0x1
D/PMS     (  750): releaseWL(43857f40): PARTIAL_WAKE_LOCK  LocationManagerService 0x1
D/PMS     (  750): releaseWL(437f6c78): PARTIAL_WAKE_LOCK  LocationManagerService 0x1
D/LocationManagerService(  750): request 431460e8 passive Request[POWER_NONE passive fastest=+5s0ms] from com.htc.sense.hsp(10052)
D/AutoSetting(31046): service - onStartCommand() action: com.htc.app.autosetting.location
D/LocationManagerService(  750): provider request: passive ProviderRequest[ON interval=0]
D/AutoSetting(31046): service - handleMessage() within range
D/PMS     (  750): releaseWL(438436d8): PARTIAL_WAKE_LOCK  LocationManagerService 0x1
I/GCoreUlr( 1356): Successfully inserted location
I/GCoreUlr( 1356): Not calling LocationReporter, hasMoved: true, elapsed millis: 63880, request: Moving(600000)
D/PMS     (  750): releaseWL(43c94b40): PARTIAL_WAKE_LOCK  UlrDispatchingService 0x1
D/PMS     (  750): acquireWL(43773b80): PARTIAL_WAKE_LOCK  UlrDispatchingService 0x1 1356 10031
D/QMI_FW  (  750): QCCI: QMUXD: xport_rx[1 <- 16]: 14 bytes on conn_id: 9
D/QMI_FW  (  750): QCCI: QMI_CCI_RX: cntl_flag - 02, txn_id - 0734, msg_id - 0039, msg_len - 0007
D/GpsLocationProvider(  750): [reportHTCStatus] eventMask = 2 , status = 0
D/GpsLocationProvider(  750): [reportHTCStatus] INJECT_LOCATION
D/QMI_FW  (  750): QCCI: QMUXD: xport_rx[1 <- 16]: 14 bytes on conn_id: 9
D/QMI_FW  (  750): QCCI: QMI_CCI_RX: cntl_flag - 04, txn_id - 0000, msg_id - 0039, msg_len - 0007
D/PMS     (  750): releaseWL(43773b80): PARTIAL_WAKE_LOCK  UlrDispatchingService 0x1
I/wpa_supplicant( 7198): Got an original EVENT_SCAN_RESULTS
I/wpa_supplicant( 7198): nl80211: Received scan results (9 BSSes)
I/wpa_supplicant( 7198): nl80211: Scan results indicate BSS status with e8:94:f6:ba:c9:94 as associated
I/wpa_supplicant( 7198): [titan] e8:94:f6:ba:c9:94 freq=2462 level=-61
I/wpa_supplicant( 7198): [VFI_GUEST] 64:87:88:34:67:00 freq=2437 level=-67
I/wpa_supplicant( 7198): [VFI_LAN] 64:87:88:34:67:02 freq=2437 level=-67
I/wpa_supplicant( 7198): [G6 Service Center] 00:18:0a:d7:2a:a0 freq=2437 level=-70
I/wpa_supplicant( 7198): [G6 Service Center] 00:18:0a:d7:2a:00 freq=2412 level=-70
I/wpa_supplicant( 7198): [Assist] 48:5b:39:f9:8e:28 freq=2437 level=-76
I/wpa_supplicant( 7198): [TmEnergy1] 4c:60:de:2f:4e:ca freq=2412 level=-79
I/wpa_supplicant( 7198): [Assist] 00:1c:c5:08:8a:e0 freq=2462 level=-79
I/wpa_supplicant( 7198): [G6 Service Center] 00:18:0a:d6:a0:70 freq=2462 level=-85
D/WifiStateMachine(  750): [MLHD] enter handleMediaLinkEvent SupplicantStartedState
D/WifiNative-wlan0(  750): doString: LIST_DONGLES
W/WifiHW  (  750): QCOM Debug wifi_send_command "IFNAME=wlan0 LIST_DONGLES"
D/Tethering(  750): interfaceLinkStateChanged wlan0, true
D/Tethering(  750): interfaceStatusChanged wlan0, true
D/Tethering(  750): [isWifi] getHotspotEnabled: false
D/WifiNative-wlan0(  750): doString: BSS RANGE=0- MASK=0x21987
W/WifiHW  (  750): QCOM Debug wifi_send_command "IFNAME=wlan0 BSS RANGE=0- MASK=0x21987"
D/WirelessDisplayService(  750): getDiscoveryDongleList
W/ContextImpl(  750): Calling a method in the system process without a qualified user: android.app.ContextImpl.sendBroadcast:1371 android.net.wifi.WifiStateMachine.sendDongleScanResultsAvailableBroadcast:5822 android.net.wifi.WifiStateMachine.handleMediaLinkEvent:5984 android.net.wifi.WifiStateMachine.access$5700:248 android.net.wifi.WifiStateMachine$SupplicantStartedState.processMessage:7158 
D/WifiStateMachine(  750): 0: scan result = SSID: VFI_LAN, BSSID: 64:87:88:34:67:02, capabilities: [WPA2-EAP-CCMP][ESS], level: -67, frequency: 2437, timestamp: 58666600175, distance: ?(cm), distanceSd: ?(cm)
D/WifiStateMachine(  750): 1: scan result = SSID: titan, BSSID: e8:94:f6:ba:c9:94, capabilities: [WPA-PSK-CCMP][WPA2-PSK-CCMP][WPS][ESS], level: -61, frequency: 2462, timestamp: 58666600175, distance: ?(cm), distanceSd: ?(cm)
D/WifiStateMachine(  750): 2: scan result = SSID: G6 Service Center, BSSID: 00:18:0a:d7:2a:a0, capabilities: [WPA-PSK-CCMP+TKIP][WPA2-PSK-CCMP+TKIP][ESS], level: -70, frequency: 2437, timestamp: 58666600175, distance: ?(cm), distanceSd: ?(cm)
D/WifiStateMachine(  750): 3: scan result = SSID: TmEnergy1, BSSID: 4c:60:de:2f:4e:ca, capabilities: [WPA-PSK-CCMP+TKIP][WPA2-PSK-CCMP+TKIP][WPS][ESS], level: -79, frequency: 2412, timestamp: 58666600175, distance: ?(cm), distanceSd: ?(cm)
D/WifiStateMachine(  750): 4: scan result = SSID: Assist, BSSID: 00:1c:c5:08:8a:e0, capabilities: [WPA-PSK-CCMP+TKIP][WPA2-PSK-CCMP-preauth][ESS], level: -79, frequency: 2462, timestamp: 58666600206, distance: ?(cm), distanceSd: ?(cm)
D/WifiStateMachine(  750): 5: scan result = SSID: VFI_LAN, BSSID: 64:87:88:34:67:03, capabilities: [WPA2-EAP-CCMP][ESS], level: -83, frequency: 5805, timestamp: 58601557355, distance: ?(cm), distanceSd: ?(cm)
D/WifiStateMachine(  750): 6: scan result = SSID: VFI_GUEST, BSSID: 64:87:88:34:67:01, capabilities: [WPA2-PSK-CCMP][ESS], level: -84, frequency: 5805, timestamp: 58601557355, distance: ?(cm), distanceSd: ?(cm)
D/WifiStateMachine(  750): 7: scan result = SSID: G6 Service Center, BSSID: 00:18:0a:d6:a0:70, capabilities: [WPA-PSK-CCMP+TKIP][WPA2-PSK-CCMP+TKIP][ESS], level: -85, frequency: 2462, timestamp: 58666600206, distance: ?(cm), distanceSd: ?(cm)
D/WifiStateMachine(  750): 8: scan result = SSID: G6 Service Center, BSSID: 02:18:1a:d7:2a:a0, capabilities: [WPA-PSK-CCMP+TKIP][WPA2-PSK-CCMP+TKIP][ESS], level: -87, frequency: 5180, timestamp: 58601557355, distance: ?(cm), distanceSd: ?(cm)
D/WifiStateMachine(  750): 9: scan result = SSID: VFI_GUEST, BSSID: 64:87:88:34:67:00, capabilities: [WPA2-PSK-CCMP][ESS], level: -67, frequency: 2437, timestamp: 58666600206, distance: ?(cm), distanceSd: ?(cm)
D/WifiStateMachine(  750): [ScoreAP] + roamToTopScoreAP: titan[e8:94:f6:ba:c9:94], -58, 214
D/WifiStateMachine(  750): 10: scan result = SSID: HP-Print-CC-Officejet Pro 8600, BSSID: d8:9d:67:e7:b7:cc, capabilities: [WPA2-PSK-CCMP][ESS], level: -85, frequency: 2437, timestamp: 58601557324, distance: ?(cm), distanceSd: ?(cm)
D/WifiStateMachine(  750): 11: scan result = SSID: PRIVICOR-2.4, BSSID: 00:26:75:c0:4d:c6, capabilities: [WPA-PSK-CCMP+TKIP][WPA2-PSK-CCMP+TKIP][ESS], level: -85, frequency: 2422, timestamp: 58601557324, distance: ?(cm), distanceSd: ?(cm)
D/WifiStateMachine(  750): 12: scan result = SSID: G6 Service Center, BSSID: 00:18:0a:d7:2a:00, capabilities: [WPA-PSK-CCMP+TKIP][WPA2-PSK-CCMP+TKIP][ESS], level: -70, frequency: 2412, timestamp: 58666600175, distance: ?(cm), distanceSd: ?(cm)
D/WifiStateMachine(  750): 13: scan result = SSID: Assist, BSSID: 48:5b:39:f9:8e:28, capabilities: [WPA2-PSK-CCMP][ESS], level: -76, frequency: 2437, timestamp: 58666600206, distance: ?(cm), distanceSd: ?(cm)
D/WifiStateMachine(  750): add 14 to mScanResults
V/ScoreHelper(  750): Only print Top 10 in ApScanList
V/ScoreHelper(  750):  + ScoreResult:  84, AP:                            titan [e8:94:f6:ba:c9:94], Rssi: 15 [-61], Tx: 13, Freq:  6 [2462], Disconn: 50, Last Used:  0
V/ScoreHelper(  750):  + ScoreResult:  82, AP:                G6 Service Center [00:18:0a:d7:2a:00], Rssi: 12 [-70], Tx: 13, Freq:  7 [2412], Disconn: 50, Last Used:  0
V/ScoreHelper(  750):  + ScoreResult:  80, AP:                          VFI_LAN [64:87:88:34:67:02], Rssi: 13 [-67], Tx: 13, Freq:  4 [2437], Disconn: 50, Last Used:  0
V/ScoreHelper(  750):  + ScoreResult:  80, AP:                        VFI_GUEST [64:87:88:34:67:00], Rssi: 13 [-67], Tx: 13, Freq:  4 [2437], Disconn: 50, Last Used:  0
V/ScoreHelper(  750):  + ScoreResult:  79, AP:                G6 Service Center [00:18:0a:d7:2a:a0], Rssi: 12 [-70], Tx: 13, Freq:  4 [2437], Disconn: 50, Last Used:  0
V/ScoreHelper(  750):  + ScoreResult:  78, AP:                        TmEnergy1 [4c:60:de:2f:4e:ca], Rssi:  8 [-79], Tx: 13, Freq:  7 [2412], Disconn: 50, Last Used:  0
V/ScoreHelper(  750):  + ScoreResult:  77, AP:                           Assist [00:1c:c5:08:8a:e0], Rssi:  8 [-79], Tx: 13, Freq:  6 [2462], Disconn: 50, Last Used:  0
V/ScoreHelper(  750):  + ScoreResult:  76, AP:                     PRIVICOR-2.4 [00:26:75:c0:4d:c6], Rssi:  4 [-85], Tx: 13, Freq:  9 [2422], Disconn: 50, Last Used:  0
V/ScoreHelper(  750):  + ScoreResult:  75, AP:                           Assist [48:5b:39:f9:8e:28], Rssi:  8 [-76], Tx: 13, Freq:  4 [2437], Disconn: 50, Last Used:  0
V/ScoreHelper(  750):  + ScoreResult:  73, AP:                G6 Service Center [02:18:1a:d7:2a:a0], Rssi:  0 [-87], Tx: 13, Freq: 10 [5180], Disconn: 50, Last Used:  0
D/WifiStateMachine(  750): fetchCapability(), capabilities = [WPA-PSK-CCMP][WPA2-PSK-CCMP][WPS][ESS]
D/WifiStateMachine(  750): fetchCapability(), capabilities = [WPA-PSK-CCMP][WPA2-PSK-CCMP][WPS][ESS]
V/ScoreHelper(  750):  + computeScore(titan): 1
D/WifiStateMachine(  750): [ScoreAP] + No alternative AP to roam except current AP [1], titan
D/WifiStateMachine(  750): == begin of scan result ==
D/WifiStateMachine(  750): == (14) end of scan result ==
D/WifiManager( 1356): getScanResults enter 
D/WifiManager(23799): getScanResults enter 
D/WifiManager(30540): getScanResults enter 
D/BatSI   (  750): WIFI scan stopped for: 440a0020 uid:10209
D/WifiStateMachine(  750): == begin of scan result ==
D/WifiStateMachine(  750): == (14) end of scan result ==
D/WirelessDisplayService(  750): getDiscoveryDongleList
D/WifiManager( 1356): getScanResults enter 
D/WifiStateMachine(  750): == begin of scan result ==
D/WifiStateMachine(  750): == (14) end of scan result ==
D/WifiStateMachine(  750): == begin of scan result ==
D/WifiStateMachine(  750): == (14) end of scan result ==
D/WifiStateMachine(  750): == begin of scan result ==
D/WifiStateMachine(  750): == (14) end of scan result ==
I/wpa_supplicant( 7198): Got ENV Dirty
I/wpa_supplicant( 7198): WiFioffload Got ENV Dirty, enabled = 0
D/Tethering(  750): interfaceLinkStateChanged wlan0, true
D/Tethering(  750): interfaceStatusChanged wlan0, true
D/Tethering(  750): [isWifi] getHotspotEnabled: false
I/wpa_supplicant( 7198): WiFioffload RSSI = -60, LINKSPEED = 52
I/wpa_supplicant( 7198): WiFioffload: wifi_to_mobile: 0, mobile_avalible: 0, mobile_link_speed: -1, mobile_signal:0, isCon:0
E/Gmail   (31126): expected to find 4 more messages, only got 0
D/PMS     (  750): acquireWL(4333c780): PARTIAL_WAKE_LOCK  SyncLoopWakeLock 0x1 750 1000
D/PMS     (  750): releaseWL(43e7d7b0): PARTIAL_WAKE_LOCK  *sync*/com.google.android.gm.email.provider/com.google.android.gm.legacyimap/***** 0x1
D/WifiNative-wlan0(  750): doString: SIGNAL_POLL
W/WifiHW  (  750): QCOM Debug wifi_send_command "IFNAME=wlan0 SIGNAL_POLL"
D/WifiNative-wlan0(  750): doString: SIGNAL_POLL
W/WifiHW  (  750): QCOM Debug wifi_send_command "IFNAME=wlan0 SIGNAL_POLL"
D/WifiNative-wlan0(  750): doString: SIGNAL_POLL
W/WifiHW  (  750): QCOM Debug wifi_send_command "IFNAME=wlan0 SIGNAL_POLL"
D/WifiNative-wlan0(  750): doString: SIGNAL_POLL
W/WifiHW  (  750): QCOM Debug wifi_send_command "IFNAME=wlan0 SIGNAL_POLL"
D/PMS     (  750): acquireWL(43159b98): PARTIAL_WAKE_LOCK  *sync*/com.google.android.gm.email.provider/com.google.android.gm.legacyimap/***** 0x1 750 1000
D/PMS     (  750): releaseWL(4333c780): PARTIAL_WAKE_LOCK  SyncLoopWakeLock 0x1
D/PMS     (  750): acquireWL(434c9c80): PARTIAL_WAKE_LOCK  SyncLoopWakeLock 0x1 750 1000
D/PMS     (  750): releaseWL(434c9c80): PARTIAL_WAKE_LOCK  SyncLoopWakeLock 0x1
D/PMS     (  750): acquireWL(439b6588): PARTIAL_WAKE_LOCK  SyncLoopWakeLock 0x1 750 1000
D/WifiNative-wlan0(  750): doString: SIGNAL_POLL
W/WifiHW  (  750): QCOM Debug wifi_send_command "IFNAME=wlan0 SIGNAL_POLL"
D/PMS     (  750): releaseWL(43159b98): PARTIAL_WAKE_LOCK  *sync*/com.google.android.gm.email.provider/com.google.android.gm.legacyimap/***** 0x1
D/PMS     (  750): acquireWL(4378a118): PARTIAL_WAKE_LOCK  *sync*/com.google.android.gm.email.provider/com.google.android.gm.legacyimap/***** 0x1 750 1000
D/WifiNative-wlan0(  750): doString: SIGNAL_POLL
W/WifiHW  (  750): QCOM Debug wifi_send_command "IFNAME=wlan0 SIGNAL_POLL"
D/PMS     (  750): releaseWL(439b6588): PARTIAL_WAKE_LOCK  SyncLoopWakeLock 0x1
D/PMS     (  750): acquireWL(41d82a60): PARTIAL_WAKE_LOCK  SyncLoopWakeLock 0x1 750 1000
D/PMS     (  750): releaseWL(41d82a60): PARTIAL_WAKE_LOCK  SyncLoopWakeLock 0x1
D/PMS     (  750): acquireWL(4333cff0): PARTIAL_WAKE_LOCK  SyncLoopWakeLock 0x1 750 1000
I/IntentController(  919): receive(android.intent.action.SYNC_STATE_CHANGED,1,false)
D/PMS     (  750): releaseWL(4378a118): PARTIAL_WAKE_LOCK  *sync*/com.google.android.gm.email.provider/com.google.android.gm.legacyimap/***** 0x1
D/PMS     (  750): releaseWL(4333cff0): PARTIAL_WAKE_LOCK  SyncLoopWakeLock 0x1
D/PhoneStatusBar(  919): removeIcon slot=sync_active index=7 viewIndex=0
D/PMS     (  750): acquireWL(43326d38): PARTIAL_WAKE_LOCK  SyncManagerHandleSyncAlarm 0x1 750 1000
D/PMS     (  750): acquireWL(41cbec90): PARTIAL_WAKE_LOCK  AlarmManager 0x1 750 1000
V/AlarmManager(  750): sending alarm PendingIntent{42192ad8: PendingIntentRecord{42dbdc58 android broadcastIntent}}, i=android.content.syncmanager.SYNC_ALARM, t=2, cnt=1, w=58682410, Int=0
D/PMS     (  750): releaseWL(41cbec90): PARTIAL_WAKE_LOCK  AlarmManager 0x1
D/PMS     (  750): acquireWL(42b10158): PARTIAL_WAKE_LOCK  SyncLoopWakeLock 0x1 750 1000
D/WifiNative-wlan0(  750): doString: SIGNAL_POLL
W/WifiHW  (  750): QCOM Debug wifi_send_command "IFNAME=wlan0 SIGNAL_POLL"
D/WifiNative-wlan0(  750): doString: SIGNAL_POLL
W/WifiHW  (  750): QCOM Debug wifi_send_command "IFNAME=wlan0 SIGNAL_POLL"
D/WifiNative-wlan0(  750): doString: SIGNAL_POLL
W/WifiHW  (  750): QCOM Debug wifi_send_command "IFNAME=wlan0 SIGNAL_POLL"
D/WifiNative-wlan0(  750): doString: SIGNAL_POLL
W/WifiHW  (  750): QCOM Debug wifi_send_command "IFNAME=wlan0 SIGNAL_POLL"
D/WifiNative-wlan0(  750): doString: SIGNAL_POLL
W/WifiHW  (  750): QCOM Debug wifi_send_command "IFNAME=wlan0 SIGNAL_POLL"
D/WifiNative-wlan0(  750): doString: SIGNAL_POLL
W/WifiHW  (  750): QCOM Debug wifi_send_command "IFNAME=wlan0 SIGNAL_POLL"
D/WifiNative-wlan0(  750): doString: SIGNAL_POLL
W/WifiHW  (  750): QCOM Debug wifi_send_command "IFNAME=wlan0 SIGNAL_POLL"
D/WifiNative-wlan0(  750): doString: SIGNAL_POLL
W/WifiHW  (  750): QCOM Debug wifi_send_command "IFNAME=wlan0 SIGNAL_POLL"
D/WifiNative-wlan0(  750): doString: SIGNAL_POLL
W/WifiHW  (  750): QCOM Debug wifi_send_command "IFNAME=wlan0 SIGNAL_POLL"
D/WifiNative-wlan0(  750): doString: SIGNAL_POLL
W/WifiHW  (  750): QCOM Debug wifi_send_command "IFNAME=wlan0 SIGNAL_POLL"
D/PMS     (  750): acquireWL(431377d8): PARTIAL_WAKE_LOCK  *sync*/com.google.android.apps.plus.content.EsProvider/com.google/***** 0x1 750 1000
I/ActivityManager(  750): Start proc com.google.android.apps.plus for service com.google.android.apps.plus/.service.EsSyncAdapterService: pid=31359 uid=10171 gids={50171, 3003, 5012, 3002, 1028, 1015}
D/PMS     (  750): acquireWL(43ed5480): PARTIAL_WAKE_LOCK  *sync*/com.google.android.gms.fitness/com.google/***** 0x1 750 1000
I/Fitness ( 1356): create fitness syncAdapterService
I/Fitness ( 1356): bind fitness syncAdapterService
D/PMS     (  750): releaseWL(43326d38): PARTIAL_WAKE_LOCK  SyncManagerHandleSyncAlarm 0x1
D/PMS     (  750): releaseWL(42b10158): PARTIAL_WAKE_LOCK  SyncLoopWakeLock 0x1
D/PMS     (  750): acquireWL(440c44a0): PARTIAL_WAKE_LOCK  SyncLoopWakeLock 0x1 750 1000
D/WifiNative-wlan0(  750): doString: SIGNAL_POLL
W/WifiHW  (  750): QCOM Debug wifi_send_command "IFNAME=wlan0 SIGNAL_POLL"
D/PMS     (  750): releaseWL(440c44a0): PARTIAL_WAKE_LOCK  SyncLoopWakeLock 0x1
D/WifiNative-wlan0(  750): doString: SIGNAL_POLL
W/WifiHW  (  750): QCOM Debug wifi_send_command "IFNAME=wlan0 SIGNAL_POLL"
D/WifiNative-wlan0(  750): doString: SIGNAL_POLL
W/WifiHW  (  750): QCOM Debug wifi_send_command "IFNAME=wlan0 SIGNAL_POLL"
D/WifiNative-wlan0(  750): doString: SIGNAL_POLL
W/WifiHW  (  750): QCOM Debug wifi_send_command "IFNAME=wlan0 SIGNAL_POLL"
D/WifiNative-wlan0(  750): doString: SIGNAL_POLL
W/WifiHW  (  750): QCOM Debug wifi_send_command "IFNAME=wlan0 SIGNAL_POLL"
D/WifiNative-wlan0(  750): doString: SIGNAL_POLL
W/WifiHW  (  750): QCOM Debug wifi_send_command "IFNAME=wlan0 SIGNAL_POLL"
D/PMS     (  750): acquireWL(4400cd30): PARTIAL_WAKE_LOCK  SyncLoopWakeLock 0x1 750 1000
I/Fitness ( 1356): sync: Account {name=cle*********************m, type=com.google}, extras: Bundle[{sync_periodic=true}]
D/PMS     (  750): releaseWL(4400cd30): PARTIAL_WAKE_LOCK  SyncLoopWakeLock 0x1
W/GmsApplication( 1356): Using Auth Proxy for data requests.
D/WifiNative-wlan0(  750): doString: SIGNAL_POLL
W/WifiHW  (  750): QCOM Debug wifi_send_command "IFNAME=wlan0 SIGNAL_POLL"
D/WifiNative-wlan0(  750): doString: SIGNAL_POLL
W/WifiHW  (  750): QCOM Debug wifi_send_command "IFNAME=wlan0 SIGNAL_POLL"
I/PackageManager(  750):  setEnabledSetting(), pkgName=com.google.android.apps.plus, clsName=com.google.android.apps.moviemaker.MovieMakerActivity, state=0, flag=1, pid=31359, uid=10171, userID:0
I/PackageManager(  750):  setEnabledSetting(), pkgName=com.google.android.apps.plus, clsName=com.google.android.apps.moviemaker.analyzer.AnalyzerService, state=0, flag=1, pid=31359, uid=10171, userID:0
I/PackageManager(  750):  setEnabledSetting(), pkgName=com.google.android.apps.plus, clsName=com.google.android.apps.moviemaker.service.PostCaptureAnalyzerService, state=0, flag=1, pid=31359, uid=10171, userID:0
I/PackageManager(  750):  setEnabledSetting(), pkgName=com.google.android.apps.plus, clsName=com.google.android.apps.moviemaker.service.PluggedInAnalyzerService, state=0, flag=1, pid=31359, uid=10171, userID:0
I/PackageManager(  750):  setEnabledSetting(), pkgName=com.google.android.apps.plus, clsName=com.google.android.apps.moviemaker.receiver.NewVideoReceiver, state=0, flag=1, pid=31359, uid=10171, userID:0
I/PackageManager(  750):  setEnabledSetting(), pkgName=com.google.android.apps.plus, clsName=com.google.android.apps.moviemaker.receiver.PowerStatusReceiver, state=0, flag=1, pid=31359, uid=10171, userID:0
W/dalvikvm(31359): VFY: unable to resolve virtual method 1657: Landroid/app/Notification$Builder;.setVisibility (I)Landroid/app/Notification$Builder;
D/PMS     (  750): acquireWL(4407fb40): PARTIAL_WAKE_LOCK  SyncLoopWakeLock 0x1 750 1000
D/PMS     (  750): releaseWL(4407fb40): PARTIAL_WAKE_LOCK  SyncLoopWakeLock 0x1
I/GLSActivity( 1298): [ad] getting account id
I/GLSUser ( 1298): [p] Fetched account id for clement.cl.chai@gmail.com : 118074950085935387332
I/GLSActivity( 1298): [ad] getting account id
I/GLSUser ( 1298): [p] Fetched account id for clement.us.chai@gmail.com : 111420819921969117840
D/libc    (31359): [NET] getaddrinfo+,hn 18(0x7777772e676f6f),sn(),family 2,flags 1024
D/libc    (31359): [NET] getaddrinfo-, 1
D/libc    (31359): [NET] getaddrinfo_proxy+
D/libc    (  263): [NET] getaddrinfo+,hn 18(0x7777772e676f6f),sn(),family 2,flags 1024
D/libc    (  263): [NET] +++++ res_nsend xid =656a +++++
D/libc    (  263): [NET] res_nLookupCache: rstatp->iface =
D/libc    (  263): [NET][SMD][Mode1][Exit3] WARNING, tcp syn fail is detected, ip_addr=61.8.239.76
D/libc    (  263): [NET]res_queryN: exit 3, ancount=2
D/libc    (  263): [NET]_dns_getaddrinfo-, (NS_SUCCESS)
D/libc    (  263): [NET] getaddrinfo-, SUCCESS
D/libc    (31359): [NET] getaddrinfo_proxy-, success
D/PMS     (  750): acquireWL(43a1eb90): PARTIAL_WAKE_LOCK  *net_scheduler* 0x1 1298 10031
D/PMS     (  750): acquireWL(441c0468): PARTIAL_WAKE_LOCK  fingerprint_scanner_static 0x1 31359 10171
D/PMS     (  750): releaseWL(43a1eb90): PARTIAL_WAKE_LOCK  *net_scheduler* 0x1
D/PMS     (  750): acquireWL(441c02d8): PARTIAL_WAKE_LOCK  fingerprint_scanner_local 0x1 31359 10171
D/PMS     (  750): releaseWL(441c0468): PARTIAL_WAKE_LOCK  fingerprint_scanner_static 0x1
W/GmsApplication( 1356): Using Auth Proxy for data requests.
D/PMS     (  750): releaseWL(441c02d8): PARTIAL_WAKE_LOCK  fingerprint_scanner_local 0x1
D/PMS     (  750): acquireWL(44114698): PARTIAL_WAKE_LOCK  *net_scheduler* 0x1 1298 10031
D/PMS     (  750): releaseWL(44114698): PARTIAL_WAKE_LOCK  *net_scheduler* 0x1
W/GmsApplication( 1356): Using Auth Proxy for data requests.
I/ActivityManager(  750): Recipient 26570
I/ActivityManager(  750): Process com.google.android.googlequicksearchbox:search (pid 26570) has died.
D/WifiService(  750): Client connection lost with reason: 4
I/GLSActivity( 1298): [ad] getting account id
I/GLSUser ( 1298): [p] Fetched account id for clement.cl.chai@gmail.com : 118074950085935387332
W/dalvikvm(31359): VFY: unable to resolve instance field 244
W/dalvikvm(31359): VFY: unable to resolve instance field 244
D/PMS     (  750): acquireWL(43c94b40): PARTIAL_WAKE_LOCK  *net_scheduler* 0x1 1298 10031
D/PMS     (  750): releaseWL(43c94b40): PARTIAL_WAKE_LOCK  *net_scheduler* 0x1
E/Fitness ( 1356): Data source derived:com.google.distance.delta:com.google.android.gms:pruned_distance already registered with realm MIXED -- cannot re-register with realm SERVER
W/Fitness ( 1356): No default data source set for com.google.android.apps.fitness.activity.baseline
W/Fitness ( 1356): No default data source set for com.google.android.apps.fitness.step_count.baseline
W/Fitness ( 1356): No default data source set for com.google.android.apps.fitness.time_zone
W/GmsApplication( 1356): Using Auth Proxy for data requests.
D/PMS     (  750): acquireWL(427f4f60): PARTIAL_WAKE_LOCK  *net_scheduler* 0x1 1298 10031
D/PMS     (  750): releaseWL(427f4f60): PARTIAL_WAKE_LOCK  *net_scheduler* 0x1
I/Fitness ( 1356): deleted 2 out of 2
W/GmsApplication( 1356): Using Auth Proxy for data requests.
I/PackageManager(  750):  setEnabledSetting(), pkgName=com.google.android.apps.plus, clsName=com.google.android.apps.moviemaker.MovieMakerActivity, state=0, flag=1, pid=31359, uid=10171, userID:0
I/PackageManager(  750):  setEnabledSetting(), pkgName=com.google.android.apps.plus, clsName=com.google.android.apps.moviemaker.analyzer.AnalyzerService, state=0, flag=1, pid=31359, uid=10171, userID:0
I/PackageManager(  750):  setEnabledSetting(), pkgName=com.google.android.apps.plus, clsName=com.google.android.apps.moviemaker.service.PostCaptureAnalyzerService, state=0, flag=1, pid=31359, uid=10171, userID:0
I/PackageManager(  750):  setEnabledSetting(), pkgName=com.google.android.apps.plus, clsName=com.google.android.apps.moviemaker.service.PluggedInAnalyzerService, state=0, flag=1, pid=31359, uid=10171, userID:0
I/PackageManager(  750):  setEnabledSetting(), pkgName=com.google.android.apps.plus, clsName=com.google.android.apps.moviemaker.receiver.NewVideoReceiver, state=0, flag=1, pid=31359, uid=10171, userID:0
I/PackageManager(  750):  setEnabledSetting(), pkgName=com.google.android.apps.plus, clsName=com.google.android.apps.moviemaker.receiver.PowerStatusReceiver, state=0, flag=1, pid=31359, uid=10171, userID:0
D/InputDispatcher(  750): ActualScreenOn=0
D/PMS     (  750): acquireWL(42d04048): PARTIAL_WAKE_LOCK  *net_scheduler* 0x1 1298 10031
D/InputDispatcher(  750): notify PowerKey:0
I/PMS     (  750): Waking up from sleep...
I/SensorManager(  750): registerListenerImpl: listener = com.android.internal.policy.impl.WindowOrientationListener$SensorEventListenerImpl@42c14cb0, sensor = {Sensor name="BOSCH BMA250 3-axis Accelerometer", vendor="BOSCH", version=1, type=1, maxRange=39.2266, resolution=0.038307227, power=0.1, minDelay=10000}, delay = 66667, handler = Handler (com.android.internal.policy.impl.PhoneWindowManager$PolicyHandler) {42c3bdd8}
W/SensorService(  750): Following SensorService logs are not warning, just make sure they are printed
W/SensorService(  750): enable: get sensor name = BOSCH BMA250 3-axis Accelerometer
W/SensorService(  750): pid=750, uid=1000
W/SensorService(  750): Active sensors: size = 2
W/SensorService(  750): BOSCH BMA250 3-axis Accelerometer (handle=0x00000004, connections=1)
W/SensorService(  750): HTC Gesture sensor (handle=0x00000009, connections=1)
W/SensorService(  750): SensorService::listenerSensor++: mName = com.android.internal.policy.impl.WindowOrientationListener$SensorEventListenerImpl@42c14cb0, eanble = 1, strlen(mName) = 91
W/SensorService(  750): Active Listeners: mActiveListeners.size() = 2
W/SensorService(  750): Listener[0] = com.google.android.gms.fitness.sensors.local.b@421cd618
W/SensorService(  750): Listener[1] = com.android.internal.policy.impl.WindowOrientationListener$SensorEventListenerImpl@42c14cb0
W/SensorService(  750): void android::SensorService::listenerSensor(const char*, int32_t)--:
V/KeyguardServiceDelegate(  750): onScreenTurnedOn(showListener = com.android.internal.policy.impl.PhoneWindowManager$21@424afb40)
I/SensorManager(  750): registerListenerImpl: listener = com.android.server.power.DisplayPowerController$10@4244cad8, sensor = {Sensor name="CM36282 Light sensor", vendor="Capella Microsystems", version=1, type=5, maxRange=10240.0, resolution=1.0, power=0.15, minDelay=0}, delay = 1000000, handler = Handler (com.android.server.power.DisplayPowerController$DisplayControllerHandler) {42c98468}
D/PMN     (  750): wakingUp
W/SensorService(  750): Following SensorService logs are not warning, just make sure they are printed
W/SensorService(  750): enable: get sensor name = CM36282 Light sensor
D/PMS     (  750): releaseWL(42d04048): PARTIAL_WAKE_LOCK  *net_scheduler* 0x1
D/InputDispatcher(  750): ActualScreenOn=0
D/PMS     (  750): nativeSetAutoSuspend:false
I/Fitness ( 1356): deleted 0 out of 0
D/PMS     (  750): nativeSetAutoSuspend:false done
D/PMS     (  750): nativeSetInteractive:true
D/PMS     (  750): nativeSetInteractive:true done
V/KeyguardServiceDelegate(  750): **** SHOWN CALLED ****
I/WindowManager(  750): Lock screen displayed!
D/AlarmManager(  750): ACTION_SCREEN_ON
D/PMN     (  750): onScreenOn
D/WifiDataStallTracker(  750): onReceive: action=android.intent.action.SCREEN_ON
D/WifiDataStallTracker(  750): startDataStallAlarm: tag=43201 delay=30s
D/WifiNative-wlan0(  750): doBoolean: SET_SCREEN_ON 1
W/WifiHW  (  750): QCOM Debug wifi_send_command "IFNAME=wlan0 SET_SCREEN_ON 1"
I/wpa_supplicant( 7198): SET_SCREEN_ON:On
D/WifiNative-wlan0(  750): doString: SIGNAL_POLL
I/wpa_supplicant( 7198): BG scan when screen On
I/wpa_supplicant( 7198): wlan0: Scan req: 0 sec 0 usec
I/wpa_supplicant( 7198): wlan0: wpa_supplicant_scan enter
I/wpa_supplicant( 7198): wlan0: Match BG scan, scan!
I/wpa_supplicant( 7198): wlan0: ap_scan=1 , scan_req =2
D/WifiNative-wlan0(  750):    returned true
I/wpa_supplicant( 7198): Scan req (ret=0) - timeout 30 secs
I/AlarmManager(  750): [AlarmQueuing] recover blocked alarms
I/AlarmManager(  750): [AlarmQueuing] done recovering
I/AlarmManager(  750): [AlarmQueuing] recover EPS screen off blocked alarms
I/AlarmManager(  750): [AlarmQueuing] done EPS screen off alarm recovering
W/WifiHW  (  750): QCOM Debug wifi_send_command "IFNAME=wlan0 SIGNAL_POLL"
W/SensorService(  750): pid=750, uid=1000
W/SensorService(  750): Active sensors: size = 3
W/SensorService(  750): BOSCH BMA250 3-axis Accelerometer (handle=0x00000004, connections=1)
W/SensorService(  750): CM36282 Light sensor (handle=0x00000008, connections=1)
W/SensorService(  750): HTC Gesture sensor (handle=0x00000009, connections=1)
W/SensorService(  750): SensorService::listenerSensor++: mName = com.android.server.power.DisplayPowerController$10@4244cad8, eanble = 1, strlen(mName) = 59
W/SensorService(  750): Active Listeners: mActiveListeners.size() = 3
W/SensorService(  750): Listener[0] = com.google.android.gms.fitness.sensors.local.b@421cd618
W/SensorService(  750): Listener[1] = com.android.internal.policy.impl.WindowOrientationListener$SensorEventListenerImpl@42c14cb0
W/SensorService(  750): Listener[2] = com.android.server.power.DisplayPowerController$10@4244cad8
W/SensorService(  750): void android::SensorService::listenerSensor(const char*, int32_t)--:
D/WifiStateMachine(  750): fetchRssiAndLinkSpeedNative RSSI = -61 abnormalRssiCnt = 0 newLinkSpeed = 39
D/WifiStateMachine(  750): fetchRssiAndLinkSpeedNative mLinkspeedCount = 2, mLinkspeedSum: 78
D/PMS     (  750): acquireWL(4331bea8): PARTIAL_WAKE_LOCK  BatteryServiceUpdateStats_3 0x1 0 0
I/BatteryService(  750): n_update end
D/PMS     (  750): releaseWL(4331bea8): PARTIAL_WAKE_LOCK  BatteryServiceUpdateStats_3 0x1
D/XAN-DPC (  750): Unblocked screen on after 58688186 ms
D/WifiNative-wlan0(  750): doBoolean: DRIVER SETSUSPENDMODE 0
W/WifiHW  (  750): QCOM Debug wifi_send_command "IFNAME=wlan0 DRIVER SETSUSPENDMODE 0"
D/HABCtrl (  750): ALG=2, lsvalue=320(5th)->320(5th), last_level=5, lValue=142->142
D/HtcPowerSaver(  750): updateBatteryInfo
D/UsbnetService(  750): BroadcastReceiver::onReceive+
D/UsbnetService(  750): onReceive BATTERY_CHANGED
D/UsbnetService(  750):  --> pluggedType = 2, mPluggedType = 0, mScreenOff = false
D/UsbnetService(  750): BroadcastReceiver::onReceive-
D/WifiNative-wlan0(  750):    returned true
D/PMS     (  750): runPSCheck
I/ActivityManager(  750): Recipient 30851
D/WifiService(  750): Client connection lost with reason: 4
I/ActivityManager(  750): Process com.htc.htcpowermanager:remote (pid 30851) has died.
D/HtcPowerSaver(  750): Checking...
I/HtcPowerSaver(  750): >> updateStatus
I/BroadcastQueue(  750): Schedule to resend BroadcastRecord{43f015f8 u-1 ALARM_FRAMEWORK_BROADCAST_ACTION_SCREEN_ON callingPid=750 callingUid=1000} for ResolveInfo{43361eb0 com.htc.htcpowermanager/.smartsync.SmartSyncDataLinkTurnOffReceiver m=0x108000} of com.htc.htcpowermanager:remote
E/qdexternal(  255): writeHPDOption: state file '/sys/devices/virtual/graphics/fb1/hpd' not found : ret-1 err str: Permission denied
D/SurfaceControl(  750): Excessive delay in unblankDisplay() while turning screen on: 4472ms
D/WIFI_ICON(  919): WifiActivity: 3
I/IntentController(  919): receive(android.intent.action.BATTERY_CHANGED,1,false)
D/StatusBar.NetworkController(  919): dumpIcon[(gone) stat_sys_5signal_2|null stat_sys_wifi_signal_inandout_4 (gone) F]
D/PowerUI (  919): closing low battery warning: level=58
D/PowerUI (  919): plugged = true, health = 2, mBatteryLevel = 58, mPluggedBatteryLevel = 54, mLowBatteryWarningLevel2 = 25, mshowLowChargingWarning2 = true
I/GAV2    (31359): Thread[GAThread,5,main]: No campaign data found.
D/WirelessDisplayService(  750): ScreenReceiver;android.intent.action.SCREEN_ON,callOnGoing: false, Screen On: true
I/HtcPowerSaver(  750): updateStatus (8002,58,-1,true,false,false,-1)
I/HtcPowerSaver(  750): << updateStatus
I/ActivityManager(  750): Start proc com.htc.htcpowermanager:remote for broadcast com.htc.htcpowermanager/.smartsync.SmartSyncDataLinkTurnOffReceiver: pid=31442 uid=1000 gids={41000, 5006, 5001, 1028, 1015, 3002, 3001, 3003, 5012, 9985, 1023, 5011, 3006, 1007}
I/InputMethodManagerService(  750): screenObserver, isScreenOn=true
D/PMS     (  750): OOBE c monitor 11
V/LightsService(  750): setLight #0: color=#57
D/NfcService( 1044): ScreenObserver: ON_LOCKED
D/NfcService( 1044): applyRouting - 0
D/NfcService( 1044): applyRouting -2
I/InputMethodManagerService(  750): Enable input method client, pid=1059
D/PMS     (  750): acquireWL(41cee980): PARTIAL_WAKE_LOCK  NfcService:mRoutingWakeLock 0x1 1044 1027
D/PMS     (  750): releaseWL(41cee980): PARTIAL_WAKE_LOCK  NfcService:mRoutingWakeLock 0x1
V/LightsService(  750): setLight #0: color=#5a
D/PhoneStatusBar(  919): new rot = 0, old rot = 0
D/NetworkPolicy(  750): updateScreenOn: true
D/WifiNative-wlan0(  750): doString: SIGNAL_POLL
W/WifiHW  (  750): QCOM Debug wifi_send_command "IFNAME=wlan0 SIGNAL_POLL"
I/ActivityManager(  750): Recipient 30959
I/ActivityManager(  750): Process am.sunrise.android.calendar (pid 30959) has died.
V/LightsService(  750): setLight #0: color=#5b
D/AppWidgetHostView(  919): updateAppWidget mInfo = AppWidgetProviderInfo(provider=ComponentInfo{com.htc.widget.notification/com.htc.widget.notification.Notification4x4})
V/LightsService(  750): setLight #0: color=#5c
I/RemoteViews(  919): com.htc.widget.notification (true,33751493)
I/RemoteViews.Performance(  919): com.htc.widget.notification 1 12 40
V/LightsService(  750): setLight #0: color=#5d
V/LightsService(  750): setLight #0: color=#5e
D/PMS     (  750): acquireWL(431b1e30): PARTIAL_WAKE_LOCK  Wakeful StateMachine: GeofencerStateMachine 0x1 1356 10031
D/PMS     (  750): releaseWL(431b1e30): PARTIAL_WAKE_LOCK  Wakeful StateMachine: GeofencerStateMachine 0x1
D/PMS     (  750): acquireWL(43164f80): PARTIAL_WAKE_LOCK  GCoreFlp 0x1 1356 10031
D/PMS     (  750): releaseWL(43164f80): PARTIAL_WAKE_LOCK  GCoreFlp 0x1
I/ActivityManager(  750): Recipient 30540
D/WifiService(  750): Client connection lost with reason: 4
W/PropertyValuesHolder(  919): Method setMyDrawable() with type int not found on target class class com.htc.lockscreen.ui.ArrowAnimationView
I/ActivityManager(  750): Process com.joelapenna.foursquared (pid 30540) has died.
D/SmartSyncUtils(31442): isEpsOn(), nState = 0
I/[HTC_BLE_2013.12.02.SDKBUILD][BaseLeProfiles](17705): onScreenOn: false
I/[HTC_BLE_2013.12.02.SDKBUILD][LocalBatteryService](17705): onScreenOn: 1421310504455
I/[HTC_BLE_2013.12.02.SDKBUILD][LocalLinkService](17705): onScreenOn: 1421310504455
V/LightsService(  750): setLight #0: color=#5f
I/ClockThread(  919): start update clock
I/ClockThread(  919): now=1421310504484 next=35516
D/SmartSyncUtils(31442): getMobilePolicyEnabled, result = true
V/LightsService(  750): setLight #0: color=#60
W/GmsApplication( 1356): Using Auth Proxy for data requests.
V/LightsService(  750): setLight #0: color=#61
V/LightsService(  750): setLight #0: color=#62
V/LightsService(  750): setLight #0: color=#63
D/PMS     (  750): acquireWL(440e3680): PARTIAL_WAKE_LOCK  SmartSyncScreenOnOffTimeReceiver_3 0x1 31442 1000
V/LightsService(  750): setLight #0: color=#64
W/ContextImpl(  750): Calling a method in the system process without a qualified user: android.app.ContextImpl.startService:1727 android.content.ContextWrapper.startService:501 android.content.ContextWrapper.startService:501 com.htc.smartdim.SystemIntentReceiver.onReceive:143 android.app.ActivityThread.handleReceiver:2833 
D/TelephonyRegistry(  750): This is not dual project
D/WifiStateMachine(  750): get mPhoneStateListener
I/SensorManager(  750): registerListenerImpl: listener = com.htc.smartdim.sensor_eye@432f8048, sensor = {Sensor name="BOSCH BMA250 3-axis Accelerometer", vendor="BOSCH", version=1, type=1, maxRange=39.2266, resolution=0.038307227, power=0.1, minDelay=10000}, delay = 66667, handler = null
W/SensorService(  750): Following SensorService logs are not warning, just make sure they are printed
W/SensorService(  750): enable: get sensor name = BOSCH BMA250 3-axis Accelerometer
W/SensorService(  750): pid=750, uid=1000
W/SensorService(  750): Active sensors: size = 3
W/SensorService(  750): BOSCH BMA250 3-axis Accelerometer (handle=0x00000004, connections=2)
W/SensorService(  750): CM36282 Light sensor (handle=0x00000008, connections=1)
W/SensorService(  750): HTC Gesture sensor (handle=0x00000009, connections=1)
W/SensorService(  750): SensorService::listenerSensor++: mName = com.htc.smartdim.sensor_eye@432f8048, eanble = 1, strlen(mName) = 36
W/SensorService(  750): Active Listeners: mActiveListeners.size() = 4
W/SensorService(  750): Listener[0] = com.google.android.gms.fitness.sensors.local.b@421cd618
W/SensorService(  750): Listener[1] = com.android.internal.policy.impl.WindowOrientationListener$SensorEventListenerImpl@42c14cb0
W/SensorService(  750): Listener[2] = com.android.server.power.DisplayPowerController$10@4244cad8
W/SensorService(  750): Listener[3] = com.htc.smartdim.sensor_eye@432f8048
W/SensorService(  750): void android::SensorService::listenerSensor(const char*, int32_t)--:
I/SensorManager(  750): registerListenerImpl: listener = com.htc.smartdim.sensor_eye@432f8048, sensor = {Sensor name="CM36282 Proximity sensor", vendor="Capella Microsystems", version=1, type=8, maxRange=9.0, resolution=9.0, power=0.18, minDelay=0}, delay = 66667, handler = null
W/SensorService(  750): Following SensorService logs are not warning, just make sure they are printed
W/SensorService(  750): enable: get sensor name = CM36282 Proximity sensor
D/TelephonyCallback(  919): SignalStrength: 2
D/SIGNAL_ICON(  919): level=2/5
D/StatusBar.NetworkController(  919): dumpIcon[(gone) stat_sys_5signal_2|null stat_sys_wifi_signal_inandout_4 (gone) F]
D/PMS     (  750): releaseWL(440e3680): PARTIAL_WAKE_LOCK  SmartSyncScreenOnOffTimeReceiver_3 0x1
D/StatusBarManager(  919): disable=0x0 pid=919 pkg=com.android.keyguard thread=main token=android.os.Binder@41eff468
V/LightsService(  750): setLight #0: color=#65
D/MtpService(20646): [MTP][onReceive]+android.intent.action.USER_PRESENT
D/NfcService( 1044): applyRouting - 0
D/MtpService(20646): [MTP][onReceive]-
D/PMS     (  750): acquireWL(430a3e80): PARTIAL_WAKE_LOCK  *net_scheduler* 0x1 1298 10031
W/SensorService(  750): pid=750, uid=1000
W/SensorService(  750): Active sensors: size = 4
W/SensorService(  750): BOSCH BMA250 3-axis Accelerometer (handle=0x00000004, connections=2)
W/SensorService(  750): CM36282 Proximity sensor (handle=0x00000007, connections=1)
W/SensorService(  750): CM36282 Light sensor (handle=0x00000008, connections=1)
W/SensorService(  750): HTC Gesture sensor (handle=0x00000009, connections=1)
W/SensorService(  750): SensorService::listenerSensor++: mName = com.htc.smartdim.sensor_eye@432f8048, eanble = 1, strlen(mName) = 36
W/SensorService(  750): Active Listeners: mActiveListeners.size() = 4
W/SensorService(  750): Listener[0] = com.google.android.gms.fitness.sensors.local.b@421cd618
W/SensorService(  750): Listener[1] = com.android.internal.policy.impl.WindowOrientationListener$SensorEventListenerImpl@42c14cb0
W/SensorService(  750): Listener[2] = com.android.server.power.DisplayPowerController$10@4244cad8
W/SensorService(  750): Listener[3] = com.htc.smartdim.sensor_eye@432f8048
W/SensorService(  750): void android::SensorService::listenerSensor(const char*, int32_t)--:
D/PhoneStatusBar(  919): disable: < expand icons alerts ticker system_info back* home* recent* clock search >
V/LightsService(  750): setLight #0: color=#66
D/PMS     (  750): releaseWL(430a3e80): PARTIAL_WAKE_LOCK  *net_scheduler* 0x1
D/TetherSettings(13895): CustomizedNS:true CustomizedML:false CustomizedSPCSC:false CustomizedIPT:true CustomizedSingleUSBfalse
D/        (13895): Cust_ConnectToPC   : Internet_Sharing>true
D/        (13895): Cust_ConnectToPC   : Modem_Link>false
D/        (13895): Cust_ConnectToPC   : spcsc>false
D/        (13895): Cust_ConnectToPC   : IPT>true
D/        (13895): Cust_ConnectToPC   : Singel_USB>false
W/Settings(13895): Setting tethering_blocked has moved from android.provider.Settings.Secure to android.provider.Settings.Global.
E/SmartNS_Utility(13895): hasRemovableStorageSlot: false
D/SmartNS_Utility(13895): [ACC]Settings-Wireless_+_network-USB_tethering_:usb_storage_notification=false
D/SmartNS_NSReceiver(13895): onReceive : android.intent.action.USER_PRESENT hasTethered:false isNSOpening:false
I/PSReceiver(13895): onReceive:android.intent.action.USER_PRESENT
D/AppWidgetHostView(  919): updateAppWidget mInfo = AppWidgetProviderInfo(provider=ComponentInfo{com.htc.widget.notification/com.htc.widget.notification.Notification4x4})
I/RemoteViews(  919): com.htc.widget.notification (true,33751493)
I/RemoteViews.Performance(  919): com.htc.widget.notification 1 9 40
D/TelephonyRegistry(  750): This is not dual project
D/TelephonyCallback(  919): SignalStrength: 2
D/SIGNAL_ICON(  919): level=2/5
D/StatusBar.NetworkController(  919): dumpIcon[(gone) stat_sys_5signal_2|null stat_sys_wifi_signal_inandout_4 (gone) F]
D/WirelessDisplayService(  750): ScreenReceiver;android.intent.action.USER_PRESENT,callOnGoing: false, Screen On: true
D/WirelessDisplayService(  750): ScreenReceiver: ACTION_USER_PRESENT: REQ_JOIN_GROUP - TRUE
D/WirelessDisplayService(  750): ScreenReceiver:ACTION_USER_PRESENT: curState1 condState:0
V/NotificationService(  750): batLight: plugged
V/LightsService(  750): setLight #8: color=#c8c800
D/lights  (  750): set_color_led color=13158400, mode=255, off_min=0, off_sec=0
D/lights  (  750): [LedInfo] without indicator attribute, red:c80000, green:c800, blue:0
V/LightsService(  750): setLight #8: color=#c80000
D/lights  (  750): set_color_led color=13107200, mode=1, off_min=0, off_sec=0
D/lights  (  750): [LedInfo] without indicator attribute, red:c80000, green:0, blue:0
D/lights  (  750): [LedInfo] write attr ok name=/sys/class/leds/amber/brightness string=1,len=1
D/lights  (  750): [LedInfo] write attr ok name=/sys/class/leds/amber/blink string=0,len=1
D/lights  (  750): [LedInfo] write attr ok name=/sys/class/leds/amber/off_timer string=0 0,len=3
D/lights  (  750): [LedInfo] write attr ok name=/sys/class/leds/green/brightness string=0,len=1
