V/WindowManager(  750):   #8: Token{42fe66e8 ActivityRecord{42fe6588 u0 com.spotify.music/.MainActivity t4}}
V/WindowManager(  750):   #7: Token{432ae3a0 ActivityRecord{432d4740 u0 com.htc.usage/.DataUsageSummaryActivity t19}}
V/WindowManager(  750):   #6: Token{42ce11c0 ActivityRecord{42d05c30 u0 com.android.settings/.SubSettings t19}}
V/WindowManager(  750):   #5: Token{43d83088 ActivityRecord{41d70d20 u0 com.android.settings/.Settings t19}}
V/WindowManager(  750):   #4: Token{42dfae10 ActivityRecord{41be8b90 u0 com.google.android.apps.plus/.phone.HostAllFoldersTileActivity t17}}
V/WindowManager(  750):   #3: Token{42318ad8 ActivityRecord{42023c30 u0 com.vsco.cam/.gallery.ImageGridActivity t13}}
V/WindowManager(  750):   #2: Token{4318c448 ActivityRecord{432d6708 u0 com.android.vending/.AssetBrowserActivity t6}}
V/WindowManager(  750):   #1: Token{428d6520 ActivityRecord{41cba070 u0 com.android.phone/.InCallScreen t21}}
V/WindowManager(  750):   #0: Token{41ed8ea0 ActivityRecord{41cb72f0 u0 com.htc.contacts/.DialerTabActivity t20}}
W/WindowManager(  750): Final window list:
V/WindowManager(  750):   #0: Window{430d55a0 u0 SearchPanel}
V/WindowManager(  750):   #1: Window{42e25330 u0 StatusBar}
V/WindowManager(  750):   #2: Window{42e8b158 u0 Heads Up}
V/WindowManager(  750):   #3: Window{42c35fa8 u0 Keyguard}
V/WindowManager(  750):   #4: Window{42ae8fa0 u0 KeyguardScrim}
V/WindowManager(  750):   #5: Window{42e70518 u0 NavigationBar}
V/WindowManager(  750):   #6: Window{42a68ef8 u0 InputMethod}
V/WindowManager(  750):   #7: Window{42a6e2d8 u0 com.teslacoilsw.launcher/com.android.launcher2.Launcher}
V/WindowManager(  750):   #8: Window{41c95b68 u0 com.whatsapp/com.whatsapp.Conversation}
V/WindowManager(  750):   #9: Window{42b10a90 u0 com.whatsapp/com.whatsapp.Conversations}
V/WindowManager(  750):   #10: Window{4328b580 u0 com.iconsult.deviceready/com.iconsult.deviceready.CordovaApp}
V/WindowManager(  750):   #11: Window{42eaadd0 u0 com.foursquare.robin/com.foursquare.robin.MainActivity}
V/WindowManager(  750):   #12: Window{41d3df78 u0 com.instagram.android/com.instagram.android.activity.MainTabActivity}
V/WindowManager(  750):   #13: Window{41d8c220 u0 com.htc.album/com.htc.album.TabPluginDevice.ActivityMainLocalFullscreen}
V/WindowManager(  750):   #14: Window{428c9048 u0 SurfaceView}
V/WindowManager(  750):   #15: Window{42de4e50 u0 com.htc.camera/com.htc.camera.CameraEntry}
V/WindowManager(  750):   #16: Window{42e32860 u0 SurfaceView}
V/WindowManager(  750):   #17: Window{42e18d40 u0 SurfaceView}
V/WindowManager(  750):   #18: Window{42ec9548 u0 SurfaceView}
V/WindowManager(  750):   #19: Window{41d6eb38 u0 com.android.settings/com.android.settings.Settings$WifiSettingsActivity}
V/WindowManager(  750):   #20: Window{41d7ba80 u0 com.hellotext.hello/com.hellotext.MainActivity}
V/WindowManager(  750):   #21: Window{43f465c8 u0 com.facebook.katana/com.facebook.katana.activity.FbMainTabActivity}
V/WindowManager(  750):   #22: Window{41cdda90 u0 com.htc.album/com.htc.album.TabPluginDevice.ActivityMainLocalThumbnail}
V/WindowManager(  750):   #23: Window{429343c8 u0 com.htc.album/com.htc.album.AlbumMain.ActivityMainTabHost}
V/WindowManager(  750):   #24: Window{4257f3d8 u0 com.android.phone/com.android.phone.InCallScreen}
V/WindowManager(  750):   #25: Window{42194658 u0 com.htc.contacts/com.htc.contacts.DialerTabActivity}
V/WindowManager(  750):   #26: Window{42947120 u0 com.android.systemui.ImageWallpaper}
I/ActivityManager(  750): Delay finish: com.htc.task/.TodoTaskReceiver
I/ActivityManager(  750): Resuming delayed broadcast
D/PMS     (  750): releaseWL(43dd1348): PARTIAL_WAKE_LOCK  GCoreFlp 0x1
D/Process (  750): killProcessQuiet, pid=29499
D/Process (  750): com.android.server.am.ActivityManagerService.killUnneededProcessLocked:7565 com.android.server.am.ActivityManagerService.updateOomAdjLocked:17027 com.android.server.am.ActivityManagerService.trimApplications:17296 
I/ActivityManager(  750): Start proc com.joelapenna.foursquared for broadcast com.joelapenna.foursquared/com.foursquare.radar.receivers.ReceiverRadarLocationClientFire: pid=30540 uid=10209 gids={50209, 3003, 5012, 1028, 1015}
I/ActivityManager(  750): Killing 29499:com.groupon/u0a319 (adj 15): empty #17
I/ActivityManager(  750): Recipient 29499
I/MultiDex(30540): VM with version 1.6.0 does not have multidex support
I/MultiDex(30540): install
I/MultiDex(30540): MultiDexExtractor.load(/data/app/com.joelapenna.foursquared-2.apk, false)
I/MultiDex(30540): loading existing secondary dex files
I/MultiDex(30540): load found 0 secondary dex files
I/MultiDex(30540): install done
I/Fabric  (30540): Initializing Crashlytics 2.1.0.21
D/WifiStateMachine(  750): get mPhoneStateListener
D/TelephonyCallback(  919): SignalStrength: 2
D/TelephonyRegistry(  750): This is not dual project
D/SIGNAL_ICON(  919): level=2/5
D/StatusBar.NetworkController(  919): dumpIcon[(gone) stat_sys_5signal_2|null stat_sys_wifi_signal_inandout_4 (gone) F]
I/avs     (30468): voe: module_init 
W/AudFlgTh(  271): Using by PID 30468, ProcessName:com.wire  
W/HtcAudPMB(  271): getInput() NOT camera input, pid 30468
E/ACDB-LOADER(  271): Error: ACDB AudProc vol returned = -8
I/NET     (30437): Returning: {"registration":{"message":"subscriber was successfully updated","ok":true},"ping":{"message":"","ok":true}}
I/SubscriberNetworkController(30437): eventRequest = {"events":[{"UPDATES":{"silent_message":true}}],"proto":"gcm"}
I/SubscriberNetworkController(30437): Adding valid token to json: APA91bE0LPrl_wKLOdxjqj4GFGLyTJNPcPH6bOxZULjOXTSBVB3iy3rv3tb2LYk2WzEbZ-8cLJ3xX6w9EW9AsAVvRvjahsAHABbwyRGkMMngb4FmoLBco5CQ2tyToOyS_DUGLlQmMRAKBeuKxYw0v8Y8OJhFTyCqug
I/NET     (30437): Request to URL:https://p.vsco.co/puns/subscribers/ffffffff-c848-9cbc-ffff-fffffaacc426/subscriptions
D/libc    (30437): [NET] getaddrinfo+,hn 9(0x702e7673636f2e),sn(),family 0,flags 4
D/libc    (30437): [NET] getaddrinfo-,err=8
D/libc    (30437): [NET] getaddrinfo+,hn 9(0x702e7673636f2e),sn(),family 0,flags 1024
D/libc    (30437): [NET] getaddrinfo-, 1
D/libc    (30437): [NET] getaddrinfo_proxy+
D/libc    (  263): [NET] getaddrinfo+,hn 9(0x702e7673636f2e),sn(),family 0,flags 1024
D/libc    (  263): [NET]_dns_getaddrinfo: iface= v4v6=10 method=1
D/libc    (  263): [NET] +++++ res_nsend xid =8e6a +++++
D/libc    (  263): [NET] res_nLookupCache: rstatp->iface =
D/libc    (  263): [NET] NOT IN CACHE
D/libc    (  263): [NET]res_nsend:resplen=43
D/libc    (  263): [NET]res_queryN: exit 3, ancount=1
D/libc    (  263): [NET]_dns_getaddrinfo-, (NS_SUCCESS)
D/libc    (  263): [NET] getaddrinfo-, SUCCESS
D/libc    (30437): [NET] getaddrinfo_proxy-, success
I/global  (30437): call createSocket() return a new socket.
D/libc    (30437): [NET] getaddrinfo+,hn 13(0x32332e3235332e),sn(),family 0,flags 4
D/libc    (30437): [NET] getaddrinfo-, SUCCESS
D/PMS     (  750): acquireWL(41cc3db0): PARTIAL_WAKE_LOCK  AudioIn 0x1 271 1013
D/PMS     (  750): releaseWL(41cc3db0): PARTIAL_WAKE_LOCK  AudioIn 0x1
E/AudFlgTr(  271): RecordHandle::stop() get htc.audio.txpid property is 0 different with caller 30468 or mediaserver
D/avs     (30468): name=ISAC pt=103 freq=16000 psz=480 chans=1 srate=32000
D/avs     (30468): name=L16 pt=107 freq=8000 psz=80 chans=1 srate=128000
D/avs     (30468): name=L16 pt=108 freq=16000 psz=160 chans=1 srate=256000
D/avs     (30468): name=L16 pt=109 freq=32000 psz=320 chans=1 srate=512000
D/avs     (30468): name=L16 pt=111 freq=8000 psz=80 chans=2 srate=128000
D/avs     (30468): name=L16 pt=112 freq=16000 psz=160 chans=2 srate=256000
D/avs     (30468): name=L16 pt=113 freq=32000 psz=320 chans=2 srate=512000
D/avs     (30468): name=PCMU pt=0 freq=8000 psz=160 chans=1 srate=64000
D/avs     (30468): name=PCMA pt=8 freq=8000 psz=160 chans=1 srate=64000
D/avs     (30468): name=PCMU pt=110 freq=8000 psz=160 chans=2 srate=64000
D/avs     (30468): name=PCMA pt=118 freq=8000 psz=160 chans=2 srate=64000
D/avs     (30468): name=ILBC pt=102 freq=8000 psz=240 chans=1 srate=13300
D/avs     (30468): name=G722 pt=9 freq=16000 psz=320 chans=1 srate=64000
D/avs     (30468): name=G722 pt=119 freq=16000 psz=320 chans=2 srate=64000
D/avs     (30468): name=opus pt=120 freq=48000 psz=960 chans=1 srate=32000
D/avs     (30468): name=CN pt=13 freq=8000 psz=240 chans=1 srate=0
D/avs     (30468): name=CN pt=98 freq=16000 psz=480 chans=1 srate=0
D/avs     (30468): name=CN pt=99 freq=32000 psz=960 chans=1 srate=0
D/avs     (30468): name=telephone-event pt=106 freq=8000 psz=240 chans=1 srate=0
D/avs     (30468): name=red pt=127 freq=8000 psz=0 chans=1 srate=0
I/avs     (30468): aucodec: opus/48000/2 (pt=)
I/avs     (30468): module_init: voe: registering opus(48000) -- 0x7a757f40
I/avs     (30468): aucodec: PCMU/8000/1 (pt=0)
I/avs     (30468): module_init: voe: registering PCMU(8000) -- 0x7a757dd4
I/avs     (30468): aucodec: PCMA/8000/1 (pt=8)
I/avs     (30468): module_init: voe: registering PCMA(8000) -- 0x7a757e08
D/PMS     (  750): acquireWL(42693438): PARTIAL_WAKE_LOCK  AudioIn 0x1 271 1013
D/PMS     (  750): releaseWL(42693438): PARTIAL_WAKE_LOCK  AudioIn 0x1
I/avs     (30468): msys: successfully initialized
E/avs     (30468): Leaving init.
V/WebViewChromiumFactoryProvider(30540): Binding Chromium to main looper Looper (main, tid 1) {41b0f860}
I/LibraryLoader(30540): Expected native library version number "",actual native library version number ""
I/chromium(30540): [INFO:library_loader_hooks.cc(116)] Chromium logging enabled: level = 0, default verbosity = 0
I/BrowserStartupController(30540): Initializing chromium process, renderers=0
V/GcmService(30468): state updated: Idle
I/        (30468): Queue[ZStorage_3a20208c4133]: enqueue: 1.19 ms
D/PMS     (  750): acquireWL(41cf5e28): PARTIAL_WAKE_LOCK  AudioMix 0x1 271 1013
E/AudioManagerAndroid(30540): BLUETOOTH permission is missing!
D/PMS     (  750): releaseWL(41cf5e28): PARTIAL_WAKE_LOCK  AudioMix 0x1
I/Adreno-EGL(30540): <qeglDrvAPI_eglInitialize:381>: EGL 1.4 QUALCOMM build: MINGHSUC_AU_LINUX_ANDROID_KK_2.7_RB1.04.04.02.007.047+PATCH[ES]_msm8960_refs/tags/AU_LINUX_ANDROID_KK_2.7_RB1.04.04.02.007.047__release_ENGG ()
I/Adreno-EGL(30540): OpenGL ES Shader Compiler Version: 17.01.12.SPL
I/Adreno-EGL(30540): Build Date: 03/25/14 Tue
I/Adreno-EGL(30540): Local Branch: 
I/Adreno-EGL(30540): Remote Branch: refs/tags/AU_LINUX_ANDROID_KK_2.7_RB1.04.04.02.007.047
I/Adreno-EGL(30540): Local Patches: c29912293421482fd51b7f36b91ae584f9993d66 Add support for KIT_KAT
I/Adreno-EGL(30540):                  4b5d3e5bcfa9d9563f740840d7258e1c1efa6d5a egl14: add EGL_ANDROID_image_crop support
I/Adreno-EGL(30540): Recon
D/ah      (30468): init, 
D/ah      (30468): email: clement.cl.chai@gmail.com
W/        (30468): Queue[serial_ae1ab7da]: enqueue: 6.745 ms
V/GcmService(30468): ensureGcmRegistered() - already registered: GcmRegistration(APA91bGhgHk91-IzM1gP80-Cm_dAVI4CJcsP9Kb2rDQO99IAP1uNzQ5KvcOF_LD9Lam7yWvVoxertBDdog3jVJ1ve79xopDg2tgbcU2l8czEbb4Lbt59RNYk18BUK98K4jIg-n8d9W-0gPi_dXoxbWMDXdWXev5P5g,7c5cbdf0-1dc8-4164-9537-3a20208c4133,38)
V/NetworkModeService(30468): updateNetworkMode: Wifi
V/        (30468): Queue[SyncDispatcher]: enqueue: 0.396 ms
V/NetworkModeService(30468): updateNetworkMode: Wifi
V/        (30468): Queue[ZMessaging]: total: 1749, wait: 0, execution: 1749
V/        (30468): Queue[ZMessaging]: total: 1508, wait: 1508, execution: 0
V/GcmService(30468): ensureGcmRegistered() - already registered: GcmRegistration(APA91bGhgHk91-IzM1gP80-Cm_dAVI4CJcsP9Kb2rDQO99IAP1uNzQ5KvcOF_LD9Lam7yWvVoxertBDdog3jVJ1ve79xopDg2tgbcU2l8czEbb4Lbt59RNYk18BUK98K4jIg-n8d9W-0gPi_dXoxbWMDXdWXev5P5g,7c5cbdf0-1dc8-4164-9537-3a20208c4133,38)
D/UpdateService(30468): onCompleted: 1
D/PMS     (  750): releaseWL(431637d8): PARTIAL_WAKE_LOCK  com.waz.zms.UpdateService 0x1
I/ActivityManager(  750): Killing 30248:com.google.android.partnersetup/u0a36 (adj 15): empty #17
D/Process (  750): killProcessQuiet, pid=30248
D/Process (  750): com.android.server.am.ActivityManagerService.killUnneededProcessLocked:7565 com.android.server.am.ActivityManagerService.updateOomAdjLocked:17027 com.android.server.am.ActivityManagerService.updateOomAdjLocked:16871 
I/ActivityManager(  750): Recipient 30248
V/JNIHelp (30468): Registering com/google/android/gms/org/conscrypt/NativeCrypto's 235 native methods...
D/FiksuTracking(30540): ForegroundTester thread started, process: 30540
D/AudioManagerAndroid(30540): ==> onReceive: s=0, m=0, n=Headset, sb=true
D/AudioManagerAndroid(30540): reportUpdate: state=0, devices=[Speakerphone, Headset earpiece]
D/PMS     (  750): acquireWL(41d32e88): PARTIAL_WAKE_LOCK  wake:com.joelapenna.foursquared/com.foursquare.radar.services.RadarLocationClientFireService 0x1 30540 10209
D/PMS     (  750): releaseWL(42c401a0): PARTIAL_WAKE_LOCK  GCoreFlp 0x1
I/ActivityManager(  750): Start proc com.groupon for broadcast com.groupon/com.littlefluffytoys.littlefluffylocationlibrary.PassiveLocationChangedReceiver: pid=30617 uid=10319 gids={50319, 3003, 5012, 1028, 1015}
D/WifiNative-wlan0(  750): doString: SIGNAL_POLL
W/WifiHW  (  750): QCOM Debug wifi_send_command "IFNAME=wlan0 SIGNAL_POLL"
D/WifiStateMachine(  750): fetchRssiAndLinkSpeedNative RSSI = -58 abnormalRssiCnt = 0 newLinkSpeed = 26
D/WifiStateMachine(  750): fetchRssiAndLinkSpeedNative mLinkspeedCount = 5, mLinkspeedSum: 182
D/WifiStateMachine(  750): fetchRssiAndLinkSpeedNative: Update RSSI:-54 and linkspeed:36 in database
D/WifiApDatabaseHandler(  750): updateConnectedAP...
I/ProviderInstaller(30468): Installed default security provider GmsCore_OpenSSL
D//GrouponApplication.java:69(30617): main GrouponApplication()
I/CrittercismInstance(30617): Initializing Crittercism...
D/Process (  750): killProcessQuiet, pid=29958
D/Process (  750): com.android.server.am.ActivityManagerService.killUnneededProcessLocked:7565 com.android.server.am.ActivityManagerService.updateOomAdjLocked:17027 com.android.server.am.ActivityManagerService.updateOomAdjLocked:16871 
D/PMS     (  750): releaseWL(41d32e88): PARTIAL_WAKE_LOCK  wake:com.joelapenna.foursquared/com.foursquare.radar.services.RadarLocationClientFireService 0x1
I/ActivityManager(  750): Killing 29958:com.htc.launcher/u0a75 (adj 15): empty #17
I/ActivityManager(  750): Recipient 29958
D/roboguice.RoboGuice(30617): Using annotation database(s).
D/roboguice.RoboGuice(30617): Using annotation database(s) : [com.groupon.tracking, com.groupon, roboguice]
D/roboguice.RoboGuice(30617): Time spent loading annotation databases : 25
D/libc    (30617): [NET] getaddrinfo+,hn 19(0x6170692e637269),sn(),family 0,flags 4
D/libc    (30617): [NET] getaddrinfo-,err=8
D/libc    (30617): [NET] getaddrinfo+,hn 19(0x6170692e637269),sn(),family 0,flags 1024
D/libc    (30617): [NET] getaddrinfo-, 1
D/libc    (30617): [NET] getaddrinfo_proxy+
D/libc    (  263): [NET] getaddrinfo+,hn 19(0x6170692e637269),sn(),family 0,flags 1024
D/libc    (  263): [NET]_dns_getaddrinfo: iface= v4v6=10 method=1
D/libc    (  263): [NET] +++++ res_nsend xid =40a5 +++++
D/libc    (  263): [NET] res_nLookupCache: rstatp->iface =
D/libc    (  263): [NET][SMD] Cache EXPIRED (STALE ENTRY 0xb79b5ff0 DISCARDED) or need renew
D/libc    (  263): [NET] entry_id:82   entry:0xb79b5ff0  removed 
D/libc    (  263): [NET][SMD][v0204] Extended TTL = 43200, original TTL = 6
D/libc    (  263): [NET]res_nsend:resplen=112
D/libc    (  263): [NET]res_queryN: exit 3, ancount=2
D/libc    (  263): [NET]_dns_getaddrinfo-, (NS_SUCCESS)
D/libc    (  263): [NET] getaddrinfo-, SUCCESS
D/libc    (30617): [NET] getaddrinfo_proxy-, success
D//LnImpl.java:29(30617): main Configuring Logging, minimum log level is INFO
I/NET     (30437): Returning: {"Success":true}
I/SubscriberNetworkController(30437): Subscribed successfully for [{"UPDATES":{"silent_message":true}}]
I/PunsUtil(30437): Updating puns timestamp: 2015-01-15-04:22:43 -> 2015-01-15-04:26:10
I/wpa_supplicant( 7198): Got ENV Dirty
I/wpa_supplicant( 7198): WiFioffload Got ENV Dirty, enabled = 0
I/wpa_supplicant( 7198): WiFioffload RSSI = -56, LINKSPEED = 26
I/wpa_supplicant( 7198): WiFioffload: wifi_to_mobile: 0, mobile_avalible: 0, mobile_link_speed: -1, mobile_signal:0, isCon:0
D/Tethering(  750): interfaceLinkStateChanged wlan0, true
D/Tethering(  750): interfaceStatusChanged wlan0, true
D/Tethering(  750): [isWifi] getHotspotEnabled: false
I/GAV4    (30353): Thread[GAThread,5,main]: No campaign data found.
D/PMS     (  750): releaseWL(43121128): PARTIAL_WAKE_LOCK  AudioMix 0x1
I/System.out(30617): 2015-01-15 16:26:10,922 [DEBUG] DaoManager created dao for class class com.groupon.v2.db.Deal with reflection
I/System.out(30617): 2015-01-15 16:26:10,932 [DEBUG] DaoManager created dao for class class com.groupon.v2.db.Price with reflection
I/System.out(30617): 2015-01-15 16:26:10,939 [DEBUG] DaoManager created dao for class class com.groupon.v2.db.DealType with reflection
I/System.out(30617): 2015-01-15 16:26:10,950 [DEBUG] DaoManager created dao for class class com.groupon.v2.db.Division with reflection
I/System.out(30617): 2015-01-15 16:26:10,963 [DEBUG] DaoManager created dao for class class com.groupon.v2.db.Merchant with reflection
I/System.out(30617): 2015-01-15 16:26:11,001 [DEBUG] DaoManager created dao for class class com.groupon.v2.db.Option with reflection
I/System.out(30617): 2015-01-15 16:26:11,030 [DEBUG] DaoManager created dao for class class com.groupon.v2.db.Business with reflection
I/System.out(30617): 2015-01-15 16:26:11,046 [DEBUG] DaoManager created dao for class class com.groupon.v2.db.WidgetSummary with reflection
I/System.out(30617): 2015-01-15 16:26:11,062 [DEBUG] DaoManager created dao for class class com.groupon.v2.db.PricingMetadata with reflection
D/WifiStateMachine(  750): get mPhoneStateListener
I/System.out(30617): 2015-01-15 16:26:11,077 [DEBUG] DaoManager created dao for class class com.groupon.v2.db.ShippingOption with reflection
D/TelephonyRegistry(  750): This is not dual project
D/TelephonyCallback(  919): SignalStrength: 2
D/SIGNAL_ICON(  919): level=2/5
D/StatusBar.NetworkController(  919): dumpIcon[(gone) stat_sys_5signal_2|null stat_sys_wifi_signal_inandout_4 (gone) F]
I/System.out(30617): 2015-01-15 16:26:11,085 [DEBUG] DaoManager created dao for class class com.groupon.v2.db.Rating with reflection
I/System.out(30617): 2015-01-15 16:26:11,092 [DEBUG] DaoManager created dao for class class com.groupon.v2.db.Recommendation with reflection
I/System.out(30617): 2015-01-15 16:26:11,123 [DEBUG] DaoManager created dao for class class com.groupon.v2.db.Tip with reflection
I/System.out(30617): 2015-01-15 16:26:11,129 [DEBUG] DaoManager created dao for class class com.groupon.v2.db.Trait with reflection
I/System.out(30617): 2015-01-15 16:26:11,133 [DEBUG] DaoManager created dao for class class com.groupon.v2.db.Image with reflection
I/System.out(30617): 2015-01-15 16:26:11,154 [DEBUG] DaoManager created dao for class class com.groupon.v2.db.Location with reflection
I/System.out(30617): 2015-01-15 16:26:11,161 [DEBUG] DaoManager created dao for class class com.groupon.v2.db.SchedulerOption with reflection
I/System.out(30617): 2015-01-15 16:26:11,184 [DEBUG] DaoManager created dao for class class com.groupon.v2.db.Special with reflection
I/System.out(30617): 2015-01-15 16:26:11,233 [DEBUG] DaoManager created dao for class class com.groupon.v2.db.DealSummary with reflection
I/System.out(30617): 2015-01-15 16:26:11,326 [DEBUG] DaoManager created dao for class class com.groupon.v2.db.GrouponItem with reflection
I/System.out(30617): 2015-01-15 16:26:11,332 [DEBUG] DaoManager created dao for class class com.groupon.v2.db.Category with reflection
I/System.out(30617): 2015-01-15 16:26:11,337 [DEBUG] DaoManager created dao for class class com.groupon.v2.db.Shipment with reflection
I/System.out(30617): 2015-01-15 16:26:11,337 [DEBUG] DaoManager created dao for class class com.groupon.v2.db.BwfGroup with reflection
I/System.out(30617): 2015-01-15 16:26:11,418 [DEBUG] DaoManager created dao for class class com.groupon.v2.db.GrouponItemSummary with reflection
I/System.out(30617): 2015-01-15 16:26:11,431 [DEBUG] DaoManager created dao for class class com.groupon.v2.db.InAppMessage with reflection
D/com.groupon.tracking.mobile.internal.LogClient(30617): Creating new file mobile-event1421310371463_4782.log.tmp
D/com.groupon.tracking.mobile.sdk.LoggerClientListener(30617): Writing header
D/FiksuTracking(30617): ForegroundTester thread started, process: 30617
D/LoggerClientListener(30617): package number4782
D/Process (  750): killProcessQuiet, pid=30007
I/ActivityManager(  750): Killing 30007:com.google.android.apps.docs/u0a104 (adj 15): empty #17
D/PMS     (  750): releaseWL(43091628): PARTIAL_WAKE_LOCK  LocationManagerService 0x1
D/Process (  750): com.android.server.am.ActivityManagerService.killUnneededProcessLocked:7565 com.android.server.am.ActivityManagerService.updateOomAdjLocked:17027 com.android.server.am.BroadcastQueue.processCurBroadcastLocked:231 
I/ActivityManager(  750): Recipient 30007
D/WifiNative-wlan0(  750): doString: SIGNAL_POLL
W/WifiHW  (  750): QCOM Debug wifi_send_command "IFNAME=wlan0 SIGNAL_POLL"
D/WifiStateMachine(  750): fetchRssiAndLinkSpeedNative RSSI = -53 abnormalRssiCnt = 0 newLinkSpeed = 26
D/WifiStateMachine(  750): fetchRssiAndLinkSpeedNative mLinkspeedCount = 1, mLinkspeedSum: 26
D/WIFI_ICON(  919): WifiActivity: 0
D/StatusBar.NetworkController(  919): dumpIcon[(gone) stat_sys_5signal_2|null stat_sys_wifi_signal_connected_4 (gone) F]
D/WifiStateMachine(  750): get mPhoneStateListener
D/TelephonyCallback(  919): SignalStrength: 2
D/SIGNAL_ICON(  919): level=2/5
D/TelephonyRegistry(  750): This is not dual project
D/StatusBar.NetworkController(  919): dumpIcon[(gone) stat_sys_5signal_2|null stat_sys_wifi_signal_connected_4 (gone) F]
V/ConfigFetchTask(22590): ConfigFetchTask getDeviceDataVersionInfo(): ABFEt1WKL9URnyhracSrijOvwjpLzP1-BzV0rR-pvA9MZ_G-DpoewaHZ-wHv51OXH1U7N4ESkPsjFcvluwPFiS04FsoSXt4DrrgxgtX_YpbsnqNQsU2ryq6zU03aP-gV3vtlyqwrH8dWGWiu-kUD56hwWwI8kaLJhypBLUFjjKmi0PVrHRIMgFiZquCHqx9YR2Vt0R1Fh-oanuGxNvHpmVkjJvu0WhiePJ7ovpXJlIBT6-RhUA9R7IZW_S5SJDzufibceHcfG1ZcyPYjiivZ44SPWbsa4abxr8_aSnbdjjG5paYgLLOkLgo
I/GoogleHttpClient(22590): Falling back to old SSLCertificateSocketFactory
D/libc    (22590): [NET] getaddrinfo+,hn 26(0x616e64726f6964),sn(),family 0,flags 4
D/libc    (22590): [NET] getaddrinfo-,err=8
D/libc    (22590): [NET] getaddrinfo+,hn 26(0x616e64726f6964),sn(),family 0,flags 1024
D/libc    (22590): [NET] getaddrinfo-, 1
D/libc    (22590): [NET] getaddrinfo_proxy+
D/libc    (  263): [NET] getaddrinfo+,hn 26(0x616e64726f6964),sn(),family 0,flags 1024
D/libc    (  263): [NET]_dns_getaddrinfo: iface= v4v6=10 method=1
D/libc    (  263): [NET] +++++ res_nsend xid =2f78 +++++
D/libc    (  263): [NET] res_nLookupCache: rstatp->iface =
D/libc    (  263): [NET][SMD] Cache EXPIRED (STALE ENTRY 0xb79b5168 DISCARDED) or need renew
D/libc    (  263): [NET] entry_id:88   entry:0xb79b5168  removed 
D/libc    (  263): [NET][SMD][v0204] Extended TTL = 43200, original TTL = 133
D/libc    (  263): [NET]res_nsend:resplen=164
D/libc    (  263): [NET]res_queryN: exit 3, ancount=7
D/libc    (  263): [NET]_dns_getaddrinfo-, (NS_SUCCESS)
D/libc    (  263): [NET] getaddrinfo-, SUCCESS
D/libc    (22590): [NET] getaddrinfo_proxy-, success
D/libc    (22590): [NET] getaddrinfo+,hn 26(0x616e64726f6964),sn(),family 0,flags 4
D/libc    (22590): [NET] getaddrinfo-,err=8
I/ConfigFetchService(22590): fetch service done; releasing wakelock
I/ConfigFetchService(22590): stopping self
D/PMS     (  750): releaseWL(42ee6a20): PARTIAL_WAKE_LOCK  Config Service fetch 0x1
I/ConfigService( 1298): onDestroy
D/WIFI_ICON(  919): WifiActivity: 3
D/StatusBar.NetworkController(  919): dumpIcon[(gone) stat_sys_5signal_2|null stat_sys_wifi_signal_inandout_4 (gone) F]
D/Recents (  919): recents : 12
D/InputDispatcher(  750): cancelRecentAppsAction: prepare to launch Home
D/PMS     (  750): acquireHCC(42c9eeb0): CPU_MIN_FREQ HomeKeyHandlerFreq 0x100 750 1000
I/AutoTest(  919): [SystemUI][RecentApp_Prelaunch_Start][1421310375142][ms][START]
W/CpuWake (  750): >>nativeAcquireCpuPerfWakeLock()
W/CpuWake (  750): <<nativeAcquireCpuPerfWakeLock()
I/ActivityManager(  750): START u0 {flg=0x10c00000 cmp=com.android.systemui/.recent.RecentAppFxActivity} from pid 919
I/Intent  (  750): @test_code: getHtcIntentFlag: 0 obj: 1119658072
I/PhoneWindow(  750): generateLayout: thumbnailDrawable:null
D/PhoneWindow(  750): generateLayout(): fakescreenLayout:0 fakeheader:false fakefooter:false fakebackground:-2147483648 portrait:true
I/PhoneWindow(  750): generateLayout: recent_background: 0XFF161616
I/AutoTest(  919): [SystemUI][RecentApp_Prelaunch_Finish][1421310375197][ms][FINISH]
D/PMS     (  750): acquireWL(4299e068): PARTIAL_WAKE_LOCK  ActivityManager-Launch 0x1 750 1000
D/WIFI_ICON(  919): WifiActivity: 0
D/StatusBar.NetworkController(  919): dumpIcon[(gone) stat_sys_5signal_2|null stat_sys_wifi_signal_connected_4 (gone) F]
I/AutoTest(  919): [SystemUI][RecentApp_Launch_Start][1421310375218][ms][START]
D/PMS     (  750): releaseHCC(42c9eeb0): CPU_MIN_FREQ HomeKeyHandlerFreq 0x100
W/ResourceType(  919): Skipping entry 0x105003c in package table 0 because it is not complex!
E/ActionBarUtil(  919): contextandroid.app.Application@41b53570is not ContextThemeWrapper 
W/ResourceType(  919): Skipping entry 0x105003c in package table 0 because it is not complex!
I/RecentApps.Perf(  919): loadThumbnail get:8 refine:0 label:Ratch
I/RecentApps.Perf(  919): refreshRecentTasksList:131
I/AutoTest(  919): [SystemUI][RecentApp_Launch_Finish][1421310375416][ms][FINISH]
W/ResourceType(  919): Skipping entry 0x105003c in package table 0 because it is not complex!
I/RecentApps.Perf(  919): loadThumbnail get:9 refine:0 label:Chats
I/InputMethodManagerService(  750): Disable input method client, pid=1059
I/InputMethodManagerService(  750): Enable input method client, pid=919
I/RecentApps.Perf(  919): loadThumbnail get:12 refine:0 label:DeviceReady
I/ActivityManager(  750): Displayed com.android.systemui/.recent.RecentAppFxActivity: +319ms
I/RecentApps.Perf(  919): loadThumbnail get:9 refine:0 label:Swarm
I/RecentApps.Perf(  919): loadThumbnail get:9 refine:0 label:Instagram
I/RecentApps.Perf(  919): loadThumbnail get:8 refine:0 label:Camera
D/PMS     (  750): releaseWL(4299e068): PARTIAL_WAKE_LOCK  ActivityManager-Launch 0x1
I/RecentApps.Perf(  919): loadThumbnail get:8 refine:0 label:WiFi
I/RecentApps.Perf(  919): loadThumbnail get:10 refine:2 label:hello
I/RecentApps.Perf(  919): loadThumbnail get:9 refine:0 label:Phone
D/WifiNative-wlan0(  750): doString: SIGNAL_POLL
W/WifiHW  (  750): QCOM Debug wifi_send_command "IFNAME=wlan0 SIGNAL_POLL"
D/WifiStateMachine(  750): fetchRssiAndLinkSpeedNative RSSI = -55 abnormalRssiCnt = 0 newLinkSpeed = 26
D/WifiStateMachine(  750): fetchRssiAndLinkSpeedNative mLinkspeedCount = 2, mLinkspeedSum: 52
D/PhoneStatusBar(  919): Status bar WINDOW_STATE_HIDING
V/RecentApps(  919): handleSwipe delete item index = 8 task : Ratch, size = 9
V/RecentGridView(  919): ReArrangeHelper - setDelPositionsList() index = 8, counts = 9
D/Process (  750): killProcessQuiet, pid=29944
D/Process (  750): com.android.server.am.ActivityManagerService.killUnneededProcessLocked:7565 com.android.server.am.ActivityManagerService.cleanUpRemovedTaskLocked:7612 com.android.server.am.ActivityManagerService.removeTask:7651 
I/ActivityManager(  750): Killing 29944:com.iconsult.clement/u0a362 (adj 15): remove task
V/RecentGridView(  919): ReArrangeHelper - setAfterDelPositionList() counts = 8
D/PhoneStatusBar(  919): Status bar WINDOW_STATE_HIDDEN
I/ActivityManager(  750): Recipient 29944
W/CpuWake (  750): >>nativeReleaseCpuPerfWakeLock()
W/CpuWake (  750): <<nativeReleaseCpuPerfWakeLock()
D/Recents (  919): recents : 9
D/InputDispatcher(  750): cancelRecentAppsAction: prepare to launch Home
D/WIFI_ICON(  919): WifiActivity: 3
D/StatusBar.NetworkController(  919): dumpIcon[(gone) stat_sys_5signal_2|null stat_sys_wifi_signal_inandout_4 (gone) F]
D/PMS     (  750): acquireHCC(42c26040): CPU_MIN_FREQ HomeKeyHandlerFreq 0x100 750 1000
D/InputDispatcher(  750): LaunchActivity: Intent { act=android.intent.action.MAIN cat=[android.intent.category.HOME] flg=0x10200000 }
I/CVW     ( 1015): Dismiss CandidateViewWindow WCLID:0
W/CpuWake (  750): >>nativeAcquireCpuPerfWakeLock()
W/CpuWake (  750): <<nativeAcquireCpuPerfWakeLock()
I/ActivityManager(  750): START u0 {act=android.intent.action.MAIN cat=[android.intent.category.HOME] flg=0x10200000 cmp=com.teslacoilsw.launcher/com.android.launcher2.Launcher} from pid 750
I/Intent  (  750): @test_code: getHtcIntentFlag: 0 obj: 1117706560
D/PMS     (  750): acquireWL(42d192c0): PARTIAL_WAKE_LOCK  ActivityManager-Launch 0x1 750 1000
D/PMS     (  750): releaseHCC(42c26040): CPU_MIN_FREQ HomeKeyHandlerFreq 0x100
I/InputMethodManagerService(  750): Disable input method client, pid=919
I/InputMethodManagerService(  750): Enable input method client, pid=1059
D/PMS     (  750): releaseWL(42d192c0): PARTIAL_WAKE_LOCK  ActivityManager-Launch 0x1
D/PhoneStatusBar(  919): Status bar WINDOW_STATE_SHOWING
W/CpuWake (  750): >>nativeReleaseCpuPerfWakeLock()
W/CpuWake (  750): <<nativeReleaseCpuPerfWakeLock()
D/WIFI_ICON(  919): WifiActivity: 1
D/StatusBar.NetworkController(  919): dumpIcon[(gone) stat_sys_5signal_2|null stat_sys_wifi_signal_in_4 (gone) F]
D/WifiStateMachine(  750): get mPhoneStateListener
D/TelephonyCallback(  919): SignalStrength: 2
D/SIGNAL_ICON(  919): level=2/5
D/TelephonyRegistry(  750): This is not dual project
D/StatusBar.NetworkController(  919): dumpIcon[(gone) stat_sys_5signal_2|null stat_sys_wifi_signal_in_4 (gone) F]
D/WifiNative-wlan0(  750): doString: SIGNAL_POLL
W/WifiHW  (  750): QCOM Debug wifi_send_command "IFNAME=wlan0 SIGNAL_POLL"
D/WifiStateMachine(  750): fetchRssiAndLinkSpeedNative RSSI = -53 abnormalRssiCnt = 0 newLinkSpeed = 39
D/WifiStateMachine(  750): fetchRssiAndLinkSpeedNative mLinkspeedCount = 3, mLinkspeedSum: 91
I/Fitness ( 1356): FlushServiceReceiver.onReceive
D/PMS     (  750): acquireWL(43c5d470): PARTIAL_WAKE_LOCK  AlarmManager 0x1 750 1000
V/AlarmManager(  750): sending alarm PendingIntent{44140168: PendingIntentRecord{42ec3490 com.google.android.gms broadcastIntent}}, i=null, t=2, cnt=1, w=58539283, Int=60000
D/PMS     (  750): acquireWL(439ace80): PARTIAL_WAKE_LOCK  wake:com.google.android.gms/.fitness.store.buffer.FlushService 0x1 1356 10031
D/WIFI_ICON(  919): WifiActivity: 3
D/StatusBar.NetworkController(  919): dumpIcon[(gone) stat_sys_5signal_2|null stat_sys_wifi_signal_inandout_4 (gone) F]
V/AlarmManager(  750): sending alarm PendingIntent{424b2560: PendingIntentRecord{44217648 com.android.vending startService}}, i=null, t=0, cnt=1, w=1421310379098, Int=0
D/PMS     (  750): releaseWL(43c5d470): PARTIAL_WAKE_LOCK  AlarmManager 0x1
D/PMS     (  750): releaseWL(439ace80): PARTIAL_WAKE_LOCK  wake:com.google.android.gms/.fitness.store.buffer.FlushService 0x1
D/Finsky  (30075): [1] 5.onFinished: Installation state replication succeeded.
D/WIFI_ICON(  919): WifiActivity: 0
D/StatusBar.NetworkController(  919): dumpIcon[(gone) stat_sys_5signal_2|null stat_sys_wifi_signal_connected_4 (gone) F]
W/CpuWake (  750): >>nativeAcquireCpuPerfWakeLock()
I/Intent  (  750): @test_code: getHtcIntentFlag: 0 obj: 1115197304
W/CpuWake (  750): <<nativeAcquireCpuPerfWakeLock()
W/CpuWake (  750): >>acquire mCpuPerf_cpu_count wakelock
W/CpuWake (  750): <<acquire mCpuPerf_cpu_count wakelock
W/CpuWake (  750): >>acquire mCpuPerf_Freq wakelock
D/PMS     (  750): acquireHCC(427746d8): CPU_MIN_NUM ActivityManager-MultiCore-Num 0x400 750 1000
W/CpuWake (  750): <<acquire mCpuPerf_Freq wakelock
D/PMS     (  750): acquireHCC(41df6518): CPU_MIN_FREQ ActivityManager-MultiCore-Freq 0x100 750 1000
I/ActivityManager(  750): START u0 {act=android.intent.action.MAIN cat=[android.intent.category.LAUNCHER] flg=0x10200000 cmp=com.iconsult.clement/.CordovaApp bnds=[540,960][540,960]} from pid 1059
D/PMS     (  750): acquireWL(43119ec0): PARTIAL_WAKE_LOCK  ActivityManager-Launch 0x1 750 1000
I/ActivityManager(  750): Start proc com.iconsult.clement for activity com.iconsult.clement/.CordovaApp: pid=30722 uid=10362 gids={50362, 3003, 5012, 1028, 1015}
I/CordovaLog(30722): Changing log level to DEBUG(3)
D/CordovaActivity(30722): CordovaActivity.init()
V/WebViewChromiumFactoryProvider(30722): Binding Chromium to main looper Looper (main, tid 1) {41b046d8}
I/LibraryLoader(30722): Expected native library version number "",actual native library version number ""
I/chromium(30722): [INFO:library_loader_hooks.cc(116)] Chromium logging enabled: level = 0, default verbosity = 0
I/BrowserStartupController(30722): Initializing chromium process, renderers=0
D/PMS     (  750): acquireWL(4336f0c0): PARTIAL_WAKE_LOCK  AudioMix 0x1 271 1013
E/AudioManagerAndroid(30722): BLUETOOTH permission is missing!
D/PMS     (  750): acquireWL(433614a8): PARTIAL_WAKE_LOCK  AudioMix 0x1 271 1013
D/PMS     (  750): releaseWL(4336f0c0): PARTIAL_WAKE_LOCK  AudioMix 0x1
I/Adreno-EGL(30722): <qeglDrvAPI_eglInitialize:381>: EGL 1.4 QUALCOMM build: MINGHSUC_AU_LINUX_ANDROID_KK_2.7_RB1.04.04.02.007.047+PATCH[ES]_msm8960_refs/tags/AU_LINUX_ANDROID_KK_2.7_RB1.04.04.02.007.047__release_ENGG ()
I/Adreno-EGL(30722): OpenGL ES Shader Compiler Version: 17.01.12.SPL
I/Adreno-EGL(30722): Build Date: 03/25/14 Tue
I/Adreno-EGL(30722): Local Branch: 
I/Adreno-EGL(30722): Remote Branch: refs/tags/AU_LINUX_ANDROID_KK_2.7_RB1.04.04.02.007.047
I/Adreno-EGL(30722): Local Patches: c29912293421482fd51b7f36b91ae584f9993d66 Add support for KIT_KAT
I/Adreno-EGL(30722):                  4b5d3e5bcfa9d9563f740840d7258e1c1efa6d5a egl14: add EGL_ANDROID_image_crop support
I/Adreno-EGL(30722): Recon
W/chromium(30722): [WARNING:proxy_service.cc(890)] PAC support disabled because there is no system implementation
D/CordovaWebView(30722): CordovaWebView is running on device made by: HTC
D/CordovaActivity(30722): CordovaActivity.createViews()
D/CordovaWebView(30722): >>> loadUrl(file:///android_asset/www/index.html)
D/PluginManager(30722): init()
D/CordovaWebView(30722): >>> loadUrlNow()
D/CordovaActivity(30722): Resuming the App
D/AudioManagerAndroid(30722): ==> onReceive: s=0, m=0, n=Headset, sb=true
D/AudioManagerAndroid(30722): reportUpdate: state=0, devices=[Speakerphone, Headset earpiece]
D/SoftKeyboardDetect(30722): Ignore this event
W/ResourceType(30722): No package identifier when getting name for resource number 0x00000064
I/InputMethodManager(30722): [startInputInner] EditorInfo { packageName=com.iconsult.clement, inputType=0xa1, imeOptions=0x12000000, privateImeOptions=null }, windowGainingFocus=android.view.ViewRootImpl$W@41b48fd0, mServedView=org.apache.cordova.CordovaWebView{41b15fb8 IFEDH.C. .F....I. 0,0-1080,1920 #64}
I/ActivityManager(  750): Displayed com.iconsult.clement/.CordovaApp: +555ms
D/SoftKeyboardDetect(30722): Ignore this event
I/InputMethodManagerService(  750): Disable input method client, pid=1059
I/InputMethodManagerService(  750): Enable input method client, pid=30722
D/PMS     (  750): releaseWL(43119ec0): PARTIAL_WAKE_LOCK  ActivityManager-Launch 0x1
D/PhoneStatusBar(  919): Status bar WINDOW_STATE_HIDING
D/CordovaWebViewClient(30722): onPageStarted(file:///android_asset/www/index.html)
D/CordovaActivity(30722): onMessage(onPageStarted,file:///android_asset/www/index.html)
D/WifiStateMachine(  750): get mPhoneStateListener
D/TelephonyRegistry(  750): This is not dual project
D/TelephonyCallback(  919): SignalStrength: 2
D/SIGNAL_ICON(  919): level=2/5
D/StatusBar.NetworkController(  919): dumpIcon[(gone) stat_sys_5signal_2|null stat_sys_wifi_signal_connected_4 (gone) F]
D/JsMessageQueue(30722): Set native->JS mode to OnlineEventsBridgeMode
D/WIFI_ICON(  919): WifiActivity: 3
D/StatusBar.NetworkController(  919): dumpIcon[(gone) stat_sys_5signal_2|null stat_sys_wifi_signal_inandout_4 (gone) F]
D/PhoneStatusBar(  919): Status bar WINDOW_STATE_HIDDEN
D/SoftKeyboardDetect(30722): Ignore this event
D/CordovaActivity(30722): onMessage(spinner,stop)
E/qdutils (30722): FBIOGET_FSCREENINFO failed
D/CordovaWebViewClient(30722): onPageFinished(file:///android_asset/www/index.html)
D/CordovaActivity(30722): onMessage(onPageFinished,file:///android_asset/www/index.html)
D/CordovaLog(30722): file:///android_asset/www/js/index.js: Line 41 : Uncaught TypeError: Cannot call method 'querySelector' of null
I/chromium(30722): [INFO:CONSOLE(41)] "Uncaught TypeError: Cannot call method 'querySelector' of null", source: file:///android_asset/www/js/index.js (41)
W/CpuWake (  750): >>nativeReleaseCpuPerfWakeLock()
W/CpuWake (  750): <<nativeReleaseCpuPerfWakeLock()
W/CpuWake (  750): >>release mCpuPerf_cpu_count wakelock
W/CpuWake (  750): <<release mCpuPerf_cpu_count wakelock
W/CpuWake (  750): >>release mCpuPerf_Freq wakelock
W/CpuWake (  750): <<release mCpuPerf_Freq wakelock
D/PMS     (  750): releaseHCC(427746d8): CPU_MIN_NUM ActivityManager-MultiCore-Num 0x400
D/WifiNative-wlan0(  750): doString: SIGNAL_POLL
W/WifiHW  (  750): QCOM Debug wifi_send_command "IFNAME=wlan0 SIGNAL_POLL"
D/PMS     (  750): releaseHCC(41df6518): CPU_MIN_FREQ ActivityManager-MultiCore-Freq 0x100
D/WifiStateMachine(  750): fetchRssiAndLinkSpeedNative RSSI = -56 abnormalRssiCnt = 0 newLinkSpeed = 39
D/WifiStateMachine(  750): fetchRssiAndLinkSpeedNative mLinkspeedCount = 4, mLinkspeedSum: 130
D/WifiDataStallTracker(  750): onReceive: action=com.android.internal.wifi.data-stall
D/WifiDataStallTracker(  750): onActionIntentDataStallAlarm: action=com.android.internal.wifi.data-stall
D/PMS     (  750): acquireWL(42fb76c8): PARTIAL_WAKE_LOCK  AlarmManager 0x1 750 1000
V/AlarmManager(  750): sending alarm PendingIntent{44129a28: PendingIntentRecord{42d96ac8 android broadcastIntent}}, i=com.android.internal.wifi.data-stall, t=3, cnt=1, w=58566329, Int=0
D/PMS     (  750): releaseWL(42fb76c8): PARTIAL_WAKE_LOCK  AlarmManager 0x1
D/WIFI_ICON(  919): WifiActivity: 0
D/StatusBar.NetworkController(  919): dumpIcon[(gone) stat_sys_5signal_2|null stat_sys_wifi_signal_connected_4 (gone) F]
D/WifiDataStallTracker(  750): updateDataStallInfo: mDataStallTxRxSum={txSum=228657 rxSum=394434} preTxRxSum={txSum=228584 rxSum=394384}
D/WifiDataStallTracker(  750): updateDataStallInfo: IN/OUT
D/WifiDataStallTracker(  750): onDataStallAlarm: tag=43198 Sent 0 pkts since last received, < watchdogTrigger=10
D/WifiDataStallTracker(  750): startDataStallAlarm: tag=43199 delay=30s
D/PMS     (  750): releaseWL(433614a8): PARTIAL_WAKE_LOCK  AudioMix 0x1
D/WifiNative-wlan0(  750): doString: SIGNAL_POLL
W/WifiHW  (  750): QCOM Debug wifi_send_command "IFNAME=wlan0 SIGNAL_POLL"
D/WifiStateMachine(  750): fetchRssiAndLinkSpeedNative RSSI = -53 abnormalRssiCnt = 0 newLinkSpeed = 39
D/WifiStateMachine(  750): fetchRssiAndLinkSpeedNative mLinkspeedCount = 5, mLinkspeedSum: 169
D/WifiStateMachine(  750): fetchRssiAndLinkSpeedNative: Update RSSI:-54 and linkspeed:33 in database
D/WifiApDatabaseHandler(  750): updateConnectedAP...
D/WifiStateMachine(  750): get mPhoneStateListener
D/TelephonyRegistry(  750): This is not dual project
D/TelephonyCallback(  919): SignalStrength: 2
D/SIGNAL_ICON(  919): level=2/5
D/StatusBar.NetworkController(  919): dumpIcon[(gone) stat_sys_5signal_2|null stat_sys_wifi_signal_connected_4 (gone) F]
D/AutoSetting(23922): service - handleMessage() stop self
D/AutoSetting(23922): service - onDestroy() END
D/AutoSetting(23922): service - handleMessage() quit looper
D/WifiNative-wlan0(  750): doString: SIGNAL_POLL
W/WifiHW  (  750): QCOM Debug wifi_send_command "IFNAME=wlan0 SIGNAL_POLL"
D/WifiStateMachine(  750): fetchRssiAndLinkSpeedNative RSSI = -59 abnormalRssiCnt = 0 newLinkSpeed = 39
D/WifiStateMachine(  750): fetchRssiAndLinkSpeedNative mLinkspeedCount = 1, mLinkspeedSum: 39
D/WIFI_ICON(  919): WifiActivity: 1
D/StatusBar.NetworkController(  919): dumpIcon[(gone) stat_sys_5signal_2|null stat_sys_wifi_signal_in_4 (gone) F]
D/ActivityManager(  750): getRecentTasks visible task but lastThumbnail is null, TaskRecord{43a2e3f8 #66 A=com.iconsult.clement U=0 sz=1}
D/Recents (  919): recents : 25
D/InputDispatcher(  750): cancelRecentAppsAction: prepare to launch Home
D/PMS     (  750): acquireHCC(42f76f48): CPU_MIN_FREQ HomeKeyHandlerFreq 0x100 750 1000
I/CVW     ( 1015): Dismiss CandidateViewWindow WCLID:0
D/InputDispatcher(  750): LaunchActivity: Intent { act=android.intent.action.MAIN cat=[android.intent.category.HOME] flg=0x10200000 }
W/CpuWake (  750): >>nativeAcquireCpuPerfWakeLock()
W/CpuWake (  750): <<nativeAcquireCpuPerfWakeLock()
I/ActivityManager(  750): START u0 {act=android.intent.action.MAIN cat=[android.intent.category.HOME] flg=0x10200000 cmp=com.teslacoilsw.launcher/com.android.launcher2.Launcher} from pid 750
I/Intent  (  750): @test_code: getHtcIntentFlag: 0 obj: 1125331232
D/CordovaActivity(30722): Paused the application!
D/CordovaWebView(30722): Handle the pause
D/PMS     (  750): releaseHCC(42f76f48): CPU_MIN_FREQ HomeKeyHandlerFreq 0x100
D/PMS     (  750): acquireWL(42f45010): PARTIAL_WAKE_LOCK  ActivityManager-Launch 0x1 750 1000
W/IInputConnectionWrapper(30722): reportFullscreenMode on inactive InputConnection
I/InputMethodManagerService(  750): Disable input method client, pid=30722
I/InputMethodManagerService(  750): Enable input method client, pid=1059
D/PMS     (  750): releaseWL(42f45010): PARTIAL_WAKE_LOCK  ActivityManager-Launch 0x1
D/PhoneStatusBar(  919): Status bar WINDOW_STATE_SHOWING
D/WIFI_ICON(  919): WifiActivity: 0
D/StatusBar.NetworkController(  919): dumpIcon[(gone) stat_sys_5signal_2|null stat_sys_wifi_signal_connected_4 (gone) F]
W/CpuWake (  750): >>nativeReleaseCpuPerfWakeLock()
W/CpuWake (  750): <<nativeReleaseCpuPerfWakeLock()
D/InputDispatcher(  750): ActualScreenOn=1
D/InputDispatcher(  750): ActualScreenOn=1
D/InputDispatcher(  750): notify PowerKey:1
I/PMS     (  750): Going to sleep by user request...
I/SensorManager(  750): unregisterListenerImpl++: listener = com.android.server.power.DisplayPowerController$10@4244cad8
W/SensorService(  750): Following SensorService logs are not warning, just make sure they are printed
W/SensorService(  750): disable: get sensor name = CM36282 Light sensor
W/SensorService(  750): pid=750, uid=1000
W/SensorService(  750): Active sensors: size = 3
W/SensorService(  750): BOSCH BMA250 3-axis Accelerometer (handle=0x00000004, connections=2)
W/SensorService(  750): CM36282 Proximity sensor (handle=0x00000007, connections=1)
W/SensorService(  750): HTC Gesture sensor (handle=0x00000009, connections=1)
W/SensorService(  750): SensorService::listenerSensor++: mName = com.android.server.power.DisplayPowerController$10@4244cad8, eanble = 0, strlen(mName) = 59
W/SensorService(  750): Active Listeners: mActiveListeners.size() = 3
W/SensorService(  750): Listener[0] = com.google.android.gms.fitness.sensors.local.b@421cd618
W/SensorService(  750): Listener[1] = com.android.internal.policy.impl.WindowOrientationListener$SensorEventListenerImpl@42c14cb0
W/SensorService(  750): Listener[2] = com.htc.smartdim.sensor_eye@44162110
W/SensorService(  750): void android::SensorService::listenerSensor(const char*, int32_t)--:
V/LightsService(  750): setLight #0: color=#0
E/qdexternal(  255): writeHPDOption: state file '/sys/devices/virtual/graphics/fb1/hpd' not found : ret-1 err str: Permission denied
D/SurfaceControl(  750): Excessive delay in blankDisplay() while turning screen off: 112ms
D/PMS     (  750): nativeSetInteractive:false
D/PMS     (  750): nativeSetInteractive:false done
D/PMS     (  750): nativeSetAutoSuspend:true
D/PMS     (  750): nativeSetAutoSuspend:true done
I/ClockThread(  919): stop update clock
I/InputManager(  750): Cancel all due to getting PMS screen off broadcast
D/HABCtrl (  750): TPE algorithm. remove timeout.
D/PMS     (  750): acquireWL(41d9fd78): PARTIAL_WAKE_LOCK  BatteryServiceUpdateStats_3 0x1 0 0
D/PMS     (  750): OOBE c monitor 11
I/BatteryService(  750): n_update end
D/PMS     (  750): releaseWL(41d9fd78): PARTIAL_WAKE_LOCK  BatteryServiceUpdateStats_3 0x1
D/HtcPowerSaver(  750): updateBatteryInfo
D/UsbnetService(  750): BroadcastReceiver::onReceive+
D/UsbnetService(  750): onReceive BATTERY_CHANGED
D/UsbnetService(  750):  --> pluggedType = 2, mPluggedType = 0, mScreenOff = false
D/UsbnetService(  750): BroadcastReceiver::onReceive-
I/InputMethodManagerService(  750): screenObserver, isScreenOn=false
I/InputMethodManagerService(  750): Disable input method client, pid=1059
D/PowerUI (  919): closing low battery warning: level=58
I/IntentController(  919): receive(android.intent.action.BATTERY_CHANGED,1,false)
D/PMS     (  750): runPSCheck
D/HtcPowerSaver(  750): Checking...
I/HtcPowerSaver(  750): >> updateStatus
D/PowerUI (  919): plugged = true, health = 2, mBatteryLevel = 58, mPluggedBatteryLevel = 54, mLowBatteryWarningLevel2 = 25, mshowLowChargingWarning2 = true
D/NfcService( 1044): ScreenObserver: OFF
D/NfcService( 1044): applyRouting - 0
D/NfcService( 1044): applyRouting -2
D/PMS     (  750): acquireWL(439b69e8): PARTIAL_WAKE_LOCK  NfcService:mRoutingWakeLock 0x1 1044 1027
I/HtcPowerSaver(  750): updateStatus (8002,58,-1,true,false,false,-1)
I/HtcPowerSaver(  750): << updateStatus
D/PMS     (  750): releaseWL(439b69e8): PARTIAL_WAKE_LOCK  NfcService:mRoutingWakeLock 0x1
D/WirelessDisplayService(  750): Screen File Receiver; callOnGoing: false, Screen On: false
D/WirelessDisplayService(  750): ScreenReceiver: ACTION_SCREEN_OFF && Not in DongleWait nor MirrorEnabling State: REQ_JOIN_GROUP - FALSE
I/SensorManager(  750): unregisterListenerImpl++: listener = com.android.internal.policy.impl.WindowOrientationListener$SensorEventListenerImpl@42c14cb0
W/SensorService(  750): Following SensorService logs are not warning, just make sure they are printed
W/SensorService(  750): disable: get sensor name = BOSCH BMA250 3-axis Accelerometer
W/SensorService(  750): pid=750, uid=1000
W/SensorService(  750): Active sensors: size = 3
W/SensorService(  750): BOSCH BMA250 3-axis Accelerometer (handle=0x00000004, connections=1)
W/SensorService(  750): CM36282 Proximity sensor (handle=0x00000007, connections=1)
W/SensorService(  750): HTC Gesture sensor (handle=0x00000009, connections=1)
W/SensorService(  750): SensorService::listenerSensor++: mName = com.android.internal.policy.impl.WindowOrientationListener$SensorEventListenerImpl@42c14cb0, eanble = 0, strlen(mName) = 91
W/SensorService(  750): Active Listeners: mActiveListeners.size() = 2
W/SensorService(  750): Listener[0] = com.google.android.gms.fitness.sensors.local.b@421cd618
W/SensorService(  750): Listener[1] = com.htc.smartdim.sensor_eye@44162110
W/SensorService(  750): void android::SensorService::listenerSensor(const char*, int32_t)--:
D/PMN     (  750): goingToSleep
D/PMS     (  750): acquireWL(4304e8f0): PARTIAL_WAKE_LOCK  ActivityManager-Sleep 0x1 750 1000
D/PMS     (  750): acquireWL(42f08830): PARTIAL_WAKE_LOCK  show keyguard 0x1 919 10051
D/PMS     (  750): releaseWL(4304e8f0): PARTIAL_WAKE_LOCK  ActivityManager-Sleep 0x1
I/ActivityManager(  750): Start proc com.htc.launcher for content provider com.htc.launcher/.masthead.MastheadStateProvider: pid=30819 uid=10075 gids={50075, 3003, 5012, 1028, 1015, 5001, 1023}
W/ActivityManager(  750): Disable JIT of com.htc.bgp
I/ActivityManager(  750): Start proc com.htc.bgp for content provider com.android.providers.calendar/.HtcCalendarProvider: pid=30831 uid=10017 gids={50017, 3003, 5012, 3002, 3001, 5003, 2001, 1028, 1015, 5001, 5011}
W/HtcLockScreen(  919): KgWidgetPager: onPageSwitched failed
D/WifiDataStallTracker(  750): onReceive: action=android.intent.action.SCREEN_OFF
D/WifiDataStallTracker(  750): stopDataStallAlarm: current tag=43199 mDataStallAlarmIntent=PendingIntent{43a09e60: PendingIntentRecord{42d96ac8 android broadcastIntent}}
D/AlarmManager(  750): ACTION_SCREEN_OFF
I/AlarmManager(  750): [AlarmQueuing] screen off now: 
I/AlarmManager(  750): [AlarmQueuing] data connection: false
I/AlarmManager(  750): [AlarmQueuing] wifi connection: true
D/WifiNative-wlan0(  750): doBoolean: SET_SCREEN_ON 0
D/WifiNative-wlan0(  750): doBoolean: DRIVER SETSUSPENDMODE 1
W/WifiHW  (  750): QCOM Debug wifi_send_command "IFNAME=wlan0 SET_SCREEN_ON 0"
I/wpa_supplicant( 7198): SET_SCREEN_ON:Off
D/WifiNative-wlan0(  750):    returned true
W/WifiHW  (  750): QCOM Debug wifi_send_command "IFNAME=wlan0 DRIVER SETSUSPENDMODE 1"
D/PMS     (  750): acquireWL(4327dee8): PARTIAL_WAKE_LOCK  WifiSuspend 0x1 750 1000
I/Prism.ExternalStringMa_(30819): changeLocale(): en_SG
D/WifiNative-wlan0(  750):    returned true
D/PMS     (  750): releaseWL(4327dee8): PARTIAL_WAKE_LOCK  WifiSuspend 0x1
I/HighlightSelectCacheHelper(30819): [custom highlight] loadHighlightSelection()
E/Prism.MastheadStatePro_(30819): uri: content://com.htc.launcher.masthead_state/visibility
D/ActivityThread(30831): Loading provider customization_settings: com.htc.provider.CustomizationSettings.CustomizationSettingsProvider
E/Prism.MastheadStatePro_(30819): uri: content://com.htc.launcher.masthead_state/visibility
I/ImageRamCache(30819): create image Cache, size: 31457280.
I/ImageRamCache(30819): [resize] ImageRamCache resized to: 30Mb.
I/ImageRamCache(30819): create image Cache, size: 31457280.
I/FeedSettings(30819): [BlinkFeedCommitment]loadSettings, BLINKFEED commitment: true
