I/FeedSettings(30819): GroupBudget 0.500000 0.380000
I/FeedSettings(30819): GroupBudget 60 45 15
I/RemoteViews(  919): com.htc.widget.notification (true,33751493)
I/Prism.AllAppsOptionsMa_(30819): loadSortType() with Alphabetical
I/CalendarProvider2(30831): Created com.android.providers.calendar.CalendarAlarmManager@41b3b888(com.android.providers.calendar.HtcCalendarProvider@41b292a8)
I/Prism.AllAppsOptionsMa_(30819): loadGridSize() with Alternative
D/CalendarProvider2(30831): wait start:true
W/AppWidgetServiceImpl(  750): updateAppWidget failed! callbacks null
D/CalendarProvider2(30831): wait end:false
I/ActivityManager(  750): Start proc com.htc.htcpowermanager:remote for broadcast com.htc.htcpowermanager/.smartsync.SmartSyncDataLinkTurnOffReceiver: pid=30851 uid=1000 gids={41000, 5006, 5001, 1028, 1015, 3002, 3001, 3003, 5012, 9985, 1023, 5011, 3006, 1007}
I/RemoteViews.Performance(  919): com.htc.widget.notification 0 89 34 40
I/RemoteViews(  919): com.htc.calculator.widget (true,33751493)
D/SmartSyncUtils(30851): isEpsOn(), nState = 0
D/SmartSyncUtils(30851): getMobilePolicyEnabled, result = true
D/WifiService(  750): New client listening to asynchronous messages
I/RemoteViews.Performance(  919): com.htc.calculator.widget 1 70 16 1
D/SmartSyncUtils(30851): isEpsOn(), nState = 0
D/Process (  750): killProcessQuiet, pid=30152
D/Process (  750): com.android.server.am.ActivityManagerService.killUnneededProcessLocked:7565 com.android.server.am.ActivityManagerService.updateOomAdjLocked:17027 com.android.server.am.BroadcastQueue.processCurBroadcastLocked:231 
D/PMS     (  750): acquireWL(43ee1220): PARTIAL_WAKE_LOCK  SmartSyncScreenOnOffTimeReceiver_3 0x1 30851 1000
I/ActivityManager(  750): Killing 30152:com.linkbubble.playstore/u0a294 (adj 15): empty #17
I/SensorManager(  750): unregisterListenerImpl++: listener = com.htc.smartdim.sensor_eye@44162110
W/SensorService(  750): Following SensorService logs are not warning, just make sure they are printed
W/SensorService(  750): disable: get sensor name = BOSCH BMA250 3-axis Accelerometer
W/SensorService(  750): pid=750, uid=1000
W/SensorService(  750): Active sensors: size = 2
W/SensorService(  750): CM36282 Proximity sensor (handle=0x00000007, connections=1)
W/SensorService(  750): HTC Gesture sensor (handle=0x00000009, connections=1)
W/SensorService(  750): SensorService::listenerSensor++: mName = com.htc.smartdim.sensor_eye@44162110, eanble = 0, strlen(mName) = 36
W/SensorService(  750): Active Listeners: mActiveListeners.size() = 1
W/SensorService(  750): Listener[0] = com.google.android.gms.fitness.sensors.local.b@421cd618
W/SensorService(  750): void android::SensorService::listenerSensor(const char*, int32_t)--:
W/SensorService(  750): Following SensorService logs are not warning, just make sure they are printed
W/SensorService(  750): disable: get sensor name = CM36282 Proximity sensor
W/SensorService(  750): pid=750, uid=1000
W/SensorService(  750): Active sensors: size = 1
W/SensorService(  750): HTC Gesture sensor (handle=0x00000009, connections=1)
W/SensorService(  750): SensorService::listenerSensor++: mName = com.htc.smartdim.sensor_eye@44162110, eanble = 0, strlen(mName) = 36
W/SensorService(  750): Active Listeners: mActiveListeners.size() = 1
W/SensorService(  750): Listener[0] = com.google.android.gms.fitness.sensors.local.b@421cd618
W/SensorService(  750): void android::SensorService::listenerSensor(const char*, int32_t)--:
W/ContextImpl(  750): Calling a method in the system process without a qualified user: android.app.ContextImpl.stopService:1733 android.content.ContextWrapper.stopService:506 android.content.ContextWrapper.stopService:506 com.htc.smartdim.SystemIntentReceiver.onReceive:123 android.app.ActivityThread.handleReceiver:2833 
I/ActivityManager(  750): Recipient 30152
I/SensorManager(  750): unregisterListenerImpl++: listener = com.htc.smartdim.sensor_eye@44162110
E/ActivityThread(  750): Service com.htc.smartdim.sensor_eye has leaked IntentReceiver com.htc.smartdim.sensor_eye$CoverStateReceiver@43fb1ec8 that was originally registered here. Are you missing a call to unregisterReceiver()?
E/ActivityThread(  750): android.app.IntentReceiverLeaked: Service com.htc.smartdim.sensor_eye has leaked IntentReceiver com.htc.smartdim.sensor_eye$CoverStateReceiver@43fb1ec8 that was originally registered here. Are you missing a call to unregisterReceiver()?
E/ActivityThread(  750): 	at android.app.LoadedApk$ReceiverDispatcher.<init>(LoadedApk.java:904)
E/ActivityThread(  750): 	at android.app.LoadedApk.getReceiverDispatcher(LoadedApk.java:673)
E/ActivityThread(  750): 	at android.app.ContextImpl.registerReceiverInternal(ContextImpl.java:1678)
E/ActivityThread(  750): 	at android.app.ContextImpl.registerReceiver(ContextImpl.java:1658)
E/ActivityThread(  750): 	at android.content.ContextWrapper.registerReceiver(ContextWrapper.java:481)
E/ActivityThread(  750): 	at com.htc.smartdim.sensor_eye.register(sensor_eye.java:166)
E/ActivityThread(  750): 	at com.htc.smartdim.sensor_eye.onStart(sensor_eye.java:285)
E/ActivityThread(  750): 	at android.app.Service.onStartCommand(Service.java:450)
E/ActivityThread(  750): 	at android.app.ActivityThread.handleServiceArgs(ActivityThread.java:3173)
E/ActivityThread(  750): 	at android.app.ActivityThread.access$2100(ActivityThread.java:156)
E/ActivityThread(  750): 	at android.app.ActivityThread$H.handleMessage(ActivityThread.java:1461)
E/ActivityThread(  750): 	at android.os.Handler.dispatchMessage(Handler.java:102)
E/ActivityThread(  750): 	at android.os.Looper.loop(Looper.java:157)
E/ActivityThread(  750): 	at com.android.server.ServerThread.initAndLoop(SystemServer.java:1450)
E/ActivityThread(  750): 	at com.android.server.SystemServer.main(SystemServer.java:1580)
E/ActivityThread(  750): 	at java.lang.reflect.Method.invokeNative(Native Method)
E/ActivityThread(  750): 	at java.lang.reflect.Method.invoke(Method.java:515)
E/ActivityThread(  750): 	at com.android.internal.os.ZygoteInit$MethodAndArgsCaller.run(ZygoteInit.java:858)
E/ActivityThread(  750): 	at com.android.internal.os.ZygoteInit.main(ZygoteInit.java:674)
E/ActivityThread(  750): 	at dalvik.system.NativeStart.main(Native Method)
D/PMS     (  750): releaseWL(43ee1220): PARTIAL_WAKE_LOCK  SmartSyncScreenOnOffTimeReceiver_3 0x1
W/AppWidgetService(  750): sendInitialBroadcasts(),set useForground = false
D/AppWidgetHostView(  919): updateAppWidget mInfo = AppWidgetProviderInfo(provider=ComponentInfo{com.htc.calculator.widget/com.htc.calculator.widget.WidgetLightProvider})
I/RemoteViews(  919): com.htc.calculator.widget (true,33751493)
I/RemoteViews.Performance(  919): com.htc.calculator.widget 0 0 1
D/AppWidgetHostView(  919): updateAppWidget mInfo = AppWidgetProviderInfo(provider=ComponentInfo{com.htc.widget.notification/com.htc.widget.notification.Notification4x4})
I/RemoteViews(  919): com.htc.widget.notification (true,33751493)
I/RemoteViews.Performance(  919): com.htc.widget.notification 0 6 40
D/StatusBarManager(  919): disable=0x1000000 pid=919 pkg=com.android.keyguard thread=main token=android.os.Binder@41eff468
I/CVW     ( 1015): Dismiss CandidateViewWindow WCLID:0
D/MisTriggerProtectCtrl(  919): onScreenRestart
D/MediaRouter(  919): addCallback (com.htc.lockscreen.keyguard.KeyguardDisplayManager$1@41b4a4a0), flags = 8
D/MediaRouter(  919): getSelectedRoute
D/StatusBarManager(  919): disable=0x1000000 pid=919 pkg=com.android.keyguard thread=main token=android.os.Binder@41eff468
I/Choreographer(  919): Skipped 52 frames!  The application may be doing too much work on its main thread.
D/PMS     (  750): releaseWL(42f08830): PARTIAL_WAKE_LOCK  show keyguard 0x1
I/ActivityManager(  750): Start proc com.htc.widget.hmsproc4 for broadcast com.htc.calculator.widget/.WidgetLightProvider: pid=30868 uid=10053 gids={50053, 1028}
W/View    (  919): requestLayout() improperly called by android.widget.TextView{42138f38 V.ED.... ......ID 476,157-530,209 #7f0d014d app:id/am_pm} during layout: running second layout pass
W/View    (  919): requestLayout() improperly called by android.widget.TextView{42171e58 I.ED.... ......I. 0,0-0,54 #7f0d014e app:id/align_base} during layout: running second layout pass
W/View    (  919): requestLayout() improperly called by android.widget.TextView{4227c4b0 V.ED.... ......ID 0,0-191,54 #7f0d014f app:id/week_date} during layout: running second layout pass
W/View    (  919): requestLayout() improperly called by android.widget.TextView{41affea8 V.ED.... ......ID 229,0-411,54 #7f0d0151 app:id/city_name} during layout: running second layout pass
W/View    (  919): requestLayout() improperly called by android.widget.TextView{41b114f0 V.ED.... ......ID 0,0-16,54 #7f0d0153 app:id/comma} during layout: running second layout pass
W/View    (  919): requestLayout() improperly called by android.widget.TextView{41f90578 V.ED.... ......ID 16,0-54,54 #7f0d0154 app:id/temparature} during layout: running second layout pass
W/View    (  919): requestLayout() improperly called by android.widget.TextView{41fc1848 V.ED.... ......ID 54,6-74,39 #7f0d0155 app:id/temparature_degree} during layout: running second layout pass
W/View    (  919): requestLayout() improperly called by android.widget.TextView{41fb6998 V.ED.... ......ID 0,0-369,54 #7f0d0101 app:id/calendar_text2} during layout: running second layout pass
W/View    (  919): requestLayout() improperly called by android.widget.TextView{41fc1010 V.ED.... ......ID 399,0-804,54 #7f0d0102 app:id/calendar_text3} during layout: running second layout pass
E/Prism.MastheadStatePro_(30819): uri: content://com.htc.launcher.masthead_state/panelstatus?notify=false
D/CalculatorWidget(30868): Debug flag: false
D/CalculatorWidget(30868): Security Debug flag: false
D/CalculatorWidget(30868): Enable normal log level: false
D/CalculatorWidget(30868): Enable critical log level: false
D/Process (  750): killProcessQuiet, pid=30306
D/Process (  750): com.android.server.am.ActivityManagerService.killUnneededProcessLocked:7565 com.android.server.am.ActivityManagerService.updateOomAdjLocked:17027 com.android.server.am.BroadcastQueue.processNextBroadcast:696 
I/ActivityManager(  750): Killing 30306:com.nero.android.htc.sync.installer/u0a71 (adj 15): empty #17
I/ActivityManager(  750): Recipient 30306
D/PhoneStatusBar(  919): disable: < expand icons alerts ticker system_info BACK* HOME* RECENT* clock search >
D/Process (  750): killProcessQuiet, pid=30261
D/Process (  750): com.android.server.am.ActivityManagerService.killUnneededProcessLocked:7565 com.android.server.am.ActivityManagerService.updateOomAdjLocked:17027 com.android.server.am.ActivityManagerService.removeContentProvider:8657 
D/AppWidgetHostView(  919): updateAppWidget mInfo = AppWidgetProviderInfo(provider=ComponentInfo{com.htc.calculator.widget/com.htc.calculator.widget.WidgetLightProvider})
I/RemoteViews(  919): com.htc.calculator.widget (true,33751493)
I/RemoteViews.Performance(  919): com.htc.calculator.widget 0 1 1
W/View    (  919): requestLayout() improperly called by android.widget.TextView{42138f38 V.ED.... ........ 476,157-530,209 #7f0d014d app:id/am_pm} during second layout pass: posting in next frame
W/View    (  919): requestLayout() improperly called by android.widget.TextView{42171e58 I.ED.... ......I. 0,0-0,54 #7f0d014e app:id/align_base} during second layout pass: posting in next frame
W/View    (  919): requestLayout() improperly called by android.widget.TextView{4227c4b0 V.ED.... ........ 0,0-191,54 #7f0d014f app:id/week_date} during second layout pass: posting in next frame
W/View    (  919): requestLayout() improperly called by android.widget.TextView{41affea8 V.ED.... ........ 229,0-411,54 #7f0d0151 app:id/city_name} during second layout pass: posting in next frame
W/View    (  919): requestLayout() improperly called by android.widget.TextView{41b114f0 V.ED.... ........ 0,0-16,54 #7f0d0153 app:id/comma} during second layout pass: posting in next frame
W/View    (  919): requestLayout() improperly called by android.widget.TextView{41f90578 V.ED.... ........ 16,0-54,54 #7f0d0154 app:id/temparature} during second layout pass: posting in next frame
W/View    (  919): requestLayout() improperly called by android.widget.TextView{41fc1848 V.ED.... ........ 54,6-74,39 #7f0d0155 app:id/temparature_degree} during second layout pass: posting in next frame
W/View    (  919): requestLayout() improperly called by android.widget.TextView{41fb6998 V.ED.... ........ 0,0-369,54 #7f0d0101 app:id/calendar_text2} during second layout pass: posting in next frame
W/View    (  919): requestLayout() improperly called by android.widget.TextView{41fc1010 V.ED.... ........ 399,0-804,54 #7f0d0102 app:id/calendar_text3} during second layout pass: posting in next frame
I/ActivityManager(  750): Killing 30261:com.htc.cs.dm/u0a97 (adj 15): empty #17
D/NetworkPolicy(  750): updateScreenOn: false
D/AppWidgetHostView(  919): updateAppWidget mInfo = AppWidgetProviderInfo(provider=ComponentInfo{com.htc.calculator.widget/com.htc.calculator.widget.WidgetLightProvider})
I/RemoteViews(  919): com.htc.calculator.widget (true,33751493)
I/RemoteViews.Performance(  919): com.htc.calculator.widget 0 0 1
D/WifiNative-wlan0(  750): doString: SIGNAL_POLL
W/WifiHW  (  750): QCOM Debug wifi_send_command "IFNAME=wlan0 SIGNAL_POLL"
I/ActivityManager(  750): Recipient 30261
I/wpa_supplicant( 7198): Change stage from stage0 to stage3
D/ContactMessageStore( 1032): start background delete task...
D/ContactMessageStore( 1032): size: 0 , 0
D/ContactMessageStore( 1032): Background delete complete
D/PMS     (  750): acquireWL(440905e0): PARTIAL_WAKE_LOCK  Wakeful StateMachine: GeofencerStateMachine 0x1 1356 10031
D/PMS     (  750): acquireWL(434b25e0): PARTIAL_WAKE_LOCK  GCoreFlp 0x1 1356 10031
D/PMS     (  750): releaseWL(440905e0): PARTIAL_WAKE_LOCK  Wakeful StateMachine: GeofencerStateMachine 0x1
D/PMS     (  750): releaseWL(434b25e0): PARTIAL_WAKE_LOCK  GCoreFlp 0x1
W/PropertyValuesHolder(  919): Method setMyDrawable() with type int not found on target class class com.htc.lockscreen.ui.ArrowAnimationView
D/AppWidgetHostView(  919): updateAppWidget mInfo = AppWidgetProviderInfo(provider=ComponentInfo{com.htc.widget.notification/com.htc.widget.notification.Notification4x4})
I/RemoteViews(  919): com.htc.widget.notification (true,33751493)
I/RemoteViews.Performance(  919): com.htc.widget.notification 1 7 40
D/PMS     (  750): acquireWL(4309a448): PARTIAL_WAKE_LOCK  FbClientConnManager 0x1 14061 10028
I/[HTC_BLE_2013.12.02.SDKBUILD][BaseLeProfiles](17705): onScreenOff.
I/[HTC_BLE_2013.12.02.SDKBUILD][LocalBatteryService](17705): onScreenOff
I/[HTC_BLE_2013.12.02.SDKBUILD][LocalBatteryService](17705): disableBatteryAlarm
I/[HTC_BLE_2013.12.02.SDKBUILD][LocalBatteryService](17705): disableBatteryAlarm: null
I/[HTC_BLE_2013.12.02.SDKBUILD][LocalLinkService](17705): onScreenOff
I/CalendarProvider2(30831): Sending notification intent: Intent { act=android.intent.action.PROVIDER_CHANGED dat=content: }
W/ContentResolver(30831): Failed to get type for: content://com.android.calendar (Unknown URL content://com.android.calendar)
I/ActivityManager(  750): Start proc com.htc.calendar for broadcast com.htc.calendar/.ProviderChangeReceiver: pid=30887 uid=10015 gids={50015, 3003, 5012, 1028, 1015, 1023}
D/Process (  750): killProcessQuiet, pid=30282
D/Process (  750): com.android.server.am.ActivityManagerService.killUnneededProcessLocked:7565 com.android.server.am.ActivityManagerService.updateOomAdjLocked:17027 com.android.server.am.ActivityManagerService.updateOomAdjLocked:16871 
I/ActivityManager(  750): Killing 30282:com.htc.providers.settings:remote/u0a19 (adj 15): empty #17
I/ActivityManager(  750): Recipient 30282
D/AppWidgetHostView(  919): updateAppWidget mInfo = AppWidgetProviderInfo(provider=ComponentInfo{com.htc.widget.notification/com.htc.widget.notification.Notification4x4})
I/RemoteViews(  919): com.htc.widget.notification (true,33751493)
I/RemoteViews.Performance(  919): com.htc.widget.notification 0 8 40
D/CalendarApplication(30887): onCreate
D/ProviderChangeReceiver(30887): ---------------------------------------------------
D/ProviderChangeReceiver(30887): ProviderChangeReceiver onReceive, start to update notification!
D/AlertService(30887): start to updateAlertNotification!
D/Process (  750): killProcessQuiet, pid=30325
D/Process (  750): com.android.server.am.ActivityManagerService.killUnneededProcessLocked:7565 com.android.server.am.ActivityManagerService.updateOomAdjLocked:17027 com.android.server.am.ActivityManagerService.trimApplications:17296 
I/ActivityManager(  750): Start proc com.android.settings:remote for broadcast com.android.settings/.framework.app.HtcDndCommandReceiver: pid=30911 uid=1000 gids={41000, 5006, 5001, 1028, 1015, 3002, 3001, 3003, 5012, 9985, 1023, 5011, 3006, 1007}
I/ActivityManager(  750): Killing 30325:com.google.android.apps.cloudprint/u0a101 (adj 15): empty #17
I/ActivityManager(  750): Recipient 30325
D/AlertService(30887): No fired or scheduled alerts
D/HtcAlertUtils(30887): -- cancelReminderNotification --
D/HtcAlertUtils(30887): broadcastExistReminder!
V/Settings:HtcSettingsApplication(30911): [30911/30911] onCreate()
W/ContextImpl(30911): Calling a method in the system process without a qualified user: android.app.ContextImpl.startService:1727 android.content.ContextWrapper.startService:501 android.content.ContextWrapper.startService:501 com.android.settings.framework.app.HtcDndCommandReceiver.onReceive:34 android.app.ActivityThread.handleReceiver:2833 
I/ActivityManager(  750): Start proc com.google.android.calendar for broadcast com.google.android.calendar/com.android.calendar.alerts.AlertReceiver: pid=30926 uid=10112 gids={50112, 3003, 5012, 1028, 1015}
D/Process (  750): killProcessQuiet, pid=23922
D/Process (  750): com.android.server.am.ActivityManagerService.killUnneededProcessLocked:7565 com.android.server.am.ActivityManagerService.updateOomAdjLocked:17027 com.android.server.am.ActivityManagerService.updateOomAdjLocked:16871 
I/ActivityManager(  750): Killing 23922:com.htc.sense.hsp/u0a52 (adj 15): empty #17
I/ActivityManager(  750): Recipient 23922
W/dalvikvm(30926): VFY: unable to resolve virtual method 251: Landroid/app/Notification$Builder;.setCategory (Ljava/lang/String;)Landroid/app/Notification$Builder;
W/dalvikvm(30926): VFY: unable to resolve virtual method 252: Landroid/app/Notification$Builder;.setColor (I)Landroid/app/Notification$Builder;
D/PMS     (  750): acquireWL(42f25ba8): PARTIAL_WAKE_LOCK  StartingAlertService 0x1 30926 10112
D/AppWidgetHostView( 1059): updateAppWidget mInfo = AppWidgetProviderInfo(provider=ComponentInfo{com.google.android.calendar/com.android.calendar.widget.CalendarAppWidgetProvider})
I/RemoteViews( 1059): com.google.android.calendar (false,0)
I/RemoteViews.Performance( 1059): com.google.android.calendar 1 1 7
I/AnalyticsLogBase(30926): PlayLogger.onLoggerConnected
I/AnalyticsLogBase(30926): PlayLogger.onLoggerConnected
I/ActivityManager(  750): Start proc slide.watchFrenzy for broadcast slide.watchFrenzy/.CalendarEventReceiver: pid=30946 uid=10276 gids={50276, 3003, 5012, 1028, 1015}
I/global  (14061): I/O error closing connection
I/global  (14061): java.net.SocketException: Socket is closed
I/global  (14061): 	at java.net.Socket.checkOpenAndCreate(Socket.java:672)
I/global  (14061): 	at java.net.Socket.getSoLinger(Socket.java:435)
I/global  (14061): 	at com.android.org.conscrypt.OpenSSLSocketImplWrapper.getSoLinger(OpenSSLSocketImplWrapper.java:156)
I/global  (14061): 	at org.apache.http.impl.conn.tsccm.AbstractConnPool.closeConnection(AbstractConnPool.java:328)
I/global  (14061): 	at org.apache.http.impl.conn.tsccm.ConnPoolByRoute.deleteEntry(ConnPoolByRoute.java:530)
I/global  (14061): 	at org.apache.http.impl.conn.tsccm.ConnPoolByRoute.deleteClosedConnections(ConnPoolByRoute.java:653)
I/global  (14061): 	at org.apache.http.impl.conn.tsccm.ThreadSafeClientConnManager.closeIdleConnections(ThreadSafeClientConnManager.java:295)
I/global  (14061): 	at com.facebook.http.common.executorimpl.apache.FbClientConnManager.b(FbClientConnManager.java:314)
I/global  (14061): 	at com.facebook.http.common.executorimpl.apache.FbClientConnManager$CloseIdleConnectionsRunnable.run(FbClientConnManager.java:325)
I/global  (14061): 	at java.util.concurrent.Executors$RunnableAdapter.call(Executors.java:422)
I/global  (14061): 	at java.util.concurrent.FutureTask.run(FutureTask.java:237)
I/global  (14061): 	at java.util.concurrent.ScheduledThreadPoolExecutor$ScheduledFutureTask.access$201(ScheduledThreadPoolExecutor.java:152)
I/global  (14061): 	at java.util.concurrent.ScheduledThreadPoolExecutor$ScheduledFutureTask.run(ScheduledThreadPoolExecutor.java:265)
I/global  (14061): 	at java.util.concurrent.ThreadPoolExecutor.runWorker(ThreadPoolExecutor.java:1112)
I/global  (14061): 	at java.util.concurrent.ThreadPoolExecutor$Worker.run(ThreadPoolExecutor.java:587)
I/global  (14061): 	at com.facebook.common.executors.NamedThreadFactory$1.run(NamedThreadFactory.java:38)
I/global  (14061): 	at java.lang.Thread.run(Thread.java:864)
W/IdleConnectionHandler(14061): Removing a connection that never existed!
I/global  (14061): I/O error closing connection
I/global  (14061): java.net.SocketException: Socket is closed
I/global  (14061): 	at java.net.Socket.checkOpenAndCreate(Socket.java:672)
I/global  (14061): 	at java.net.Socket.getSoLinger(Socket.java:435)
I/global  (14061): 	at com.android.org.conscrypt.OpenSSLSocketImplWrapper.getSoLinger(OpenSSLSocketImplWrapper.java:156)
I/global  (14061): 	at org.apache.http.impl.conn.tsccm.AbstractConnPool.closeConnection(AbstractConnPool.java:328)
I/global  (14061): 	at org.apache.http.impl.conn.tsccm.ConnPoolByRoute.deleteEntry(ConnPoolByRoute.java:530)
I/global  (14061): 	at org.apache.http.impl.conn.tsccm.ConnPoolByRoute.deleteClosedConnections(ConnPoolByRoute.java:653)
I/global  (14061): 	at org.apache.http.impl.conn.tsccm.ThreadSafeClientConnManager.closeIdleConnections(ThreadSafeClientConnManager.java:295)
I/global  (14061): 	at com.facebook.http.common.executorimpl.apache.FbClientConnManager.b(FbClientConnManager.java:314)
I/global  (14061): 	at com.facebook.http.common.executorimpl.apache.FbClientConnManager$CloseIdleConnectionsRunnable.run(FbClientConnManager.java:325)
I/global  (14061): 	at java.util.concurrent.Executors$RunnableAdapter.call(Executors.java:422)
I/global  (14061): 	at java.util.concurrent.FutureTask.run(FutureTask.java:237)
I/global  (14061): 	at java.util.concurrent.ScheduledThreadPoolExecutor$ScheduledFutureTask.access$201(ScheduledThreadPoolExecutor.java:152)
I/global  (14061): 	at java.util.concurrent.ScheduledThreadPoolExecutor$ScheduledFutureTask.run(ScheduledThreadPoolExecutor.java:265)
I/global  (14061): 	at java.util.concurrent.ThreadPoolExecutor.runWorker(ThreadPoolExecutor.java:1112)
I/global  (14061): 	at java.util.concurrent.ThreadPoolExecutor$Worker.run(ThreadPoolExecutor.java:587)
I/global  (14061): 	at com.facebook.common.executors.NamedThreadFactory$1.run(NamedThreadFactory.java:38)
I/global  (14061): 	at java.lang.Thread.run(Thread.java:864)
W/IdleConnectionHandler(14061): Removing a connection that never existed!
D/PMS     (  750): releaseWL(4309a448): PARTIAL_WAKE_LOCK  FbClientConnManager 0x1
D/WifiNative-wlan0(  750): doString: SIGNAL_POLL
W/WifiHW  (  750): QCOM Debug wifi_send_command "IFNAME=wlan0 SIGNAL_POLL"
D/Process (  750): killProcessQuiet, pid=30353
D/Process (  750): com.android.server.am.ActivityManagerService.killUnneededProcessLocked:7565 com.android.server.am.ActivityManagerService.updateOomAdjLocked:17027 com.android.server.am.ActivityManagerService.trimApplications:17296 
I/ActivityManager(  750): Start proc am.sunrise.android.calendar for broadcast am.sunrise.android.calendar/.localproviders.receiver.LocalProviderChangeReceiver: pid=30959 uid=10318 gids={50318, 3003, 5012, 1028, 1015}
I/ActivityManager(  750): Killing 30353:com.google.android.apps.magazines/u0a159 (adj 15): empty #17
D/WearableClient(30946): WearableClientImpl.onPostInitHandler: done
I/ActivityManager(  750): Recipient 30353
I/Crashlytics(30959): Initializing Crashlytics 1.1.13.29
W/Settings(30959): Setting airplane_mode_on has moved from android.provider.Settings.System to android.provider.Settings.Global, returning read-only value.
D/libc    (30959): [NET] getaddrinfo+,hn 24(0x73657474696e67),sn(),family 0,flags 4
D/libc    (30959): [NET] getaddrinfo-,err=8
D/libc    (30959): [NET] getaddrinfo+,hn 24(0x73657474696e67),sn(),family 0,flags 1024
D/libc    (30959): [NET] getaddrinfo-, 1
D/libc    (30959): [NET] getaddrinfo_proxy+
D/libc    (  263): [NET] getaddrinfo+,hn 24(0x73657474696e67),sn(),family 0,flags 1024
D/libc    (  263): [NET]_dns_getaddrinfo: iface= v4v6=10 method=1
D/libc    (  263): [NET] +++++ res_nsend xid =d859 +++++
D/libc    (  263): [NET] res_nLookupCache: rstatp->iface =
D/libc    (  263): [NET][SMD][Mode1][Exit3] WARNING, tcp syn fail is detected, ip_addr=61.8.239.76
D/libc    (  263): [NET]res_queryN: exit 3, ancount=9
D/libc    (  263): [NET]_dns_getaddrinfo-, (NS_SUCCESS)
D/libc    (  263): [NET] getaddrinfo-, SUCCESS
D/libc    (30959): [NET] getaddrinfo_proxy-, success
W/SQLiteCursor( 1445): Close cursor android.database.sqlite.SQLiteCursor@41d4aee8 on null twice or more
W/SQLiteCursor( 1445): Close cursor android.database.sqlite.SQLiteCursor@41b27d78 on null twice or more
I/GAV2    (30926): Thread[GAThread,5,main]: No campaign data found.
D/PMS     (  750): releaseWL(42f25ba8): PARTIAL_WAKE_LOCK  StartingAlertService 0x1
I/GAV3    (30959): Thread[GAThread,5,main]: No campaign data found.
D/Process (  750): killProcessQuiet, pid=30405
D/Process (  750): com.android.server.am.ActivityManagerService.killUnneededProcessLocked:7565 com.android.server.am.ActivityManagerService.updateOomAdjLocked:17027 com.android.server.am.ActivityManagerService.updateOomAdjLocked:16871 
I/ActivityManager(  750): Killing 30405:com.ifttt.ifttt/u0a248 (adj 15): empty #17
I/ActivityManager(  750): Recipient 30405
D/Process (  750): killProcessQuiet, pid=30437
D/Process (  750): com.android.server.am.ActivityManagerService.killUnneededProcessLocked:7565 com.android.server.am.ActivityManagerService.updateOomAdjLocked:17027 com.android.server.am.ActivityManagerService.updateOomAdjLocked:16871 
I/ActivityManager(  750): Killing 30437:com.vsco.cam/u0a233 (adj 15): empty #17
I/ActivityManager(  750): Recipient 30437
D/PMS     (  750): acquireWL(441964b8): PARTIAL_WAKE_LOCK  AlarmManager 0x1 750 1000
V/AlarmManager(  750): sending alarm PendingIntent{431a12d0: PendingIntentRecord{43c74a68 com.facebook.orca broadcastIntent}}, i=com.facebook.push.mqtt.keepalive.b.ACTION_INEXACT_ALARM.com.facebook.orca, t=2, cnt=1, w=58589678, Int=900000
V/AlarmManager(  750): sending alarm PendingIntent{41d70198: PendingIntentRecord{430a7ec8 com.facebook.katana broadcastIntent}}, i=com.facebook.push.mqtt.keepalive.KeepaliveManager.ACTION_INEXACT_ALARM.com.facebook.katana, t=2, cnt=1, w=58589698, Int=900000
V/AlarmManager(  750): sending alarm PendingIntent{42cb9d40: PendingIntentRecord{41d8c8c0 com.facebook.katana broadcastIntent}}, i=com.facebook.analytics.service.AnalyticsEventUploader.ACTION_ALARM, t=0, cnt=1, w=1421310390279, Int=3600000
V/AlarmManager(  750): sending alarm PendingIntent{424ae658: PendingIntentRecord{44233c88 com.facebook.orca broadcastIntent}}, i=com.facebook.analytics.service.a.ACTION_ALARM, t=0, cnt=1, w=1421310390329, Int=3600000
V/AlarmManager(  750): sending alarm PendingIntent{41b0f8b0: PendingIntentRecord{42e2bb58 com.htc.htcpowermanager broadcastIntent}}, i=com.htc.htcpowermanager.action.CALC_POWER, t=1, cnt=1, w=1421310391585, Int=900000
V/AlarmManager(  750): sending alarm PendingIntent{43331ca0: PendingIntentRecord{42eb3a78 com.google.android.gms broadcastIntent}}, i=null, t=1, cnt=1, w=1421310412006, Int=0
W/ContextImpl(30851): Calling a method in the system process without a qualified user: android.app.ContextImpl.startService:1727 android.content.ContextWrapper.startService:501 android.content.ContextWrapper.startService:501 com.htc.htcpowermanager.battery.PowerUsageReceiver.onReceive:13 android.app.ActivityThread.handleReceiver:2833 
D/PMS     (  750): releaseWL(441964b8): PARTIAL_WAKE_LOCK  AlarmManager 0x1
D/PowerUsageService(30851): call getInstance()
D/PowerUsageList:PowerUsageHelper(30851): MY_DEBUG = false
D/PMS     (  750): acquireWL(43110588): PARTIAL_WAKE_LOCK  AlarmManager 0x1 750 1000
V/AlarmManager(  750): sending alarm PendingIntent{431c7eb0: PendingIntentRecord{42f0e798 com.google.android.gms broadcastIntent}}, i=com.google.android.gms.nlp.ALARM_WAKEUP_LOCATOR, t=2, cnt=1, w=58596176, Int=0
V/AlarmManager(  750): sending alarm PendingIntent{43154790: PendingIntentRecord{42bacc70 com.google.android.gms broadcastIntent}}, i=com.google.android.gms.nlp.ALARM_WAKEUP_ACTIVITY_DETECTION, t=2, cnt=1, w=58597176, Int=0
D/PMS     (  750): acquireWL(42d3bc18): PARTIAL_WAKE_LOCK  NlpWakeLock 0x1 1356 10031
D/PMS     (  750): releaseWL(43110588): PARTIAL_WAKE_LOCK  AlarmManager 0x1
D/PMS     (  750): acquireWL(41d4d900): PARTIAL_WAKE_LOCK  NlpCollectorWakeLock 0x1 1356 10031
I/SensorManager( 1356): registerListenerImpl: listener = com.google.android.location.collectionlib.cf@41effc80, sensor = {Sensor name="BOSCH BMA250 3-axis Accelerometer", vendor="BOSCH", version=1, type=1, maxRange=39.2266, resolution=0.038307227, power=0.1, minDelay=10000}, delay = 0, handler = Handler (com.google.android.location.collectionlib.ak) {41f3c818}
W/SensorService(  750): Following SensorService logs are not warning, just make sure they are printed
W/SensorService(  750): enable: get sensor name = BOSCH BMA250 3-axis Accelerometer
W/SensorService(  750): pid=1356, uid=10031
W/SensorService(  750): Active sensors: size = 2
W/SensorService(  750): BOSCH BMA250 3-axis Accelerometer (handle=0x00000004, connections=1)
W/SensorService(  750): HTC Gesture sensor (handle=0x00000009, connections=1)
W/SensorService(  750): SensorService::listenerSensor++: mName = com.google.android.location.collectionlib.cf@41effc80, eanble = 1, strlen(mName) = 53
W/SensorService(  750): Active Listeners: mActiveListeners.size() = 2
W/SensorService(  750): Listener[0] = com.google.android.gms.fitness.sensors.local.b@421cd618
W/SensorService(  750): Listener[1] = com.google.android.location.collectionlib.cf@41effc80
W/SensorService(  750): void android::SensorService::listenerSensor(const char*, int32_t)--:
D/PMS     (  750): acquireWL(427a0268): PARTIAL_WAKE_LOCK  NlpCollectorWakeLock 0x1 1356 10031
D/PMS     (  750): acquireWL(42b60e18): PARTIAL_WAKE_LOCK  NlpCollectorWakeLock 0x1 1356 10031
D/PMS     (  750): acquireWL(42efde70): PARTIAL_WAKE_LOCK  NlpWakeLock 0x1 1356 10031
D/WifiService(  750): acquireWifiLockLocked: WifiLock{NlpWifiLock type=2 binder=android.os.BinderProxy@42f5b818}
D/WifiStateMachine(  750): startScan Pid: 1356 Uid 10031
D/WifiNative-wlan0(  750): doBoolean: SCAN TYPE=ONLY
W/WifiHW  (  750): QCOM Debug wifi_send_command "IFNAME=wlan0 SCAN TYPE=ONLY"
I/wpa_supplicant( 7198): wlan0: Scan req: 0 sec 0 usec
I/wpa_supplicant( 7198): wlan0: wpa_supplicant_scan enter
I/wpa_supplicant( 7198): wlan0: ap_scan=1 , scan_req =2
D/WifiNative-wlan0(  750):    returned true
I/wpa_supplicant( 7198): Scan req (ret=0) - timeout 30 secs
D/BatSI   (  750): WIFI scan started for: 470a0020 uid:10031
D/PMS     (  750): releaseWL(42d3bc18): PARTIAL_WAKE_LOCK  NlpWakeLock 0x1
D/PMS     (  750): releaseWL(42ec4970): PARTIAL_WAKE_LOCK  wake:com.google.android.gms/.config.ConfigFetchService 0x1
I/wpa_supplicant( 7198): Got ENV Dirty
I/wpa_supplicant( 7198): WiFioffload Got ENV Dirty, enabled = 0
D/Tethering(  750): interfaceLinkStateChanged wlan0, true
D/Tethering(  750): interfaceStatusChanged wlan0, true
I/wpa_supplicant( 7198): WiFioffload RSSI = -61, LINKSPEED = 52
I/wpa_supplicant( 7198): WiFioffload: wifi_to_mobile: 0, mobile_avalible: 0, mobile_link_speed: -1, mobile_signal:0, isCon:0
D/Tethering(  750): [isWifi] getHotspotEnabled: false
I/SensorManager( 1356): unregisterListenerImpl++: listener = com.google.android.location.collectionlib.cf@41effc80
W/SensorService(  750): Following SensorService logs are not warning, just make sure they are printed
W/SensorService(  750): disable: get sensor name = BOSCH BMA250 3-axis Accelerometer
W/SensorService(  750): pid=1356, uid=10031
W/SensorService(  750): Active sensors: size = 1
W/SensorService(  750): HTC Gesture sensor (handle=0x00000009, connections=1)
W/SensorService(  750): SensorService::listenerSensor++: mName = com.google.android.location.collectionlib.cf@41effc80, eanble = 0, strlen(mName) = 53
W/SensorService(  750): Active Listeners: mActiveListeners.size() = 1
W/SensorService(  750): Listener[0] = com.google.android.gms.fitness.sensors.local.b@421cd618
W/SensorService(  750): void android::SensorService::listenerSensor(const char*, int32_t)--:
D/PMS     (  750): acquireWL(43125578): PARTIAL_WAKE_LOCK  NlpWakeLock 0x1 1356 10031
D/PMS     (  750): releaseWL(42b60e18): PARTIAL_WAKE_LOCK  NlpCollectorWakeLock 0x1
D/PMS     (  750): releaseWL(43125578): PARTIAL_WAKE_LOCK  NlpWakeLock 0x1
D/PMS     (  750): acquireWL(432651b8): PARTIAL_WAKE_LOCK  NlpWakeLock 0x1 1356 10031
D/PMS     (  750): releaseWL(432651b8): PARTIAL_WAKE_LOCK  NlpWakeLock 0x1
D/PMS     (  750): releaseWL(427a0268): PARTIAL_WAKE_LOCK  NlpCollectorWakeLock 0x1
D/PMS     (  750): acquireWL(435bc180): PARTIAL_WAKE_LOCK  NlpWakeLock 0x1 1356 10031
D/PMS     (  750): releaseWL(41d4d900): PARTIAL_WAKE_LOCK  NlpCollectorWakeLock 0x1
D/PMS     (  750): acquireWL(43c96a98): PARTIAL_WAKE_LOCK  NlpWakeLock 0x1 1356 10031
D/PMS     (  750): releaseWL(43c96a98): PARTIAL_WAKE_LOCK  NlpWakeLock 0x1
D/PMS     (  750): acquireWL(43fac948): PARTIAL_WAKE_LOCK  NlpWakeLock 0x1 1356 10031
D/PMS     (  750): releaseWL(43fac948): PARTIAL_WAKE_LOCK  NlpWakeLock 0x1
D/PMS     (  750): acquireWL(440b9320): PARTIAL_WAKE_LOCK  NlpWakeLock 0x1 1356 10031
D/PMS     (  750): releaseWL(440b9320): PARTIAL_WAKE_LOCK  NlpWakeLock 0x1
D/PMS     (  750): acquireWL(42df77d0): PARTIAL_WAKE_LOCK  NlpWakeLock 0x1 1356 10031
D/PMS     (  750): acquireWL(434f22b8): PARTIAL_WAKE_LOCK  UlrDispatchingService 0x1 1356 10031
D/PMS     (  750): acquireWL(41d9b688): PARTIAL_WAKE_LOCK  Wakeful StateMachine: GeofencerStateMachine 0x1 1356 10031
D/PMS     (  750): acquireWL(42c4ba00): PARTIAL_WAKE_LOCK  NlpWakeLock 0x1 1356 10031
D/PMS     (  750): releaseWL(435bc180): PARTIAL_WAKE_LOCK  NlpWakeLock 0x1
D/PMS     (  750): releaseWL(41d9b688): PARTIAL_WAKE_LOCK  Wakeful StateMachine: GeofencerStateMachine 0x1
D/PMS     (  750): releaseWL(42df77d0): PARTIAL_WAKE_LOCK  NlpWakeLock 0x1
D/PMS     (  750): releaseWL(42c4ba00): PARTIAL_WAKE_LOCK  NlpWakeLock 0x1
D/PMS     (  750): acquireWL(4334dca0): PARTIAL_WAKE_LOCK  NotificationRefresh_wakelock 0x1 26570 10087
D/PMS     (  750): releaseWL(4334dca0): PARTIAL_WAKE_LOCK  NotificationRefresh_wakelock 0x1
D/PMS     (  750): releaseWL(434f22b8): PARTIAL_WAKE_LOCK  UlrDispatchingService 0x1
I/wpa_supplicant( 7198): Got an original EVENT_SCAN_RESULTS
I/wpa_supplicant( 7198): nl80211: Received scan results (12 BSSes)
I/wpa_supplicant( 7198): nl80211: Scan results indicate BSS status with e8:94:f6:ba:c9:94 as associated
I/wpa_supplicant( 7198): [titan] e8:94:f6:ba:c9:94 freq=2462 level=-58
I/wpa_supplicant( 7198): [VFI_LAN] 64:87:88:34:67:02 freq=2437 level=-67
I/wpa_supplicant( 7198): [VFI_GUEST] 64:87:88:34:67:00 freq=2437 level=-67
I/wpa_supplicant( 7198): [G6 Service Center] 00:18:0a:d7:2a:a0 freq=2437 level=-70
I/wpa_supplicant( 7198): [Assist] 00:1c:c5:08:8a:e0 freq=2462 level=-76
I/wpa_supplicant( 7198): [HP-Print-CC-Officejet Pro 8600] d8:9d:67:e7:b7:cc freq=2437 level=-85
I/wpa_supplicant( 7198): [TmEnergy1] 4c:60:de:2f:4e:ca freq=2412 level=-85
I/wpa_supplicant( 7198): [G6 Service Center] 00:18:0a:d6:a0:70 freq=2462 level=-85
I/wpa_supplicant( 7198): [PRIVICOR-2.4] 00:26:75:c0:4d:c6 freq=2422 level=-85
I/wpa_supplicant( 7198): [VFI_LAN] 64:87:88:34:67:03 freq=5805 level=-83
I/wpa_supplicant( 7198): [VFI_GUEST] 64:87:88:34:67:01 freq=5805 level=-84
I/wpa_supplicant( 7198): [G6 Service Center] 02:18:1a:d7:2a:a0 freq=5180 level=-87
D/Tethering(  750): interfaceLinkStateChanged wlan0, true
D/WifiStateMachine(  750): [MLHD] enter handleMediaLinkEvent SupplicantStartedState
D/WifiNative-wlan0(  750): doString: LIST_DONGLES
D/Tethering(  750): interfaceStatusChanged wlan0, true
W/WifiHW  (  750): QCOM Debug wifi_send_command "IFNAME=wlan0 LIST_DONGLES"
D/Tethering(  750): [isWifi] getHotspotEnabled: false
D/WifiNative-wlan0(  750): doString: BSS RANGE=0- MASK=0x21987
W/WifiHW  (  750): QCOM Debug wifi_send_command "IFNAME=wlan0 BSS RANGE=0- MASK=0x21987"
W/ContextImpl(  750): Calling a method in the system process without a qualified user: android.app.ContextImpl.sendBroadcast:1371 android.net.wifi.WifiStateMachine.sendDongleScanResultsAvailableBroadcast:5822 android.net.wifi.WifiStateMachine.handleMediaLinkEvent:5984 android.net.wifi.WifiStateMachine.access$5700:248 android.net.wifi.WifiStateMachine$SupplicantStartedState.processMessage:7158 
D/WifiStateMachine(  750): 0: scan result = SSID: VFI_LAN, BSSID: 64:87:88:34:67:02, capabilities: [WPA2-EAP-CCMP][ESS], level: -67, frequency: 2437, timestamp: 58601557324, distance: ?(cm), distanceSd: ?(cm)
D/WifiStateMachine(  750): 1: scan result = SSID: titan, BSSID: e8:94:f6:ba:c9:94, capabilities: [WPA-PSK-CCMP][WPA2-PSK-CCMP][WPS][ESS], level: -58, frequency: 2462, timestamp: 58601557324, distance: ?(cm), distanceSd: ?(cm)
D/WifiStateMachine(  750): 2: scan result = SSID: G6 Service Center, BSSID: 00:18:0a:d7:2a:a0, capabilities: [WPA-PSK-CCMP+TKIP][WPA2-PSK-CCMP+TKIP][ESS], level: -70, frequency: 2437, timestamp: 58601557324, distance: ?(cm), distanceSd: ?(cm)
D/WifiStateMachine(  750): 3: scan result = SSID: TmEnergy1, BSSID: 4c:60:de:2f:4e:ca, capabilities: [WPA-PSK-CCMP+TKIP][WPA2-PSK-CCMP+TKIP][WPS][ESS], level: -85, frequency: 2412, timestamp: 58601557294, distance: ?(cm), distanceSd: ?(cm)
D/WifiStateMachine(  750): 4: scan result = SSID: Assist, BSSID: 00:1c:c5:08:8a:e0, capabilities: [WPA-PSK-CCMP+TKIP][WPA2-PSK-CCMP-preauth][ESS], level: -76, frequency: 2462, timestamp: 58601557355, distance: ?(cm), distanceSd: ?(cm)
D/WifiStateMachine(  750): 5: scan result = SSID: VFI_LAN, BSSID: 64:87:88:34:67:03, capabilities: [WPA2-EAP-CCMP][ESS], level: -83, frequency: 5805, timestamp: 58601557355, distance: ?(cm), distanceSd: ?(cm)
D/WifiStateMachine(  750): 6: scan result = SSID: VFI_GUEST, BSSID: 64:87:88:34:67:01, capabilities: [WPA2-PSK-CCMP][ESS], level: -84, frequency: 5805, timestamp: 58601557355, distance: ?(cm), distanceSd: ?(cm)
D/WifiStateMachine(  750): [ScoreAP] + roamToTopScoreAP: titan[e8:94:f6:ba:c9:94], -58, 214
D/WifiStateMachine(  750): 7: scan result = SSID: G6 Service Center, BSSID: 00:18:0a:d6:a0:70, capabilities: [WPA-PSK-CCMP+TKIP][WPA2-PSK-CCMP+TKIP][ESS], level: -85, frequency: 2462, timestamp: 58601557355, distance: ?(cm), distanceSd: ?(cm)
D/WifiStateMachine(  750): 8: scan result = SSID: G6 Service Center, BSSID: 02:18:1a:d7:2a:a0, capabilities: [WPA-PSK-CCMP+TKIP][WPA2-PSK-CCMP+TKIP][ESS], level: -87, frequency: 5180, timestamp: 58601557355, distance: ?(cm), distanceSd: ?(cm)
D/WifiStateMachine(  750): 9: scan result = SSID: VFI_GUEST, BSSID: 64:87:88:34:67:00, capabilities: [WPA2-PSK-CCMP][ESS], level: -67, frequency: 2437, timestamp: 58601557324, distance: ?(cm), distanceSd: ?(cm)
D/WifiStateMachine(  750): 10: scan result = SSID: HP-Print-CC-Officejet Pro 8600, BSSID: d8:9d:67:e7:b7:cc, capabilities: [WPA2-PSK-CCMP][ESS], level: -85, frequency: 2437, timestamp: 58601557324, distance: ?(cm), distanceSd: ?(cm)
D/WifiStateMachine(  750): 11: scan result = SSID: PRIVICOR-2.4, BSSID: 00:26:75:c0:4d:c6, capabilities: [WPA-PSK-CCMP+TKIP][WPA2-PSK-CCMP+TKIP][ESS], level: -85, frequency: 2422, timestamp: 58601557324, distance: ?(cm), distanceSd: ?(cm)
D/WifiStateMachine(  750): add 12 to mScanResults
D/WirelessDisplayService(  750): getDiscoveryDongleList
V/ScoreHelper(  750): Only print Top 10 in ApScanList
V/ScoreHelper(  750):  + ScoreResult:  84, AP:                            titan [e8:94:f6:ba:c9:94], Rssi: 15 [-58], Tx: 13, Freq:  6 [2462], Disconn: 50, Last Used:  0
V/ScoreHelper(  750):  + ScoreResult:  80, AP:                          VFI_LAN [64:87:88:34:67:02], Rssi: 13 [-67], Tx: 13, Freq:  4 [2437], Disconn: 50, Last Used:  0
V/ScoreHelper(  750):  + ScoreResult:  80, AP:                        VFI_GUEST [64:87:88:34:67:00], Rssi: 13 [-67], Tx: 13, Freq:  4 [2437], Disconn: 50, Last Used:  0
V/ScoreHelper(  750):  + ScoreResult:  79, AP:                G6 Service Center [00:18:0a:d7:2a:a0], Rssi: 12 [-70], Tx: 13, Freq:  4 [2437], Disconn: 50, Last Used:  0
V/ScoreHelper(  750):  + ScoreResult:  77, AP:                           Assist [00:1c:c5:08:8a:e0], Rssi:  8 [-76], Tx: 13, Freq:  6 [2462], Disconn: 50, Last Used:  0
V/ScoreHelper(  750):  + ScoreResult:  76, AP:                        TmEnergy1 [4c:60:de:2f:4e:ca], Rssi:  4 [-85], Tx: 13, Freq:  9 [2412], Disconn: 50, Last Used:  0
V/ScoreHelper(  750):  + ScoreResult:  76, AP:                     PRIVICOR-2.4 [00:26:75:c0:4d:c6], Rssi:  4 [-85], Tx: 13, Freq:  9 [2422], Disconn: 50, Last Used:  0
V/ScoreHelper(  750):  + ScoreResult:  73, AP:                G6 Service Center [02:18:1a:d7:2a:a0], Rssi:  0 [-87], Tx: 13, Freq: 10 [5180], Disconn: 50, Last Used:  0
V/ScoreHelper(  750):  + ScoreResult:  73, AP:                G6 Service Center [00:18:0a:d6:a0:70], Rssi:  4 [-85], Tx: 13, Freq:  6 [2462], Disconn: 50, Last Used:  0
V/ScoreHelper(  750):  + ScoreResult:  71, AP:                          VFI_LAN [64:87:88:34:67:03], Rssi:  0 [-83], Tx: 13, Freq:  8 [5805], Disconn: 50, Last Used:  0
D/WifiStateMachine(  750): fetchCapability(), capabilities = [WPA-PSK-CCMP][WPA2-PSK-CCMP][WPS][ESS]
D/WifiStateMachine(  750): fetchCapability(), capabilities = [WPA-PSK-CCMP][WPA2-PSK-CCMP][WPS][ESS]
V/ScoreHelper(  750):  + computeScore(titan): 1
D/WifiStateMachine(  750): [ScoreAP] + No alternative AP to roam except current AP [1], titan
D/WifiStateMachine(  750): == begin of scan result ==
D/WifiStateMachine(  750): == (12) end of scan result ==
D/WifiManager(23799): getScanResults enter 
D/WirelessDisplayService(  750): getDiscoveryDongleList
D/WifiStateMachine(  750): == begin of scan result ==
D/WifiStateMachine(  750): == (12) end of scan result ==
D/WifiManager( 1356): getScanResults enter 
D/WifiManager( 1356): getScanResults enter 
D/WifiStateMachine(  750): == begin of scan result ==
D/WifiStateMachine(  750): == (12) end of scan result ==
D/WifiStateMachine(  750): == begin of scan result ==
D/WifiStateMachine(  750): == (12) end of scan result ==
D/BatSI   (  750): WIFI scan stopped for: 460a0020 uid:10209
D/WifiManager(30540): getScanResults enter 
D/WifiStateMachine(  750): == begin of scan result ==
D/WifiStateMachine(  750): == (12) end of scan result ==
D/WifiService(  750): New client listening to asynchronous messages
D/LocationManagerService(  750): incoming location from: network
D/PMS     (  750): acquireWL(43ec7288): PARTIAL_WAKE_LOCK  NlpWakeLock 0x1 1356 10031
D/PMS     (  750): releaseWL(43ec7288): PARTIAL_WAKE_LOCK  NlpWakeLock 0x1
D/PMS     (  750): acquireWL(440726f8): PARTIAL_WAKE_LOCK  NlpWakeLock 0x1 1356 10031
D/LocationManagerService(  750): incoming location from: network
D/LocationManagerService(  750):  Report location to Reciever:  PackageName= android
D/PMS     (  750): releaseWL(440726f8): PARTIAL_WAKE_LOCK  NlpWakeLock 0x1
D/PMS     (  750): acquireWL(43228d08): PARTIAL_WAKE_LOCK  GCoreFlp 0x1 1356 10031
D/PMS     (  750): acquireWL(42f9cac8): PARTIAL_WAKE_LOCK  LocationManagerService 0x1 750 1000
D/PMS     (  750): acquireWL(43138ca8): PARTIAL_WAKE_LOCK  NlpWakeLock 0x1 1356 10031
D/PMS     (  750): acquireWL(431b82c0): PARTIAL_WAKE_LOCK  GCoreFlp 0x1 1356 10031
D/PMS     (  750): releaseWL(43138ca8): PARTIAL_WAKE_LOCK  NlpWakeLock 0x1
D/PMS     (  750): acquireWL(43a0e760): PARTIAL_WAKE_LOCK  Wakeful StateMachine: GeofencerStateMachine 0x1 1356 10031
D/LocationManagerService(  750):  Report location to Reciever:  PackageName= android
D/PMS     (  750): releaseWL(431b82c0): PARTIAL_WAKE_LOCK  GCoreFlp 0x1
D/PMS     (  750): acquireWL(430f8fc0): PARTIAL_WAKE_LOCK  GCoreFlp 0x1 1356 10031
D/PMS     (  750): releaseWL(43a0e760): PARTIAL_WAKE_LOCK  Wakeful StateMachine: GeofencerStateMachine 0x1
D/PMS     (  750): releaseWL(430f8fc0): PARTIAL_WAKE_LOCK  GCoreFlp 0x1
D/LocationManagerService(  750):  Report location to Reciever:  PackageName= com.google.android.gms
D/WifiService(  750): releaseWifiLockLocked: WifiLock{NlpWifiLock type=2 binder=android.os.BinderProxy@42f5b818}
D/PMS     (  750): acquireWL(43dd00d0): PARTIAL_WAKE_LOCK  UlrDispatchingService 0x1 1356 10031
D/PMS     (  750): acquireWL(41cad2f0): PARTIAL_WAKE_LOCK  GCoreFlp 0x1 1356 10031
D/PMS     (  750): releaseWL(42efde70): PARTIAL_WAKE_LOCK  NlpWakeLock 0x1
D/PMS     (  750): acquireWL(435151e0): PARTIAL_WAKE_LOCK  LocationManagerService 0x1 750 1000
D/PMS     (  750): acquireWL(41cd1be8): PARTIAL_WAKE_LOCK  LocationManagerService 0x1 750 1000
D/LocationManagerService(  750):  Report location to Reciever:  PackageName= com.groupon
D/LocationManagerService(  750):  Report location to Reciever:  PackageName= com.google.android.gms
D/PMS     (  750): releaseWL(43228d08): PARTIAL_WAKE_LOCK  GCoreFlp 0x1
D/PMS     (  750): acquireWL(430b0250): PARTIAL_WAKE_LOCK  wake:com.joelapenna.foursquared/com.foursquare.radar.services.RadarLocationClientFireService 0x1 30540 10209
D/PMS     (  750): acquireWL(434c3c38): PARTIAL_WAKE_LOCK  LocationManagerService 0x1 750 1000
D/PMS     (  750): releaseWL(41cad2f0): PARTIAL_WAKE_LOCK  GCoreFlp 0x1
D/LocationManagerService(  750):  Report location to Reciever:  PackageName= com.htc.sense.hsp
D/PMS     (  750): acquireWL(440afea0): PARTIAL_WAKE_LOCK  LocationManagerService 0x1 750 1000
I/ActivityManager(  750): Start proc com.htc.sense.hsp for service com.htc.sense.hsp/.weather.location.AutoSettingService: pid=31046 uid=10052 gids={50052, 1023, 3003, 5012}
D/PMS     (  750): acquireWL(4407ab30): PARTIAL_WAKE_LOCK  LocationManagerService 0x1 750 1000
D/PMS     (  750): releaseWL(42f9cac8): PARTIAL_WAKE_LOCK  LocationManagerService 0x1
D/QMI_FW  (  750): QCCI: QMI_CCI_TX: cntl_flag - 00, txn_id - 0733, msg_id - 0039, msg_len - 0021
D/QMI_FW  (  750): QCCI: QMUXD: xport_send[1 -> 16]: 40 bytes on conn_id=9
D/PMS     (  750): releaseWL(41cd1be8): PARTIAL_WAKE_LOCK  LocationManagerService 0x1
D/PMS     (  750): releaseWL(440afea0): PARTIAL_WAKE_LOCK  LocationManagerService 0x1
D/PMS     (  750): releaseWL(435151e0): PARTIAL_WAKE_LOCK  LocationManagerService 0x1
D/PMS     (  750): releaseWL(4407ab30): PARTIAL_WAKE_LOCK  LocationManagerService 0x1
D/PMS     (  750): releaseWL(434c3c38): PARTIAL_WAKE_LOCK  LocationManagerService 0x1
D/QMI_FW  (  750): QCCI: QMUXD: xport_rx[1 <- 16]: 14 bytes on conn_id: 9
D/QMI_FW  (  750): QCCI: QMI_CCI_RX: cntl_flag - 02, txn_id - 0733, msg_id - 0039, msg_len - 0007
D/GpsLocationProvider(  750): [reportHTCStatus] eventMask = 2 , status = 0
D/GpsLocationProvider(  750): [reportHTCStatus] INJECT_LOCATION
D/QMI_FW  (  750): QCCI: QMUXD: xport_rx[1 <- 16]: 14 bytes on conn_id: 9
D/QMI_FW  (  750): QCCI: QMI_CCI_RX: cntl_flag - 04, txn_id - 0000, msg_id - 0039, msg_len - 0007
D/WifiNative-wlan0(  750): doString: SIGNAL_POLL
W/WifiHW  (  750): QCOM Debug wifi_send_command "IFNAME=wlan0 SIGNAL_POLL"
D/PMS     (  750): releaseWL(430b0250): PARTIAL_WAKE_LOCK  wake:com.joelapenna.foursquared/com.foursquare.radar.services.RadarLocationClientFireService 0x1
D/WifiStateMachine(  750): SupplicantStartedState - CMD_GET_CONFIGURED_NETWORKS
D/WifiStateMachine(  750): syncGetConfiguredNetworks
D/PluginProvider(31046): PluginProvider onCreate
D/PluginProvider(31046): current plugin count: 22
D/AutoSetting(31046): service - onCreate()
D/WifiStateMachine(  750): SupplicantStartedState - CMD_GET_CONFIGURED_NETWORKS
D/WifiStateMachine(  750): syncGetConfiguredNetworks
D/AutoSetting(31046): service - onStartCommand() action: com.htc.app.autosetting.location
D/LocationManagerService(  750): request 431460e8 passive Request[POWER_NONE passive fastest=+5s0ms] from com.htc.sense.hsp(10052)
D/AutoSetting(31046): service - handleMessage() within range
D/LocationManagerService(  750): provider request: passive ProviderRequest[ON interval=0]
I/GCoreUlr( 1356): Successfully inserted location
I/GCoreUlr( 1356): Starting service, intent=Intent { act=com.google.android.location.reporting.UPLOAD cmp=com.google.android.gms/com.google.android.location.reporting.service.DispatchingService }, extras=null
D/PMS     (  750): releaseWL(43dd00d0): PARTIAL_WAKE_LOCK  UlrDispatchingService 0x1
D/PMS     (  750): acquireWL(430f2e48): PARTIAL_WAKE_LOCK  UlrDispatchingService 0x1 1356 10031
W/GmsApplication( 1356): Using Auth Proxy for data requests.
D/libc    ( 1356): [NET] getaddrinfo+,hn 18(0x7777772e676f6f),sn(),family 0,flags 4
D/libc    ( 1356): [NET] getaddrinfo-,err=8
D/libc    ( 1356): [NET] getaddrinfo+,hn 18(0x7777772e676f6f),sn(),family 0,flags 1024
D/libc    ( 1356): [NET] getaddrinfo-, 1
D/libc    ( 1356): [NET] getaddrinfo_proxy+
D/libc    (  263): [NET] getaddrinfo+,hn 18(0x7777772e676f6f),sn(),family 0,flags 1024
